Copyright 1986-2015 Xilinx, Inc. All Rights Reserved.
--------------------------------------------------------------------------------------------
| Tool Version : Vivado v.2015.4 (win64) Build 1412921 Wed Nov 18 09:43:45 MST 2015
| Date         : Tue Feb 09 00:42:06 2016
| Host         : DESKTOP-SG5D71V running 64-bit major release  (build 9200)
| Command      : report_control_sets -verbose -file pyrconstuct_top_control_sets_placed.rpt
| Design       : pyrconstuct_top
| Device       : xc7z020
--------------------------------------------------------------------------------------------

Control Set Information

Table of Contents
-----------------
1. Summary
2. Flip-Flop Distribution
3. Detailed Control Set Information

1. Summary
----------

+-------------------------------------------------------------------+-------+
|                               Status                              | Count |
+-------------------------------------------------------------------+-------+
| Number of unique control sets                                     |   119 |
| Minimum Number of register sites lost to control set restrictions |   501 |
+-------------------------------------------------------------------+-------+


2. Flip-Flop Distribution
-------------------------

+--------------+-----------------------+------------------------+-----------------+--------------+
| Clock Enable | Synchronous Set/Reset | Asynchronous Set/Reset | Total Registers | Total Slices |
+--------------+-----------------------+------------------------+-----------------+--------------+
| No           | No                    | No                     |             209 |           77 |
| No           | No                    | Yes                    |               0 |            0 |
| No           | Yes                   | No                     |             190 |           83 |
| Yes          | No                    | No                     |            7360 |         1634 |
| Yes          | No                    | Yes                    |               0 |            0 |
| Yes          | Yes                   | No                     |            1132 |          378 |
+--------------+-----------------------+------------------------+-----------------+--------------+


3. Detailed Control Set Information
-----------------------------------

+--------------+---------------------------------------------------------------------------------------------------------------------------------------------------------------+----------------------------------------------------------------------------------------------------------------------------------------------------------+------------------+----------------+
| Clock Signal |                                                                         Enable Signal                                                                         |                                                                     Set/Reset Signal                                                                     | Slice Load Count | Bel Load Count |
+--------------+---------------------------------------------------------------------------------------------------------------------------------------------------------------+----------------------------------------------------------------------------------------------------------------------------------------------------------+------------------+----------------+
|  ap_clk      |                                                                                                                                                               | fft_config2_U0/inst/U0/i_synth/xfft_inst/non_floating_point.arch_d.xfft_inst/FLOW/reset_sustain.resets_4_pes[0].delay_reset_pe/reset_sustained_raw[0]    |                1 |              1 |
|  ap_clk      |                                                                                                                                                               | fft_config1_U0/inst/U0/i_synth/xfft_inst/non_floating_point.arch_d.xfft_inst/FLOW/reset_sustain.resets_4_pes[2].delay_reset_pe/reset_sustained_raw[0]    |                1 |              1 |
|  ap_clk      |                                                                                                                                                               | fft_config1_U0/inst/U0/i_synth/xfft_inst/non_floating_point.arch_d.xfft_inst/FLOW/reset_sustain.resets_4_pes[3].delay_reset_pe/reset_sustained_raw[0]    |                1 |              1 |
|  ap_clk      |                                                                                                                                                               | fft_config1_U0/inst/U0/i_synth/xfft_inst/non_floating_point.arch_d.xfft_inst/FLOW/reset_sustain.resets_4_pes[1].delay_reset_pe/reset_sustained_raw[0]    |                1 |              1 |
|  ap_clk      |                                                                                                                                                               | fft_config1_U0/inst/U0/i_synth/xfft_inst/non_floating_point.arch_d.xfft_inst/FLOW/reset_sustain.delay_reset_3/need_sclr_lut.real_shift_ram.FF_gen[0].reg |                1 |              1 |
|  ap_clk      |                                                                                                                                                               | fft_config1_U0/inst/U0/i_synth/xfft_inst/non_floating_point.arch_d.xfft_inst/FLOW/reset_sustain.resets_4_pes[0].delay_reset_pe/reset_sustained_raw[0]    |                1 |              1 |
|  ap_clk      |                                                                                                                                                               | fft_config1_U0/inst/U0/i_synth/xfft_inst/non_floating_point.arch_d.xfft_inst/FLOW/reset_sustain.resets_4_pes[4].delay_reset_pe/reset_sustained_raw[0]    |                1 |              1 |
|  ap_clk      | fft_config1_U0/inst/U0/i_synth/axi_wrapper/config_channel_fifo/gen_non_real_time.data_in_fifo_pt1/wr_enable                                                   |                                                                                                                                                          |                1 |              1 |
|  ap_clk      |                                                                                                                                                               | fft_config2_U0/inst/U0/i_synth/xfft_inst/non_floating_point.arch_d.xfft_inst/FLOW/reset_sustain.delay_reset_3/need_sclr_lut.real_shift_ram.FF_gen[0].reg |                1 |              1 |
|  ap_clk      |                                                                                                                                                               | fft_config2_U0/inst/U0/i_synth/xfft_inst/non_floating_point.arch_d.xfft_inst/FLOW/reset_sustain.resets_4_pes[3].delay_reset_pe/reset_sustained_raw[0]    |                1 |              1 |
|  ap_clk      |                                                                                                                                                               | fft_config2_U0/inst/U0/i_synth/xfft_inst/non_floating_point.arch_d.xfft_inst/FLOW/reset_sustain.resets_4_pes[2].delay_reset_pe/reset_sustained_raw[0]    |                1 |              1 |
|  ap_clk      |                                                                                                                                                               | fft_config2_U0/inst/U0/i_synth/xfft_inst/non_floating_point.arch_d.xfft_inst/FLOW/reset_sustain.resets_4_pes[1].delay_reset_pe/reset_sustained_raw[0]    |                1 |              1 |
|  ap_clk      |                                                                                                                                                               | fft_config2_U0/inst/U0/i_synth/xfft_inst/non_floating_point.arch_d.xfft_inst/FLOW/reset_sustain.resets_4_pes[4].delay_reset_pe/reset_sustained_raw[0]    |                1 |              1 |
|  ap_clk      |                                                                                                                                                               | fft_config2_U0/inst/U0/i_synth/xfft_inst/non_floating_point.arch_d.xfft_inst/FLOW/reset_sustain.delay_reset_7/need_sclr_lut.real_shift_ram.FF_gen[0].reg |                2 |              2 |
|  ap_clk      |                                                                                                                                                               | fft_config1_U0/inst/U0/i_synth/xfft_inst/non_floating_point.arch_d.xfft_inst/FLOW/reset_sustain.delay_reset_7/need_sclr_lut.real_shift_ram.FF_gen[0].reg |                2 |              2 |
|  ap_clk      | fft_config1_U0/inst/U0/i_synth/axi_wrapper/count_ce_1                                                                                                         | fft_config1_U0/inst/U0/i_synth/axi_wrapper/sclr_w2c                                                                                                      |                2 |              3 |
|  ap_clk      | pyrconstuct_top_Loop_3_proc_U0/ap_NS_fsm5                                                                                                                     | imgOutTmpFFTStream_channel_U/ap_rst_n_inv                                                                                                                |                2 |              4 |
|  ap_clk      |                                                                                                                                                               | fft_config1_U0/inst/U0/i_synth/axi_wrapper/sclr_w2c                                                                                                      |                2 |              4 |
|  ap_clk      | fft_config2_U0/inst/U0/i_synth/axi_wrapper/ce_w2c                                                                                                             | fft_config2_U0/inst/U0/i_synth/xfft_inst/non_floating_point.arch_d.xfft_inst/reset_delays[0].first.reset_del_reg_n_2_[0]                                 |                3 |              4 |
|  ap_clk      | fft_config2_U0/inst/U0/i_synth/axi_wrapper/E[0]                                                                                                               |                                                                                                                                                          |                2 |              4 |
|  ap_clk      | fft_config1_U0/inst/U0/i_synth/axi_wrapper/ce_w2c                                                                                                             | fft_config1_U0/inst/U0/i_synth/xfft_inst/non_floating_point.arch_d.xfft_inst/reset_delays[0].first.reset_del_reg_n_2_[0]                                 |                4 |              4 |
|  ap_clk      | fft_config1_U0/inst/U0/i_synth/axi_wrapper/ce_w2c                                                                                                             | fft_config1_U0/inst/U0/i_synth/xfft_inst/non_floating_point.arch_d.xfft_inst/reset_delays[1].other.reset_del_reg_n_2_[1]                                 |                4 |              4 |
|  ap_clk      | pyrconstuct_top_Loop_3_proc_U0/l_0_i_reg_1200                                                                                                                 | pyrconstuct_top_Loop_3_proc_U0/ap_reg_ppiten_pp0_it00                                                                                                    |                1 |              4 |
|  ap_clk      | fft_config1_U0/inst/U0/i_synth/axi_wrapper/ce_w2c                                                                                                             | fft_config1_U0/inst/U0/i_synth/xfft_inst/non_floating_point.arch_d.xfft_inst/reset_delays[2].other.reset_del_reg_n_2_[2]                                 |                4 |              4 |
|  ap_clk      | fft_config1_U0/inst/U0/i_synth/axi_wrapper/ce_w2c                                                                                                             | fft_config1_U0/inst/U0/i_synth/xfft_inst/non_floating_point.arch_d.xfft_inst/reset_delays[3].other.reset_del_reg_n_2_[3]                                 |                4 |              4 |
|  ap_clk      | fft_config2_U0/inst/U0/i_synth/axi_wrapper/count_ce_4                                                                                                         | fft_config2_U0/inst/U0/i_synth/axi_wrapper/E[0]                                                                                                          |                1 |              4 |
|  ap_clk      | fft_config2_U0/inst/U0/i_synth/axi_wrapper/count_ce                                                                                                           | fft_config2_U0/inst/U0/i_synth/axi_wrapper/E[0]                                                                                                          |                2 |              4 |
|  ap_clk      | fft_config1_U0/inst/U0/i_synth/axi_wrapper/count_ce_0                                                                                                         | fft_config1_U0/inst/U0/i_synth/axi_wrapper/sclr_w2c                                                                                                      |                2 |              4 |
|  ap_clk      | fft_config1_U0/inst/U0/i_synth/axi_wrapper/count_ce                                                                                                           | fft_config1_U0/inst/U0/i_synth/axi_wrapper/sclr_w2c                                                                                                      |                2 |              4 |
|  ap_clk      | fft_config2_U0/inst/U0/i_synth/axi_wrapper/ce_w2c                                                                                                             | fft_config2_U0/inst/U0/i_synth/xfft_inst/non_floating_point.arch_d.xfft_inst/reset_delays[1].other.reset_del_reg_n_2_[1]                                 |                3 |              5 |
|  ap_clk      | fft_config2_U0/inst/U0/i_synth/axi_wrapper/data_in_channel_fifo/current_nfft_reg[0][0]                                                                        | fft_config2_U0/inst/U0/i_synth/axi_wrapper/reset_pipe[1]                                                                                                 |                1 |              5 |
|  ap_clk      | fft_config2_U0/inst/U0/i_synth/axi_wrapper/count_ce_5                                                                                                         | fft_config2_U0/inst/U0/i_synth/axi_wrapper/E[0]                                                                                                          |                2 |              5 |
|  ap_clk      | fft_config2_U0/inst/U0/i_synth/axi_wrapper/ce_w2c                                                                                                             | fft_config2_U0/inst/U0/i_synth/xfft_inst/non_floating_point.arch_d.xfft_inst/reset_delays[3].other.reset_del_reg_n_2_[3]                                 |                4 |              5 |
|  ap_clk      | fft_config2_U0/inst/U0/i_synth/axi_wrapper/ce_w2c                                                                                                             | fft_config2_U0/inst/U0/i_synth/xfft_inst/non_floating_point.arch_d.xfft_inst/reset_delays[2].other.reset_del_reg_n_2_[2]                                 |                4 |              5 |
|  ap_clk      | fft_config2_U0/inst/U0/i_synth/axi_wrapper/config_channel_fifo/gen_non_real_time.data_in_fifo_pt1/wr_enable                                                   |                                                                                                                                                          |                1 |              6 |
|  ap_clk      | fft_config1_U0/inst/U0/i_synth/axi_wrapper/count_ce_5                                                                                                         | fft_config1_U0/inst/U0/i_synth/axi_wrapper/sclr_w2c                                                                                                      |                3 |              6 |
|  ap_clk      | fft_config1_U0/inst/U0/i_synth/axi_wrapper/count_ce_4                                                                                                         | fft_config1_U0/inst/U0/i_synth/axi_wrapper/sclr_w2c                                                                                                      |                3 |              6 |
|  ap_clk      | fft_config2_U0/inst/U0/i_synth/axi_wrapper/p_5_out                                                                                                            | fft_config2_U0/inst/U0/i_synth/axi_wrapper/reset_pipe[1]                                                                                                 |                1 |              6 |
|  ap_clk      | fft_config2_U0/inst/U0/i_synth/axi_wrapper/count_ce_9                                                                                                         | fft_config2_U0/inst/U0/i_synth/axi_wrapper/E[0]                                                                                                          |                3 |              6 |
|  ap_clk      | fft_config2_U0/inst/U0/i_synth/axi_wrapper/count_ce_8                                                                                                         | fft_config2_U0/inst/U0/i_synth/axi_wrapper/E[0]                                                                                                          |                3 |              6 |
|  ap_clk      | fft_config1_U0/inst/U0/i_synth/axi_wrapper/count_ce_2                                                                                                         | fft_config1_U0/inst/U0/i_synth/axi_wrapper/sclr_w2c                                                                                                      |                3 |              6 |
|  ap_clk      | fft_config2_U0/inst/U0/i_synth/axi_wrapper/count_ce_6                                                                                                         | fft_config2_U0/inst/U0/i_synth/axi_wrapper/E[0]                                                                                                          |                3 |              6 |
|  ap_clk      | pyrconstuct_top_Loop_3_proc_U0/limits_U/pyrconstuct_top_Loop_3_proc_limits_rom_U/E[0]                                                                         |                                                                                                                                                          |                3 |              6 |
|  ap_clk      | fft_config1_U0/inst/U0/i_synth/axi_wrapper/count_ce_3                                                                                                         | fft_config1_U0/inst/U0/i_synth/axi_wrapper/sclr_w2c                                                                                                      |                3 |              7 |
|  ap_clk      | fft_config1_U0/inst/U0/i_synth/axi_wrapper/ce_w2c                                                                                                             | fft_config1_U0/inst/U0/i_synth/axi_wrapper/reset_pipe[1]                                                                                                 |                3 |              7 |
|  ap_clk      | fft_config2_U0/inst/U0/i_synth/axi_wrapper/count_ce_7                                                                                                         | fft_config2_U0/inst/U0/i_synth/axi_wrapper/E[0]                                                                                                          |                3 |              7 |
|  ap_clk      |                                                                                                                                                               | fft_config2_U0/inst/U0/i_synth/xfft_inst/non_floating_point.arch_d.xfft_inst/FLOW/reset_sustain.delay_reset_3/reset_3_raw1                               |                3 |              9 |
|  ap_clk      | fft_config1_U0/inst/U0/i_synth/axi_wrapper/symbols_out_remaining[8]_i_1_n_2                                                                                   | fft_config1_U0/inst/U0/i_synth/axi_wrapper/reset_pipe[1]                                                                                                 |                4 |              9 |
|  ap_clk      | fft_config2_U0/inst/U0/i_synth/axi_wrapper/symbols_out_remaining                                                                                              | fft_config2_U0/inst/U0/i_synth/axi_wrapper/reset_pipe[1]                                                                                                 |                4 |              9 |
|  ap_clk      | imgOutTmpFFTStream_channel_U/usedw[8]_i_1_n_2                                                                                                                 | imgOutTmpFFTStream_channel_U/ap_rst_n_inv                                                                                                                |                3 |              9 |
|  ap_clk      | imgInTmp_channel_U/usedw[8]_i_1__0_n_2                                                                                                                        | imgOutTmpFFTStream_channel_U/ap_rst_n_inv                                                                                                                |                3 |              9 |
|  ap_clk      | imgInTmp2_channel_U/usedw[8]_i_1__1_n_2                                                                                                                       | imgOutTmpFFTStream_channel_U/ap_rst_n_inv                                                                                                                |                3 |              9 |
|  ap_clk      | ifftPyrOut_channel_U/usedw[8]_i_1__2_n_2                                                                                                                      | imgOutTmpFFTStream_channel_U/ap_rst_n_inv                                                                                                                |                3 |              9 |
|  ap_clk      | pyrconstuct_top_Loop_3_proc_U0/idx_2_reg_3430                                                                                                                 |                                                                                                                                                          |                2 |              9 |
|  ap_clk      | fftPyrOut_M_imag_V_U/pop                                                                                                                                      | imgOutTmpFFTStream_channel_U/ap_rst_n_inv                                                                                                                |                5 |              9 |
|  ap_clk      | pyrconstuct_top_Loop_5_proc_U0/i7_reg_73[9]_i_2_n_2                                                                                                           | pyrconstuct_top_Loop_5_proc_U0/i7_reg_73                                                                                                                 |                4 |             10 |
|  ap_clk      | pyrconstuct_top_Loop_1_proc_U0/imgIn_TREADY                                                                                                                   | pyrconstuct_top_Loop_1_proc_U0/i_reg_46                                                                                                                  |                3 |             10 |
|  ap_clk      | pyrconstuct_top_Loop_2_proc_U0/i_0_i_reg_64_reg[9]_0[0]                                                                                                       | pyrconstuct_top_Loop_2_proc_U0/i_0_i_reg_64                                                                                                              |                3 |             10 |
|  ap_clk      | pyrconstuct_top_Loop_4_proc_U0/i6_reg_67[9]_i_2_n_2                                                                                                           | pyrconstuct_top_Loop_4_proc_U0/i6_reg_67                                                                                                                 |                3 |             10 |
|  ap_clk      | fft_config1_U0/inst/U0/i_synth/xfft_inst/non_floating_point.arch_d.xfft_inst/FLOW/i_tc_reg                                                                    | fft_config1_U0/inst/U0/i_synth/axi_wrapper/sclr_w2c                                                                                                      |                4 |             11 |
|  ap_clk      | fft_config2_U0/inst/U0/i_synth/axi_wrapper/load_cnt_ce                                                                                                        | fft_config2_U0/inst/U0/i_synth/axi_wrapper/E[0]                                                                                                          |                4 |             11 |
|  ap_clk      | fft_config2_U0/inst/U0/i_synth/axi_wrapper/cnt_ce_14                                                                                                          | fft_config2_U0/inst/U0/i_synth/xfft_inst/non_floating_point.arch_d.xfft_inst/reset_delays[2].other.reset_del_reg_n_2_[2]                                 |                5 |             11 |
|  ap_clk      | fft_config1_U0/inst/U0/i_synth/xfft_inst/non_floating_point.arch_d.xfft_inst/DOUT_CNT_CTRL_0/cnt/cnt_ce                                                       | fft_config1_U0/inst/U0/i_synth/axi_wrapper/sclr_w2c                                                                                                      |                4 |             11 |
|  ap_clk      | fft_config1_U0/inst/U0/i_synth/xfft_inst/non_floating_point.arch_d.xfft_inst/pe_gen[3].natural_order_input.PE/has_addr_gen.tw_addr_gen/cnt/cnt_ce             | fft_config1_U0/inst/U0/i_synth/xfft_inst/non_floating_point.arch_d.xfft_inst/reset_delays[3].other.reset_del_reg_n_2_[3]                                 |                5 |             11 |
|  ap_clk      | fft_config1_U0/inst/U0/i_synth/xfft_inst/non_floating_point.arch_d.xfft_inst/pe_gen[1].natural_order_input.PE/has_addr_gen.tw_addr_gen/cnt/cnt_ce             | fft_config1_U0/inst/U0/i_synth/xfft_inst/non_floating_point.arch_d.xfft_inst/reset_delays[1].other.reset_del_reg_n_2_[1]                                 |                4 |             11 |
|  ap_clk      | fft_config1_U0/inst/U0/i_synth/xfft_inst/non_floating_point.arch_d.xfft_inst/pe_gen[1].natural_order_input.PE/has_addr_gen.bf2_addr_gen/cnt/cnt_ce            | fft_config1_U0/inst/U0/i_synth/xfft_inst/non_floating_point.arch_d.xfft_inst/reset_delays[1].other.reset_del_reg_n_2_[1]                                 |                4 |             11 |
|  ap_clk      | fft_config2_U0/inst/U0/i_synth/axi_wrapper/cnt_ce_3                                                                                                           | fft_config2_U0/inst/U0/i_synth/axi_wrapper/E[0]                                                                                                          |                4 |             11 |
|  ap_clk      | fft_config2_U0/inst/U0/i_synth/axi_wrapper/cnt_ce_15                                                                                                          | fft_config2_U0/inst/U0/i_synth/xfft_inst/non_floating_point.arch_d.xfft_inst/reset_delays[2].other.reset_del_reg_n_2_[2]                                 |                4 |             11 |
|  ap_clk      | fft_config2_U0/inst/U0/i_synth/axi_wrapper/cnt_ce_16                                                                                                          | fft_config2_U0/inst/U0/i_synth/xfft_inst/non_floating_point.arch_d.xfft_inst/reset_delays[3].other.reset_del_reg_n_2_[3]                                 |                4 |             11 |
|  ap_clk      | fft_config1_U0/inst/U0/i_synth/xfft_inst/non_floating_point.arch_d.xfft_inst/pe_gen[0].natural_order_input.PE/has_addr_gen.tw_addr_gen/cnt/cnt_ce             | fft_config1_U0/inst/U0/i_synth/xfft_inst/non_floating_point.arch_d.xfft_inst/reset_delays[0].first.reset_del_reg_n_2_[0]                                 |                4 |             11 |
|  ap_clk      | fft_config1_U0/inst/U0/i_synth/xfft_inst/non_floating_point.arch_d.xfft_inst/pe_gen[2].natural_order_input.PE/has_addr_gen.tw_addr_gen/cnt/cnt_ce             | fft_config1_U0/inst/U0/i_synth/xfft_inst/non_floating_point.arch_d.xfft_inst/reset_delays[2].other.reset_del_reg_n_2_[2]                                 |                4 |             11 |
|  ap_clk      | pyrconstuct_top_Loop_3_proc_U0/coefIdx_0_i_reg_1440                                                                                                           | pyrconstuct_top_Loop_3_proc_U0/ap_reg_ppiten_pp0_it00                                                                                                    |                5 |             11 |
|  ap_clk      | fft_config1_U0/inst/U0/i_synth/xfft_inst/non_floating_point.arch_d.xfft_inst/has_bit_reverse.no_cyclic_prefix_xk_counter.DOUT_CNT_CTRL_1/cnt/cnt_ce           | fft_config1_U0/inst/U0/i_synth/axi_wrapper/sclr_w2c                                                                                                      |                4 |             11 |
|  ap_clk      | fft_config2_U0/inst/U0/i_synth/axi_wrapper/cnt_ce_17                                                                                                          | fft_config2_U0/inst/U0/i_synth/xfft_inst/non_floating_point.arch_d.xfft_inst/reset_delays[3].other.reset_del_reg_n_2_[3]                                 |                4 |             11 |
|  ap_clk      | fftPyrOut_M_real_V_U/usedw[10]_i_1_n_2                                                                                                                        | imgOutTmpFFTStream_channel_U/ap_rst_n_inv                                                                                                                |                4 |             11 |
|  ap_clk      | fft_config1_U0/inst/U0/i_synth/xfft_inst/non_floating_point.arch_d.xfft_inst/pe_gen[3].natural_order_input.PE/has_addr_gen.bf2_addr_gen/cnt/cnt_ce            | fft_config1_U0/inst/U0/i_synth/xfft_inst/non_floating_point.arch_d.xfft_inst/reset_delays[3].other.reset_del_reg_n_2_[3]                                 |                5 |             11 |
|  ap_clk      | fft_config1_U0/inst/U0/i_synth/xfft_inst/non_floating_point.arch_d.xfft_inst/pe_gen[0].natural_order_input.PE/has_addr_gen.bf2_addr_gen/cnt/cnt_ce            | fft_config1_U0/inst/U0/i_synth/xfft_inst/non_floating_point.arch_d.xfft_inst/reset_delays[0].first.reset_del_reg_n_2_[0]                                 |                4 |             11 |
|  ap_clk      | fftPyrOut_M_imag_V_U/usedw[10]_i_1__0_n_2                                                                                                                     | imgOutTmpFFTStream_channel_U/ap_rst_n_inv                                                                                                                |                3 |             11 |
|  ap_clk      | fft_config2_U0/inst/U0/i_synth/axi_wrapper/cnt_ce                                                                                                             | fft_config2_U0/inst/U0/i_synth/axi_wrapper/E[0]                                                                                                          |                4 |             11 |
|  ap_clk      | fft_config2_U0/inst/U0/i_synth/axi_wrapper/cnt_ce_10                                                                                                          | fft_config2_U0/inst/U0/i_synth/xfft_inst/non_floating_point.arch_d.xfft_inst/reset_delays[0].first.reset_del_reg_n_2_[0]                                 |                4 |             11 |
|  ap_clk      | fft_config2_U0/inst/U0/i_synth/axi_wrapper/cnt_ce_11                                                                                                          | fft_config2_U0/inst/U0/i_synth/xfft_inst/non_floating_point.arch_d.xfft_inst/reset_delays[0].first.reset_del_reg_n_2_[0]                                 |                4 |             11 |
|  ap_clk      | fft_config2_U0/inst/U0/i_synth/axi_wrapper/cnt_ce_12                                                                                                          | fft_config2_U0/inst/U0/i_synth/xfft_inst/non_floating_point.arch_d.xfft_inst/reset_delays[1].other.reset_del_reg_n_2_[1]                                 |                4 |             11 |
|  ap_clk      | fft_config2_U0/inst/U0/i_synth/axi_wrapper/cnt_ce_13                                                                                                          | fft_config2_U0/inst/U0/i_synth/xfft_inst/non_floating_point.arch_d.xfft_inst/reset_delays[1].other.reset_del_reg_n_2_[1]                                 |                5 |             11 |
|  ap_clk      | fft_config1_U0/inst/U0/i_synth/xfft_inst/non_floating_point.arch_d.xfft_inst/pe_gen[2].natural_order_input.PE/has_addr_gen.bf2_addr_gen/cnt/cnt_ce            | fft_config1_U0/inst/U0/i_synth/xfft_inst/non_floating_point.arch_d.xfft_inst/reset_delays[2].other.reset_del_reg_n_2_[2]                                 |                4 |             11 |
|  ap_clk      | fft_config2_U0/inst/U0/i_synth/axi_wrapper/ce_w2c                                                                                                             | fft_config2_U0/inst/U0/i_synth/axi_wrapper/reset_pipe[1]                                                                                                 |                3 |             12 |
|  ap_clk      | fftPyrOut_M_real_V_U/pop                                                                                                                                      | imgOutTmpFFTStream_channel_U/ap_rst_n_inv                                                                                                                |                7 |             13 |
|  ap_clk      | fft_config1_U0/inst/U0/i_synth/axi_wrapper/ce_w2c                                                                                                             | fft_config1_U0/inst/U0/i_synth/axi_wrapper/sclr_w2c                                                                                                      |                6 |             17 |
|  ap_clk      | fft_config1_U0/inst/U0/i_synth/axi_wrapper/data_in_channel_fifo/gen_non_real_time.data_in_fifo_pt1/gen_non_real_time.gen_has_skid_buffer.data_out_2_reg[0][0] | fft_config1_U0/inst/U0/i_synth/axi_wrapper/reset_pipe[1]                                                                                                 |                4 |             18 |
|  ap_clk      | fft_config1_U0/inst/U0/i_synth/axi_wrapper/data_in_channel_fifo/gen_non_real_time.data_in_fifo_pt1/gen_non_real_time.gen_has_skid_buffer.data_out_1_reg[0][0] | fft_config1_U0/inst/U0/i_synth/axi_wrapper/reset_pipe[1]                                                                                                 |                3 |             18 |
|  ap_clk      | fft_config1_U0/inst/U0/i_synth/axi_wrapper/data_in_channel_fifo/gen_non_real_time.data_in_fifo_pt1/wr_enable                                                  |                                                                                                                                                          |                3 |             18 |
|  ap_clk      | imgInTmp_channel_U/pop                                                                                                                                        | imgOutTmpFFTStream_channel_U/ap_rst_n_inv                                                                                                                |                7 |             18 |
|  ap_clk      | pyrconstuct_top_Loop_3_proc_U0/ap_NS_fsm5                                                                                                                     |                                                                                                                                                          |                6 |             20 |
|  ap_clk      | pyrconstuct_top_Loop_4_proc_U0/pyrconstuct_top_Loop_4_proc_U0_imgInTmp2_write                                                                                 | imgOutTmpFFTStream_channel_U/ap_rst_n_inv                                                                                                                |                5 |             23 |
|  ap_clk      | pyrconstuct_top_Loop_3_proc_U0/consFilters_V_load_reg_3280                                                                                                    |                                                                                                                                                          |                8 |             24 |
|  ap_clk      | fft_config2_U0/inst/U0/i_synth/axi_wrapper/ce_w2c                                                                                                             | fft_config2_U0/inst/U0/i_synth/axi_wrapper/E[0]                                                                                                          |               11 |             25 |
|  ap_clk      | pyrconstuct_top_Loop_1_proc_U0/imgIn_TREADY                                                                                                                   | imgOutTmpFFTStream_channel_U/ap_rst_n_inv                                                                                                                |                7 |             27 |
|  ap_clk      | imgInTmp2_channel_U/pop                                                                                                                                       | imgOutTmpFFTStream_channel_U/ap_rst_n_inv                                                                                                                |                7 |             28 |
|  ap_clk      |                                                                                                                                                               | fft_config2_U0/inst/U0/i_synth/axi_wrapper/reset_pipe[1]                                                                                                 |               10 |             28 |
|  ap_clk      | fft_config2_U0/inst/U0/i_synth/axi_wrapper/data_in_channel_fifo/gen_non_real_time.data_in_fifo_pt1/E[0]                                                       | fft_config2_U0/inst/U0/i_synth/axi_wrapper/reset_pipe[1]                                                                                                 |                5 |             28 |
|  ap_clk      | fft_config2_U0/inst/U0/i_synth/axi_wrapper/data_in_channel_fifo/gen_non_real_time.data_in_fifo_pt1/gen_non_real_time.gen_has_skid_buffer.data_out_2_reg[0][0] | fft_config2_U0/inst/U0/i_synth/axi_wrapper/reset_pipe[1]                                                                                                 |                4 |             28 |
|  ap_clk      | fft_config2_U0/inst/U0/i_synth/axi_wrapper/data_in_channel_fifo/gen_non_real_time.data_in_fifo_pt1/wr_enable                                                  |                                                                                                                                                          |                4 |             28 |
|  ap_clk      |                                                                                                                                                               | fft_config1_U0/inst/U0/i_synth/axi_wrapper/reset_pipe[1]                                                                                                 |               11 |             28 |
|  ap_clk      | ifftPyrOut_channel_U/pop                                                                                                                                      | imgOutTmpFFTStream_channel_U/ap_rst_n_inv                                                                                                                |                8 |             30 |
|  ap_clk      | pyrconstuct_top_Loop_3_proc_U0/idx_reg_1320                                                                                                                   | pyrconstuct_top_Loop_3_proc_U0/ap_reg_ppiten_pp0_it00                                                                                                    |               11 |             32 |
|  ap_clk      | pyrconstuct_top_Loop_3_proc_U0/l_0_i_reg_1200                                                                                                                 | pyrconstuct_top_Loop_3_proc_U0/i_1_reg_338                                                                                                               |               11 |             32 |
|  ap_clk      | fft_config1_U0/inst/U0/i_synth/axi_wrapper/ce_w2c                                                                                                             | fft_config1_U0/inst/U0/i_synth/axi_wrapper/SR[0]                                                                                                         |                8 |             38 |
|  ap_clk      | fft_config1_U0/inst/U0/i_synth/axi_wrapper/data_out_channel/gen_non_real_time.fifo/fifo0/rd_enable                                                            |                                                                                                                                                          |                5 |             38 |
|  ap_clk      | fft_config1_U0/inst/U0/i_synth/axi_wrapper/data_out_channel/data_out_fifo_write                                                                               |                                                                                                                                                          |                5 |             38 |
|  ap_clk      | fft_config2_U0/E[0]                                                                                                                                           | imgOutTmpFFTStream_channel_U/ap_rst_n_inv                                                                                                                |                9 |             39 |
|  ap_clk      | pyrconstuct_top_Loop_3_proc_U0/pyrconstuct_top_Loop_3_proc_U0_fftPyrOut_M_imag_V_write                                                                        | imgOutTmpFFTStream_channel_U/ap_rst_n_inv                                                                                                                |               11 |             40 |
|  ap_clk      | fft_config2_U0/inst/U0/i_synth/axi_wrapper/ce_w2c                                                                                                             | fft_config2_U0/inst/U0/i_synth/axi_wrapper/SR[0]                                                                                                         |                9 |             48 |
|  ap_clk      | fft_config2_U0/inst/U0/i_synth/axi_wrapper/data_out_channel/data_out_fifo_write                                                                               |                                                                                                                                                          |                6 |             48 |
|  ap_clk      | fft_config2_U0/inst/U0/i_synth/axi_wrapper/data_out_channel/gen_non_real_time.fifo/fifo0/rd_enable                                                            |                                                                                                                                                          |                6 |             48 |
|  ap_clk      | pyrconstuct_top_Loop_2_proc_U0/pop                                                                                                                            | imgOutTmpFFTStream_channel_U/ap_rst_n_inv                                                                                                                |               15 |             48 |
|  ap_clk      | fft_config1_U0/E[0]                                                                                                                                           | imgOutTmpFFTStream_channel_U/ap_rst_n_inv                                                                                                                |               12 |             57 |
|  ap_clk      |                                                                                                                                                               | imgOutTmpFFTStream_channel_U/ap_rst_n_inv                                                                                                                |               41 |            105 |
|  ap_clk      |                                                                                                                                                               |                                                                                                                                                          |              109 |            337 |
|  ap_clk      | fft_config1_U0/inst/U0/i_synth/axi_wrapper/ce_w2c                                                                                                             |                                                                                                                                                          |              743 |           3476 |
|  ap_clk      | fft_config2_U0/inst/U0/i_synth/axi_wrapper/ce_w2c                                                                                                             |                                                                                                                                                          |             1202 |           5486 |
+--------------+---------------------------------------------------------------------------------------------------------------------------------------------------------------+----------------------------------------------------------------------------------------------------------------------------------------------------------+------------------+----------------+


