15:58:46 **** Build of project FFTDMA_Test_bsp ****
make -k all 
"Running Make include in ps7_cortexa9_0/libsrc/axidma_v8_1/src"
make -C ps7_cortexa9_0/libsrc/axidma_v8_1/src -s include  "SHELL=CMD" "COMPILER=arm-xilinx-eabi-gcc" "ARCHIVER=arm-xilinx-eabi-ar" "COMPILER_FLAGS=  -O2 -c" "EXTRA_COMPILER_FLAGS=-g"
"Running Make include in ps7_cortexa9_0/libsrc/coresightps_dcc_v1_0/src"
make -C ps7_cortexa9_0/libsrc/coresightps_dcc_v1_0/src -s include  "SHELL=CMD" "COMPILER=arm-xilinx-eabi-gcc" "ARCHIVER=arm-xilinx-eabi-ar" "COMPILER_FLAGS=  -O2 -c" "EXTRA_COMPILER_FLAGS=-g"
"Running Make include in ps7_cortexa9_0/libsrc/cpu_cortexa9_v2_1/src"
make -C ps7_cortexa9_0/libsrc/cpu_cortexa9_v2_1/src -s include  "SHELL=CMD" "COMPILER=arm-xilinx-eabi-gcc" "ARCHIVER=arm-xilinx-eabi-ar" "COMPILER_FLAGS=  -O2 -c" "EXTRA_COMPILER_FLAGS=-g"
"Running Make include in ps7_cortexa9_0/libsrc/devcfg_v3_3/src"
make -C ps7_cortexa9_0/libsrc/devcfg_v3_3/src -s include  "SHELL=CMD" "COMPILER=arm-xilinx-eabi-gcc" "ARCHIVER=arm-xilinx-eabi-ar" "COMPILER_FLAGS=  -O2 -c" "EXTRA_COMPILER_FLAGS=-g"
"Running Make include in ps7_cortexa9_0/libsrc/dmaps_v2_1/src"
make -C ps7_cortexa9_0/libsrc/dmaps_v2_1/src -s include  "SHELL=CMD" "COMPILER=arm-xilinx-eabi-gcc" "ARCHIVER=arm-xilinx-eabi-ar" "COMPILER_FLAGS=  -O2 -c" "EXTRA_COMPILER_FLAGS=-g"
"Running Make include in ps7_cortexa9_0/libsrc/emacps_v3_0/src"
make -C ps7_cortexa9_0/libsrc/emacps_v3_0/src -s include  "SHELL=CMD" "COMPILER=arm-xilinx-eabi-gcc" "ARCHIVER=arm-xilinx-eabi-ar" "COMPILER_FLAGS=  -O2 -c" "EXTRA_COMPILER_FLAGS=-g"
"Running Make include in ps7_cortexa9_0/libsrc/gpiops_v3_0/src"
make -C ps7_cortexa9_0/libsrc/gpiops_v3_0/src -s include  "SHELL=CMD" "COMPILER=arm-xilinx-eabi-gcc" "ARCHIVER=arm-xilinx-eabi-ar" "COMPILER_FLAGS=  -O2 -c" "EXTRA_COMPILER_FLAGS=-g"
"Running Make include in ps7_cortexa9_0/libsrc/qspips_v3_2/src"
make -C ps7_cortexa9_0/libsrc/qspips_v3_2/src -s include  "SHELL=CMD" "COMPILER=arm-xilinx-eabi-gcc" "ARCHIVER=arm-xilinx-eabi-ar" "COMPILER_FLAGS=  -O2 -c" "EXTRA_COMPILER_FLAGS=-g"
"Running Make include in ps7_cortexa9_0/libsrc/scugic_v3_0/src"
make -C ps7_cortexa9_0/libsrc/scugic_v3_0/src -s include  "SHELL=CMD" "COMPILER=arm-xilinx-eabi-gcc" "ARCHIVER=arm-xilinx-eabi-ar" "COMPILER_FLAGS=  -O2 -c" "EXTRA_COMPILER_FLAGS=-g"
"Running Make include in ps7_cortexa9_0/libsrc/scutimer_v2_1/src"
make -C ps7_cortexa9_0/libsrc/scutimer_v2_1/src -s include  "SHELL=CMD" "COMPILER=arm-xilinx-eabi-gcc" "ARCHIVER=arm-xilinx-eabi-ar" "COMPILER_FLAGS=  -O2 -c" "EXTRA_COMPILER_FLAGS=-g"
"Running Make include in ps7_cortexa9_0/libsrc/scuwdt_v2_1/src"
make -C ps7_cortexa9_0/libsrc/scuwdt_v2_1/src -s include  "SHELL=CMD" "COMPILER=arm-xilinx-eabi-gcc" "ARCHIVER=arm-xilinx-eabi-ar" "COMPILER_FLAGS=  -O2 -c" "EXTRA_COMPILER_FLAGS=-g"
"Running Make include in ps7_cortexa9_0/libsrc/sdps_v2_4/src"
make -C ps7_cortexa9_0/libsrc/sdps_v2_4/src -s include  "SHELL=CMD" "COMPILER=arm-xilinx-eabi-gcc" "ARCHIVER=arm-xilinx-eabi-ar" "COMPILER_FLAGS=  -O2 -c" "EXTRA_COMPILER_FLAGS=-g"
"Running Make include in ps7_cortexa9_0/libsrc/standalone_v5_1/src"
make -C ps7_cortexa9_0/libsrc/standalone_v5_1/src -s include  "SHELL=CMD" "COMPILER=arm-xilinx-eabi-gcc" "ARCHIVER=arm-xilinx-eabi-ar" "COMPILER_FLAGS=  -O2 -c" "EXTRA_COMPILER_FLAGS=-g"
"Running Make include in ps7_cortexa9_0/libsrc/uartps_v3_0/src"
make -C ps7_cortexa9_0/libsrc/uartps_v3_0/src -s include  "SHELL=CMD" "COMPILER=arm-xilinx-eabi-gcc" "ARCHIVER=arm-xilinx-eabi-ar" "COMPILER_FLAGS=  -O2 -c" "EXTRA_COMPILER_FLAGS=-g"
"Running Make include in ps7_cortexa9_0/libsrc/usbps_v2_2/src"
make -C ps7_cortexa9_0/libsrc/usbps_v2_2/src -s include  "SHELL=CMD" "COMPILER=arm-xilinx-eabi-gcc" "ARCHIVER=arm-xilinx-eabi-ar" "COMPILER_FLAGS=  -O2 -c" "EXTRA_COMPILER_FLAGS=-g"
"Running Make include in ps7_cortexa9_0/libsrc/xadcps_v2_2/src"
make -C ps7_cortexa9_0/libsrc/xadcps_v2_2/src -s include  "SHELL=CMD" "COMPILER=arm-xilinx-eabi-gcc" "ARCHIVER=arm-xilinx-eabi-ar" "COMPILER_FLAGS=  -O2 -c" "EXTRA_COMPILER_FLAGS=-g"
"Running Make libs in ps7_cortexa9_0/libsrc/axidma_v8_1/src"
make -C ps7_cortexa9_0/libsrc/axidma_v8_1/src -s libs  "SHELL=CMD" "COMPILER=arm-xilinx-eabi-gcc" "ARCHIVER=arm-xilinx-eabi-ar" "COMPILER_FLAGS=  -O2 -c" "EXTRA_COMPILER_FLAGS=-g"
"Compiling axidma"
arm-xilinx-eabi-ar: creating ../../../lib/libxil.a
"Running Make libs in ps7_cortexa9_0/libsrc/coresightps_dcc_v1_0/src"
make -C ps7_cortexa9_0/libsrc/coresightps_dcc_v1_0/src -s libs  "SHELL=CMD" "COMPILER=arm-xilinx-eabi-gcc" "ARCHIVER=arm-xilinx-eabi-ar" "COMPILER_FLAGS=  -O2 -c" "EXTRA_COMPILER_FLAGS=-g"
"Compiling coresightps_dcc"
"Running Make libs in ps7_cortexa9_0/libsrc/cpu_cortexa9_v2_1/src"
make -C ps7_cortexa9_0/libsrc/cpu_cortexa9_v2_1/src -s libs  "SHELL=CMD" "COMPILER=arm-xilinx-eabi-gcc" "ARCHIVER=arm-xilinx-eabi-ar" "COMPILER_FLAGS=  -O2 -c" "EXTRA_COMPILER_FLAGS=-g"
"Compiling cpu_cortexa9"
"Running Make libs in ps7_cortexa9_0/libsrc/devcfg_v3_3/src"
make -C ps7_cortexa9_0/libsrc/devcfg_v3_3/src -s libs  "SHELL=CMD" "COMPILER=arm-xilinx-eabi-gcc" "ARCHIVER=arm-xilinx-eabi-ar" "COMPILER_FLAGS=  -O2 -c" "EXTRA_COMPILER_FLAGS=-g"
"Compiling devcfg"
"Running Make libs in ps7_cortexa9_0/libsrc/dmaps_v2_1/src"
make -C ps7_cortexa9_0/libsrc/dmaps_v2_1/src -s libs  "SHELL=CMD" "COMPILER=arm-xilinx-eabi-gcc" "ARCHIVER=arm-xilinx-eabi-ar" "COMPILER_FLAGS=  -O2 -c" "EXTRA_COMPILER_FLAGS=-g"
"Compiling dmaps"
"Running Make libs in ps7_cortexa9_0/libsrc/emacps_v3_0/src"
make -C ps7_cortexa9_0/libsrc/emacps_v3_0/src -s libs  "SHELL=CMD" "COMPILER=arm-xilinx-eabi-gcc" "ARCHIVER=arm-xilinx-eabi-ar" "COMPILER_FLAGS=  -O2 -c" "EXTRA_COMPILER_FLAGS=-g"
"Compiling emacps"
"Running Make libs in ps7_cortexa9_0/libsrc/gpiops_v3_0/src"
make -C ps7_cortexa9_0/libsrc/gpiops_v3_0/src -s libs  "SHELL=CMD" "COMPILER=arm-xilinx-eabi-gcc" "ARCHIVER=arm-xilinx-eabi-ar" "COMPILER_FLAGS=  -O2 -c" "EXTRA_COMPILER_FLAGS=-g"
"Compiling gpiops"
"Running Make libs in ps7_cortexa9_0/libsrc/qspips_v3_2/src"
make -C ps7_cortexa9_0/libsrc/qspips_v3_2/src -s libs  "SHELL=CMD" "COMPILER=arm-xilinx-eabi-gcc" "ARCHIVER=arm-xilinx-eabi-ar" "COMPILER_FLAGS=  -O2 -c" "EXTRA_COMPILER_FLAGS=-g"
"Compiling qspips"
"Running Make libs in ps7_cortexa9_0/libsrc/scugic_v3_0/src"
make -C ps7_cortexa9_0/libsrc/scugic_v3_0/src -s libs  "SHELL=CMD" "COMPILER=arm-xilinx-eabi-gcc" "ARCHIVER=arm-xilinx-eabi-ar" "COMPILER_FLAGS=  -O2 -c" "EXTRA_COMPILER_FLAGS=-g"
"Compiling scugic"
"Running Make libs in ps7_cortexa9_0/libsrc/scutimer_v2_1/src"
make -C ps7_cortexa9_0/libsrc/scutimer_v2_1/src -s libs  "SHELL=CMD" "COMPILER=arm-xilinx-eabi-gcc" "ARCHIVER=arm-xilinx-eabi-ar" "COMPILER_FLAGS=  -O2 -c" "EXTRA_COMPILER_FLAGS=-g"
"Compiling scutimer"
"Running Make libs in ps7_cortexa9_0/libsrc/scuwdt_v2_1/src"
make -C ps7_cortexa9_0/libsrc/scuwdt_v2_1/src -s libs  "SHELL=CMD" "COMPILER=arm-xilinx-eabi-gcc" "ARCHIVER=arm-xilinx-eabi-ar" "COMPILER_FLAGS=  -O2 -c" "EXTRA_COMPILER_FLAGS=-g"
"Compiling scuwdt"
"Running Make libs in ps7_cortexa9_0/libsrc/sdps_v2_4/src"
make -C ps7_cortexa9_0/libsrc/sdps_v2_4/src -s libs  "SHELL=CMD" "COMPILER=arm-xilinx-eabi-gcc" "ARCHIVER=arm-xilinx-eabi-ar" "COMPILER_FLAGS=  -O2 -c" "EXTRA_COMPILER_FLAGS=-g"
"Compiling sdps"
"Running Make libs in ps7_cortexa9_0/libsrc/standalone_v5_1/src"
make -C ps7_cortexa9_0/libsrc/standalone_v5_1/src -s libs  "SHELL=CMD" "COMPILER=arm-xilinx-eabi-gcc" "ARCHIVER=arm-xilinx-eabi-ar" "COMPILER_FLAGS=  -O2 -c" "EXTRA_COMPILER_FLAGS=-g"
"Compiling standalone"
"Running Make libs in ps7_cortexa9_0/libsrc/uartps_v3_0/src"
make -C ps7_cortexa9_0/libsrc/uartps_v3_0/src -s libs  "SHELL=CMD" "COMPILER=arm-xilinx-eabi-gcc" "ARCHIVER=arm-xilinx-eabi-ar" "COMPILER_FLAGS=  -O2 -c" "EXTRA_COMPILER_FLAGS=-g"
"Compiling uartps"
"Running Make libs in ps7_cortexa9_0/libsrc/usbps_v2_2/src"
make -C ps7_cortexa9_0/libsrc/usbps_v2_2/src -s libs  "SHELL=CMD" "COMPILER=arm-xilinx-eabi-gcc" "ARCHIVER=arm-xilinx-eabi-ar" "COMPILER_FLAGS=  -O2 -c" "EXTRA_COMPILER_FLAGS=-g"
"Compiling usbps"
"Running Make libs in ps7_cortexa9_0/libsrc/xadcps_v2_2/src"
make -C ps7_cortexa9_0/libsrc/xadcps_v2_2/src -s libs  "SHELL=CMD" "COMPILER=arm-xilinx-eabi-gcc" "ARCHIVER=arm-xilinx-eabi-ar" "COMPILER_FLAGS=  -O2 -c" "EXTRA_COMPILER_FLAGS=-g"
"Compiling xadcps"
'Finished building libraries'
15:59:06 **** Build of configuration Debug for project FFTDMA_Test ****
make all 
'Building file: ../src/helloworld.c'
'Invoking: ARM gcc compiler'
arm-xilinx-eabi-gcc -Wall -O0 -g3 -c -fmessage-length=0 -MT"src/helloworld.o" -I../../FFTDMA_Test_bsp/ps7_cortexa9_0/include -MMD -MP -MF"src/helloworld.d" -MT"src/helloworld.d" -o "src/helloworld.o" "../src/helloworld.c"
'Finished building: ../src/helloworld.c'
' '
'Building file: ../src/platform.c'
'Invoking: ARM gcc compiler'
arm-xilinx-eabi-gcc -Wall -O0 -g3 -c -fmessage-length=0 -MT"src/platform.o" -I../../FFTDMA_Test_bsp/ps7_cortexa9_0/include -MMD -MP -MF"src/platform.d" -MT"src/platform.d" -o "src/platform.o" "../src/platform.c"
'Finished building: ../src/platform.c'
' '
'Building target: FFTDMA_Test.elf'
'Invoking: ARM gcc linker'
arm-xilinx-eabi-gcc -Wl,-T -Wl,../src/lscript.ld -L../../FFTDMA_Test_bsp/ps7_cortexa9_0/lib -o "FFTDMA_Test.elf"  ./src/helloworld.o ./src/platform.o   -Wl,--start-group,-lxil,-lgcc,-lc,--end-group
'Finished building target: FFTDMA_Test.elf'
' '
'Invoking: ARM Print Size'
arm-xilinx-eabi-size FFTDMA_Test.elf  |tee "FFTDMA_Test.elf.size"
   text	   data	    bss	    dec	    hex	filename
  22888	   1152	  22564	  46604	   b60c	FFTDMA_Test.elf
'Finished building: FFTDMA_Test.elf.size'
' '
16:01:19 **** Incremental Build of configuration Debug for project FFTDMA_Test ****
make all 
make: Nothing to be done for `all'.
16:01:54 **** Auto Build of configuration Debug for project FFTDMA_Test ****
make all 
'Building file: ../src/helloworld.c'
'Invoking: ARM gcc compiler'
arm-xilinx-eabi-gcc -Wall -O0 -g3 -c -fmessage-length=0 -MT"src/helloworld.o" -I../../FFTDMA_Test_bsp/ps7_cortexa9_0/include -MMD -MP -MF"src/helloworld.d" -MT"src/helloworld.d" -o "src/helloworld.o" "../src/helloworld.c"
'Finished building: ../src/helloworld.c'
' '
'Building target: FFTDMA_Test.elf'
'Invoking: ARM gcc linker'
arm-xilinx-eabi-gcc -Wl,-T -Wl,../src/lscript.ld -L../../FFTDMA_Test_bsp/ps7_cortexa9_0/lib -o "FFTDMA_Test.elf"  ./src/helloworld.o ./src/platform.o   -Wl,--start-group,-lxil,-lgcc,-lc,--end-group
'Finished building target: FFTDMA_Test.elf'
' '
'Invoking: ARM Print Size'
arm-xilinx-eabi-size FFTDMA_Test.elf  |tee "FFTDMA_Test.elf.size"
   text	   data	    bss	    dec	    hex	filename
  22888	   1152	  22564	  46604	   b60c	FFTDMA_Test.elf
'Finished building: FFTDMA_Test.elf.size'
' '
16:10:26 **** Auto Build of configuration Debug for project FFTDMA_Test ****
make all 
'Building file: ../src/helloworld.c'
'Invoking: ARM gcc compiler'
arm-xilinx-eabi-gcc -Wall -O0 -g3 -c -fmessage-length=0 -MT"src/helloworld.o" -I../../FFTDMA_Test_bsp/ps7_cortexa9_0/include -MMD -MP -MF"src/helloworld.d" -MT"src/helloworld.d" -o "src/helloworld.o" "../src/helloworld.c"
'Finished building: ../src/helloworld.c'
' '
'Building target: FFTDMA_Test.elf'
'Invoking: ARM gcc linker'
arm-xilinx-eabi-gcc -Wl,-T -Wl,../src/lscript.ld -L../../FFTDMA_Test_bsp/ps7_cortexa9_0/lib -o "FFTDMA_Test.elf"  ./src/helloworld.o ./src/platform.o   -Wl,--start-group,-lxil,-lgcc,-lc,--end-group
'Finished building target: FFTDMA_Test.elf'
' '
'Invoking: ARM Print Size'
arm-xilinx-eabi-size FFTDMA_Test.elf  |tee "FFTDMA_Test.elf.size"
   text	   data	    bss	    dec	    hex	filename
  35036	   1216	  24228	  60480	   ec40	FFTDMA_Test.elf
'Finished building: FFTDMA_Test.elf.size'
' '
16:11:23 **** Incremental Build of configuration Debug for project FFTDMA_Test ****
make all 
make: Nothing to be done for `all'.
16:13:14 **** Auto Build of configuration Debug for project FFTDMA_Test ****
make all 
'Building file: ../src/helloworld.c'
'Invoking: ARM gcc compiler'
arm-xilinx-eabi-gcc -Wall -O0 -g3 -c -fmessage-length=0 -MT"src/helloworld.o" -I../../FFTDMA_Test_bsp/ps7_cortexa9_0/include -MMD -MP -MF"src/helloworld.d" -MT"src/helloworld.d" -o "src/helloworld.o" "../src/helloworld.c"
'Finished building: ../src/helloworld.c'
' '
'Building target: FFTDMA_Test.elf'
'Invoking: ARM gcc linker'
arm-xilinx-eabi-gcc -Wl,-T -Wl,../src/lscript.ld -L../../FFTDMA_Test_bsp/ps7_cortexa9_0/lib -o "FFTDMA_Test.elf"  ./src/helloworld.o ./src/platform.o   -Wl,--start-group,-lxil,-lgcc,-lc,--end-group
'Finished building target: FFTDMA_Test.elf'
' '
'Invoking: ARM Print Size'
arm-xilinx-eabi-size FFTDMA_Test.elf  |tee "FFTDMA_Test.elf.size"
   text	   data	    bss	    dec	    hex	filename
  35128	   1216	  24228	  60572	   ec9c	FFTDMA_Test.elf
'Finished building: FFTDMA_Test.elf.size'
' '
16:13:17 **** Incremental Build of configuration Debug for project FFTDMA_Test ****
make all 
make: Nothing to be done for `all'.
16:14:11 **** Auto Build of configuration Debug for project FFTDMA_Test ****
make all 
'Building file: ../src/helloworld.c'
'Invoking: ARM gcc compiler'
arm-xilinx-eabi-gcc -Wall -O0 -g3 -c -fmessage-length=0 -MT"src/helloworld.o" -I../../FFTDMA_Test_bsp/ps7_cortexa9_0/include -MMD -MP -MF"src/helloworld.d" -MT"src/helloworld.d" -o "src/helloworld.o" "../src/helloworld.c"
../src/helloworld.c: In function 'main':
../src/helloworld.c:203:7: error: 'i' undeclared (first use in this function)
  for (i  = 0; i < 64; ++i) {
       ^
../src/helloworld.c:203:7: note: each undeclared identifier is reported only once for each function it appears in
make: *** [src/helloworld.o] Error 1
16:14:18 **** Auto Build of configuration Debug for project FFTDMA_Test ****
make all 
'Building file: ../src/helloworld.c'
'Invoking: ARM gcc compiler'
arm-xilinx-eabi-gcc -Wall -O0 -g3 -c -fmessage-length=0 -MT"src/helloworld.o" -I../../FFTDMA_Test_bsp/ps7_cortexa9_0/include -MMD -MP -MF"src/helloworld.d" -MT"src/helloworld.d" -o "src/helloworld.o" "../src/helloworld.c"
'Finished building: ../src/helloworld.c'
' '
'Building target: FFTDMA_Test.elf'
'Invoking: ARM gcc linker'
arm-xilinx-eabi-gcc -Wl,-T -Wl,../src/lscript.ld -L../../FFTDMA_Test_bsp/ps7_cortexa9_0/lib -o "FFTDMA_Test.elf"  ./src/helloworld.o ./src/platform.o   -Wl,--start-group,-lxil,-lgcc,-lc,--end-group
'Finished building target: FFTDMA_Test.elf'
' '
'Invoking: ARM Print Size'
arm-xilinx-eabi-size FFTDMA_Test.elf  |tee "FFTDMA_Test.elf.size"
   text	   data	    bss	    dec	    hex	filename
  35128	   1216	  24228	  60572	   ec9c	FFTDMA_Test.elf
'Finished building: FFTDMA_Test.elf.size'
' '
16:14:21 **** Incremental Build of configuration Debug for project FFTDMA_Test ****
make all 
make: Nothing to be done for `all'.
16:14:37 **** Auto Build of configuration Debug for project FFTDMA_Test ****
make all 
'Building file: ../src/helloworld.c'
'Invoking: ARM gcc compiler'
arm-xilinx-eabi-gcc -Wall -O0 -g3 -c -fmessage-length=0 -MT"src/helloworld.o" -I../../FFTDMA_Test_bsp/ps7_cortexa9_0/include -MMD -MP -MF"src/helloworld.d" -MT"src/helloworld.d" -o "src/helloworld.o" "../src/helloworld.c"
'Finished building: ../src/helloworld.c'
' '
'Building target: FFTDMA_Test.elf'
'Invoking: ARM gcc linker'
arm-xilinx-eabi-gcc -Wl,-T -Wl,../src/lscript.ld -L../../FFTDMA_Test_bsp/ps7_cortexa9_0/lib -o "FFTDMA_Test.elf"  ./src/helloworld.o ./src/platform.o   -Wl,--start-group,-lxil,-lgcc,-lc,--end-group
'Finished building target: FFTDMA_Test.elf'
' '
'Invoking: ARM Print Size'
arm-xilinx-eabi-size FFTDMA_Test.elf  |tee "FFTDMA_Test.elf.size"
   text	   data	    bss	    dec	    hex	filename
  35128	   1216	  24228	  60572	   ec9c	FFTDMA_Test.elf
'Finished building: FFTDMA_Test.elf.size'
' '
16:14:38 **** Incremental Build of configuration Debug for project FFTDMA_Test ****
make all 
make: Nothing to be done for `all'.
16:14:51 **** Auto Build of configuration Debug for project FFTDMA_Test ****
make all 
'Building file: ../src/helloworld.c'
'Invoking: ARM gcc compiler'
arm-xilinx-eabi-gcc -Wall -O0 -g3 -c -fmessage-length=0 -MT"src/helloworld.o" -I../../FFTDMA_Test_bsp/ps7_cortexa9_0/include -MMD -MP -MF"src/helloworld.d" -MT"src/helloworld.d" -o "src/helloworld.o" "../src/helloworld.c"
'Finished building: ../src/helloworld.c'
' '
'Building target: FFTDMA_Test.elf'
'Invoking: ARM gcc linker'
arm-xilinx-eabi-gcc -Wl,-T -Wl,../src/lscript.ld -L../../FFTDMA_Test_bsp/ps7_cortexa9_0/lib -o "FFTDMA_Test.elf"  ./src/helloworld.o ./src/platform.o   -Wl,--start-group,-lxil,-lgcc,-lc,--end-group
'Finished building target: FFTDMA_Test.elf'
' '
'Invoking: ARM Print Size'
arm-xilinx-eabi-size FFTDMA_Test.elf  |tee "FFTDMA_Test.elf.size"
   text	   data	    bss	    dec	    hex	filename
  35128	   1216	  24228	  60572	   ec9c	FFTDMA_Test.elf
'Finished building: FFTDMA_Test.elf.size'
' '
16:18:44 **** Auto Build of configuration Debug for project FFTDMA_Test ****
make all 
'Building file: ../src/helloworld.c'
'Invoking: ARM gcc compiler'
arm-xilinx-eabi-gcc -Wall -O0 -g3 -c -fmessage-length=0 -MT"src/helloworld.o" -I../../FFTDMA_Test_bsp/ps7_cortexa9_0/include -MMD -MP -MF"src/helloworld.d" -MT"src/helloworld.d" -o "src/helloworld.o" "../src/helloworld.c"
'Finished building: ../src/helloworld.c'
' '
'Building target: FFTDMA_Test.elf'
'Invoking: ARM gcc linker'
arm-xilinx-eabi-gcc -Wl,-T -Wl,../src/lscript.ld -L../../FFTDMA_Test_bsp/ps7_cortexa9_0/lib -o "FFTDMA_Test.elf"  ./src/helloworld.o ./src/platform.o   -Wl,--start-group,-lxil,-lgcc,-lc,--end-group
'Finished building target: FFTDMA_Test.elf'
' '
'Invoking: ARM Print Size'
arm-xilinx-eabi-size FFTDMA_Test.elf  |tee "FFTDMA_Test.elf.size"
   text	   data	    bss	    dec	    hex	filename
  35128	   1216	  24228	  60572	   ec9c	FFTDMA_Test.elf
'Finished building: FFTDMA_Test.elf.size'
' '
16:19:35 **** Auto Build of configuration Debug for project FFTDMA_Test ****
make all 
'Building file: ../src/helloworld.c'
'Invoking: ARM gcc compiler'
arm-xilinx-eabi-gcc -Wall -O0 -g3 -c -fmessage-length=0 -MT"src/helloworld.o" -I../../FFTDMA_Test_bsp/ps7_cortexa9_0/include -MMD -MP -MF"src/helloworld.d" -MT"src/helloworld.d" -o "src/helloworld.o" "../src/helloworld.c"
'Finished building: ../src/helloworld.c'
' '
'Building target: FFTDMA_Test.elf'
'Invoking: ARM gcc linker'
arm-xilinx-eabi-gcc -Wl,-T -Wl,../src/lscript.ld -L../../FFTDMA_Test_bsp/ps7_cortexa9_0/lib -o "FFTDMA_Test.elf"  ./src/helloworld.o ./src/platform.o   -Wl,--start-group,-lxil,-lgcc,-lc,--end-group
'Finished building target: FFTDMA_Test.elf'
' '
'Invoking: ARM Print Size'
arm-xilinx-eabi-size FFTDMA_Test.elf  |tee "FFTDMA_Test.elf.size"
   text	   data	    bss	    dec	    hex	filename
  35128	   1216	  24228	  60572	   ec9c	FFTDMA_Test.elf
'Finished building: FFTDMA_Test.elf.size'
' '
16:19:56 **** Auto Build of configuration Debug for project FFTDMA_Test ****
make all 
'Building file: ../src/helloworld.c'
'Invoking: ARM gcc compiler'
arm-xilinx-eabi-gcc -Wall -O0 -g3 -c -fmessage-length=0 -MT"src/helloworld.o" -I../../FFTDMA_Test_bsp/ps7_cortexa9_0/include -MMD -MP -MF"src/helloworld.d" -MT"src/helloworld.d" -o "src/helloworld.o" "../src/helloworld.c"
'Finished building: ../src/helloworld.c'
' '
'Building target: FFTDMA_Test.elf'
'Invoking: ARM gcc linker'
arm-xilinx-eabi-gcc -Wl,-T -Wl,../src/lscript.ld -L../../FFTDMA_Test_bsp/ps7_cortexa9_0/lib -o "FFTDMA_Test.elf"  ./src/helloworld.o ./src/platform.o   -Wl,--start-group,-lxil,-lgcc,-lc,--end-group
'Finished building target: FFTDMA_Test.elf'
' '
'Invoking: ARM Print Size'
arm-xilinx-eabi-size FFTDMA_Test.elf  |tee "FFTDMA_Test.elf.size"
   text	   data	    bss	    dec	    hex	filename
  35128	   1216	  24228	  60572	   ec9c	FFTDMA_Test.elf
'Finished building: FFTDMA_Test.elf.size'
' '
16:20:15 **** Incremental Build of configuration Debug for project FFTDMA_Test ****
make all 
make: Nothing to be done for `all'.
16:28:32 **** Auto Build of configuration Debug for project FFTDMA_Test ****
make all 
'Building file: ../src/helloworld.c'
'Invoking: ARM gcc compiler'
arm-xilinx-eabi-gcc -Wall -O0 -g3 -c -fmessage-length=0 -MT"src/helloworld.o" -I../../FFTDMA_Test_bsp/ps7_cortexa9_0/include -MMD -MP -MF"src/helloworld.d" -MT"src/helloworld.d" -o "src/helloworld.o" "../src/helloworld.c"
'Finished building: ../src/helloworld.c'
' '
'Building target: FFTDMA_Test.elf'
'Invoking: ARM gcc linker'
arm-xilinx-eabi-gcc -Wl,-T -Wl,../src/lscript.ld -L../../FFTDMA_Test_bsp/ps7_cortexa9_0/lib -o "FFTDMA_Test.elf"  ./src/helloworld.o ./src/platform.o   -Wl,--start-group,-lxil,-lgcc,-lc,--end-group
'Finished building target: FFTDMA_Test.elf'
' '
'Invoking: ARM Print Size'
arm-xilinx-eabi-size FFTDMA_Test.elf  |tee "FFTDMA_Test.elf.size"
   text	   data	    bss	    dec	    hex	filename
  35128	   1216	  24228	  60572	   ec9c	FFTDMA_Test.elf
'Finished building: FFTDMA_Test.elf.size'
' '
16:28:34 **** Incremental Build of configuration Debug for project FFTDMA_Test ****
make all 
make: Nothing to be done for `all'.
17:05:44 **** Incremental Build of configuration Debug for project FFTDMA_Test ****
make all 
make: Nothing to be done for `all'.
17:09:21 **** Incremental Build of configuration Debug for project FFTDMA_Test ****
make all 
make: Nothing to be done for `all'.
17:09:37 **** Incremental Build of configuration Debug for project FFTDMA_Test ****
make all 
make: Nothing to be done for `all'.
17:09:53 **** Incremental Build of configuration Debug for project FFTDMA_Test ****
make all 
make: Nothing to be done for `all'.
17:10:07 **** Incremental Build of configuration Debug for project FFTDMA_Test ****
make all 
make: Nothing to be done for `all'.
17:10:45 **** Incremental Build of configuration Debug for project FFTDMA_Test ****
make all 
make: Nothing to be done for `all'.
17:12:13 **** Incremental Build of configuration Debug for project FFTDMA_Test ****
make all 
make: Nothing to be done for `all'.
17:12:16 **** Incremental Build of configuration Debug for project FFTDMA_Test ****
make all 
make: Nothing to be done for `all'.
17:12:31 **** Auto Build of configuration Debug for project FFTDMA_Test ****
make all 
'Building file: ../src/helloworld.c'
'Invoking: ARM gcc compiler'
arm-xilinx-eabi-gcc -Wall -O0 -g3 -c -fmessage-length=0 -MT"src/helloworld.o" -I../../FFTDMA_Test_bsp/ps7_cortexa9_0/include -MMD -MP -MF"src/helloworld.d" -MT"src/helloworld.d" -o "src/helloworld.o" "../src/helloworld.c"
'Finished building: ../src/helloworld.c'
' '
'Building target: FFTDMA_Test.elf'
'Invoking: ARM gcc linker'
arm-xilinx-eabi-gcc -Wl,-T -Wl,../src/lscript.ld -L../../FFTDMA_Test_bsp/ps7_cortexa9_0/lib -o "FFTDMA_Test.elf"  ./src/helloworld.o ./src/platform.o   -Wl,--start-group,-lxil,-lgcc,-lc,--end-group
'Finished building target: FFTDMA_Test.elf'
' '
'Invoking: ARM Print Size'
arm-xilinx-eabi-size FFTDMA_Test.elf  |tee "FFTDMA_Test.elf.size"
   text	   data	    bss	    dec	    hex	filename
  35036	   1216	  24228	  60480	   ec40	FFTDMA_Test.elf
'Finished building: FFTDMA_Test.elf.size'
' '
17:12:33 **** Incremental Build of configuration Debug for project FFTDMA_Test ****
make all 
make: Nothing to be done for `all'.
17:12:44 **** Incremental Build of configuration Debug for project FFTDMA_Test ****
make all 
make: Nothing to be done for `all'.
17:12:49 **** Incremental Build of configuration Debug for project FFTDMA_Test ****
make all 
make: Nothing to be done for `all'.
17:13:35 **** Incremental Build of configuration Debug for project FFTDMA_Test ****
make all 
make: Nothing to be done for `all'.
17:17:26 **** Auto Build of configuration Debug for project FFTDMA_Test ****
make all 
'Building file: ../src/helloworld.c'
'Invoking: ARM gcc compiler'
arm-xilinx-eabi-gcc -Wall -O0 -g3 -c -fmessage-length=0 -MT"src/helloworld.o" -I../../FFTDMA_Test_bsp/ps7_cortexa9_0/include -MMD -MP -MF"src/helloworld.d" -MT"src/helloworld.d" -o "src/helloworld.o" "../src/helloworld.c"
'Finished building: ../src/helloworld.c'
' '
'Building target: FFTDMA_Test.elf'
'Invoking: ARM gcc linker'
arm-xilinx-eabi-gcc -Wl,-T -Wl,../src/lscript.ld -L../../FFTDMA_Test_bsp/ps7_cortexa9_0/lib -o "FFTDMA_Test.elf"  ./src/helloworld.o ./src/platform.o   -Wl,--start-group,-lxil,-lgcc,-lc,--end-group
'Finished building target: FFTDMA_Test.elf'
' '
'Invoking: ARM Print Size'
arm-xilinx-eabi-size FFTDMA_Test.elf  |tee "FFTDMA_Test.elf.size"
   text	   data	    bss	    dec	    hex	filename
  35100	   1216	  24228	  60544	   ec80	FFTDMA_Test.elf
'Finished building: FFTDMA_Test.elf.size'
' '
17:17:29 **** Incremental Build of configuration Debug for project FFTDMA_Test ****
make all 
make: Nothing to be done for `all'.
13:13:27 **** Auto Build of configuration Debug for project FFTDMA_Test ****
make all 
'Building file: ../src/helloworld.c'
'Invoking: ARM gcc compiler'
arm-xilinx-eabi-gcc -Wall -O0 -g3 -c -fmessage-length=0 -MT"src/helloworld.o" -I../../FFTDMA_Test_bsp/ps7_cortexa9_0/include -MMD -MP -MF"src/helloworld.d" -MT"src/helloworld.d" -o "src/helloworld.o" "../src/helloworld.c"
'Finished building: ../src/helloworld.c'
' '
'Building target: FFTDMA_Test.elf'
'Invoking: ARM gcc linker'
arm-xilinx-eabi-gcc -Wl,-T -Wl,../src/lscript.ld -L../../FFTDMA_Test_bsp/ps7_cortexa9_0/lib -o "FFTDMA_Test.elf"  ./src/helloworld.o ./src/platform.o   -Wl,--start-group,-lxil,-lgcc,-lc,--end-group
'Finished building target: FFTDMA_Test.elf'
' '
'Invoking: ARM Print Size'
arm-xilinx-eabi-size FFTDMA_Test.elf  |tee "FFTDMA_Test.elf.size"
   text	   data	    bss	    dec	    hex	filename
  35100	   1216	  24228	  60544	   ec80	FFTDMA_Test.elf
'Finished building: FFTDMA_Test.elf.size'
' '
13:14:34 **** Incremental Build of configuration Debug for project FFTDMA_Test ****
make all 
make: Nothing to be done for `all'.
13:14:59 **** Auto Build of configuration Debug for project FFTDMA_Test ****
make all 
'Building file: ../src/helloworld.c'
'Invoking: ARM gcc compiler'
arm-xilinx-eabi-gcc -Wall -O0 -g3 -c -fmessage-length=0 -MT"src/helloworld.o" -I../../FFTDMA_Test_bsp/ps7_cortexa9_0/include -MMD -MP -MF"src/helloworld.d" -MT"src/helloworld.d" -o "src/helloworld.o" "../src/helloworld.c"
'Finished building: ../src/helloworld.c'
' '
'Building target: FFTDMA_Test.elf'
'Invoking: ARM gcc linker'
arm-xilinx-eabi-gcc -Wl,-T -Wl,../src/lscript.ld -L../../FFTDMA_Test_bsp/ps7_cortexa9_0/lib -o "FFTDMA_Test.elf"  ./src/helloworld.o ./src/platform.o   -Wl,--start-group,-lxil,-lgcc,-lc,--end-group
'Finished building target: FFTDMA_Test.elf'
' '
'Invoking: ARM Print Size'
arm-xilinx-eabi-size FFTDMA_Test.elf  |tee "FFTDMA_Test.elf.size"
   text	   data	    bss	    dec	    hex	filename
  35100	   1216	  24228	  60544	   ec80	FFTDMA_Test.elf
'Finished building: FFTDMA_Test.elf.size'
' '
13:16:20 **** Auto Build of configuration Debug for project FFTDMA_Test ****
make all 
'Building file: ../src/helloworld.c'
'Invoking: ARM gcc compiler'
arm-xilinx-eabi-gcc -Wall -O0 -g3 -c -fmessage-length=0 -MT"src/helloworld.o" -I../../FFTDMA_Test_bsp/ps7_cortexa9_0/include -MMD -MP -MF"src/helloworld.d" -MT"src/helloworld.d" -o "src/helloworld.o" "../src/helloworld.c"
'Finished building: ../src/helloworld.c'
' '
'Building target: FFTDMA_Test.elf'
'Invoking: ARM gcc linker'
arm-xilinx-eabi-gcc -Wl,-T -Wl,../src/lscript.ld -L../../FFTDMA_Test_bsp/ps7_cortexa9_0/lib -o "FFTDMA_Test.elf"  ./src/helloworld.o ./src/platform.o   -Wl,--start-group,-lxil,-lgcc,-lc,--end-group
'Finished building target: FFTDMA_Test.elf'
' '
'Invoking: ARM Print Size'
arm-xilinx-eabi-size FFTDMA_Test.elf  |tee "FFTDMA_Test.elf.size"
   text	   data	    bss	    dec	    hex	filename
  35128	   1216	  24228	  60572	   ec9c	FFTDMA_Test.elf
'Finished building: FFTDMA_Test.elf.size'
' '
13:16:22 **** Incremental Build of configuration Debug for project FFTDMA_Test ****
make all 
make: Nothing to be done for `all'.
14:02:55 **** Auto Build of configuration Debug for project FFTDMA_Test ****
make all 
'Building file: ../src/helloworld.c'
'Invoking: ARM gcc compiler'
arm-xilinx-eabi-gcc -Wall -O0 -g3 -c -fmessage-length=0 -MT"src/helloworld.o" -I../../FFTDMA_Test_bsp/ps7_cortexa9_0/include -MMD -MP -MF"src/helloworld.d" -MT"src/helloworld.d" -o "src/helloworld.o" "../src/helloworld.c"
'Finished building: ../src/helloworld.c'
' '
'Building target: FFTDMA_Test.elf'
'Invoking: ARM gcc linker'
arm-xilinx-eabi-gcc -Wl,-T -Wl,../src/lscript.ld -L../../FFTDMA_Test_bsp/ps7_cortexa9_0/lib -o "FFTDMA_Test.elf"  ./src/helloworld.o ./src/platform.o   -Wl,--start-group,-lxil,-lgcc,-lc,--end-group
'Finished building target: FFTDMA_Test.elf'
' '
'Invoking: ARM Print Size'
arm-xilinx-eabi-size FFTDMA_Test.elf  |tee "FFTDMA_Test.elf.size"
   text	   data	    bss	    dec	    hex	filename
  35128	   1216	  24228	  60572	   ec9c	FFTDMA_Test.elf
'Finished building: FFTDMA_Test.elf.size'
' '
14:07:00 **** Incremental Build of configuration Debug for project FFTDMA_Test ****
make all 
make: Nothing to be done for `all'.
14:07:14 **** Incremental Build of configuration Debug for project FFTDMA_Test ****
make all 
make: Nothing to be done for `all'.
14:10:02 **** Auto Build of configuration Debug for project FFTDMA_Test ****
make all 
'Building file: ../src/helloworld.c'
'Invoking: ARM gcc compiler'
arm-xilinx-eabi-gcc -Wall -O0 -g3 -c -fmessage-length=0 -MT"src/helloworld.o" -I../../FFTDMA_Test_bsp/ps7_cortexa9_0/include -MMD -MP -MF"src/helloworld.d" -MT"src/helloworld.d" -o "src/helloworld.o" "../src/helloworld.c"
'Finished building: ../src/helloworld.c'
' '
'Building target: FFTDMA_Test.elf'
'Invoking: ARM gcc linker'
arm-xilinx-eabi-gcc -Wl,-T -Wl,../src/lscript.ld -L../../FFTDMA_Test_bsp/ps7_cortexa9_0/lib -o "FFTDMA_Test.elf"  ./src/helloworld.o ./src/platform.o   -Wl,--start-group,-lxil,-lgcc,-lc,--end-group
'Finished building target: FFTDMA_Test.elf'
' '
'Invoking: ARM Print Size'
arm-xilinx-eabi-size FFTDMA_Test.elf  |tee "FFTDMA_Test.elf.size"
   text	   data	    bss	    dec	    hex	filename
  35228	   1216	  24228	  60672	   ed00	FFTDMA_Test.elf
'Finished building: FFTDMA_Test.elf.size'
' '
14:10:04 **** Incremental Build of configuration Debug for project FFTDMA_Test ****
make all 
make: Nothing to be done for `all'.
14:10:09 **** Incremental Build of configuration Debug for project FFTDMA_Test ****
make all 
make: Nothing to be done for `all'.
14:10:34 **** Incremental Build of configuration Debug for project FFTDMA_Test ****
make all 
make: Nothing to be done for `all'.
14:10:51 **** Incremental Build of configuration Debug for project FFTDMA_Test ****
make all 
make: Nothing to be done for `all'.
14:11:04 **** Incremental Build of configuration Debug for project FFTDMA_Test ****
make all 
make: Nothing to be done for `all'.
14:11:15 **** Incremental Build of configuration Debug for project FFTDMA_Test ****
make all 
make: Nothing to be done for `all'.
14:11:34 **** Auto Build of configuration Debug for project FFTDMA_Test ****
make all 
'Building file: ../src/helloworld.c'
'Invoking: ARM gcc compiler'
arm-xilinx-eabi-gcc -Wall -O0 -g3 -c -fmessage-length=0 -MT"src/helloworld.o" -I../../FFTDMA_Test_bsp/ps7_cortexa9_0/include -MMD -MP -MF"src/helloworld.d" -MT"src/helloworld.d" -o "src/helloworld.o" "../src/helloworld.c"
'Finished building: ../src/helloworld.c'
' '
'Building target: FFTDMA_Test.elf'
'Invoking: ARM gcc linker'
arm-xilinx-eabi-gcc -Wl,-T -Wl,../src/lscript.ld -L../../FFTDMA_Test_bsp/ps7_cortexa9_0/lib -o "FFTDMA_Test.elf"  ./src/helloworld.o ./src/platform.o   -Wl,--start-group,-lxil,-lgcc,-lc,--end-group
'Finished building target: FFTDMA_Test.elf'
' '
'Invoking: ARM Print Size'
arm-xilinx-eabi-size FFTDMA_Test.elf  |tee "FFTDMA_Test.elf.size"
   text	   data	    bss	    dec	    hex	filename
  35140	   1216	  24228	  60584	   eca8	FFTDMA_Test.elf
'Finished building: FFTDMA_Test.elf.size'
' '
14:11:38 **** Incremental Build of configuration Debug for project FFTDMA_Test ****
make all 
make: Nothing to be done for `all'.
14:12:05 **** Auto Build of configuration Debug for project FFTDMA_Test ****
make all 
'Building file: ../src/helloworld.c'
'Invoking: ARM gcc compiler'
arm-xilinx-eabi-gcc -Wall -O0 -g3 -c -fmessage-length=0 -MT"src/helloworld.o" -I../../FFTDMA_Test_bsp/ps7_cortexa9_0/include -MMD -MP -MF"src/helloworld.d" -MT"src/helloworld.d" -o "src/helloworld.o" "../src/helloworld.c"
'Finished building: ../src/helloworld.c'
' '
'Building target: FFTDMA_Test.elf'
'Invoking: ARM gcc linker'
arm-xilinx-eabi-gcc -Wl,-T -Wl,../src/lscript.ld -L../../FFTDMA_Test_bsp/ps7_cortexa9_0/lib -o "FFTDMA_Test.elf"  ./src/helloworld.o ./src/platform.o   -Wl,--start-group,-lxil,-lgcc,-lc,--end-group
'Finished building target: FFTDMA_Test.elf'
' '
'Invoking: ARM Print Size'
arm-xilinx-eabi-size FFTDMA_Test.elf  |tee "FFTDMA_Test.elf.size"
   text	   data	    bss	    dec	    hex	filename
  35140	   1216	  24228	  60584	   eca8	FFTDMA_Test.elf
'Finished building: FFTDMA_Test.elf.size'
' '
14:12:07 **** Incremental Build of configuration Debug for project FFTDMA_Test ****
make all 
make: Nothing to be done for `all'.
13:35:41 **** Build of project FFTDMA_Test_bsp ****
make -k all 
"Running Make include in ps7_cortexa9_0/libsrc/axidma_v8_1/src"
make -C ps7_cortexa9_0/libsrc/axidma_v8_1/src -s include  "SHELL=CMD" "COMPILER=arm-xilinx-eabi-gcc" "ARCHIVER=arm-xilinx-eabi-ar" "COMPILER_FLAGS=  -O2 -c" "EXTRA_COMPILER_FLAGS=-g"
"Running Make include in ps7_cortexa9_0/libsrc/coresightps_dcc_v1_0/src"
make -C ps7_cortexa9_0/libsrc/coresightps_dcc_v1_0/src -s include  "SHELL=CMD" "COMPILER=arm-xilinx-eabi-gcc" "ARCHIVER=arm-xilinx-eabi-ar" "COMPILER_FLAGS=  -O2 -c" "EXTRA_COMPILER_FLAGS=-g"
"Running Make include in ps7_cortexa9_0/libsrc/cpu_cortexa9_v2_1/src"
make -C ps7_cortexa9_0/libsrc/cpu_cortexa9_v2_1/src -s include  "SHELL=CMD" "COMPILER=arm-xilinx-eabi-gcc" "ARCHIVER=arm-xilinx-eabi-ar" "COMPILER_FLAGS=  -O2 -c" "EXTRA_COMPILER_FLAGS=-g"
"Running Make include in ps7_cortexa9_0/libsrc/devcfg_v3_3/src"
make -C ps7_cortexa9_0/libsrc/devcfg_v3_3/src -s include  "SHELL=CMD" "COMPILER=arm-xilinx-eabi-gcc" "ARCHIVER=arm-xilinx-eabi-ar" "COMPILER_FLAGS=  -O2 -c" "EXTRA_COMPILER_FLAGS=-g"
"Running Make include in ps7_cortexa9_0/libsrc/dmaps_v2_1/src"
make -C ps7_cortexa9_0/libsrc/dmaps_v2_1/src -s include  "SHELL=CMD" "COMPILER=arm-xilinx-eabi-gcc" "ARCHIVER=arm-xilinx-eabi-ar" "COMPILER_FLAGS=  -O2 -c" "EXTRA_COMPILER_FLAGS=-g"
"Running Make include in ps7_cortexa9_0/libsrc/emacps_v3_0/src"
make -C ps7_cortexa9_0/libsrc/emacps_v3_0/src -s include  "SHELL=CMD" "COMPILER=arm-xilinx-eabi-gcc" "ARCHIVER=arm-xilinx-eabi-ar" "COMPILER_FLAGS=  -O2 -c" "EXTRA_COMPILER_FLAGS=-g"
"Running Make include in ps7_cortexa9_0/libsrc/gpiops_v3_0/src"
make -C ps7_cortexa9_0/libsrc/gpiops_v3_0/src -s include  "SHELL=CMD" "COMPILER=arm-xilinx-eabi-gcc" "ARCHIVER=arm-xilinx-eabi-ar" "COMPILER_FLAGS=  -O2 -c" "EXTRA_COMPILER_FLAGS=-g"
"Running Make include in ps7_cortexa9_0/libsrc/qspips_v3_2/src"
make -C ps7_cortexa9_0/libsrc/qspips_v3_2/src -s include  "SHELL=CMD" "COMPILER=arm-xilinx-eabi-gcc" "ARCHIVER=arm-xilinx-eabi-ar" "COMPILER_FLAGS=  -O2 -c" "EXTRA_COMPILER_FLAGS=-g"
"Running Make include in ps7_cortexa9_0/libsrc/scugic_v3_0/src"
make -C ps7_cortexa9_0/libsrc/scugic_v3_0/src -s include  "SHELL=CMD" "COMPILER=arm-xilinx-eabi-gcc" "ARCHIVER=arm-xilinx-eabi-ar" "COMPILER_FLAGS=  -O2 -c" "EXTRA_COMPILER_FLAGS=-g"
"Running Make include in ps7_cortexa9_0/libsrc/scutimer_v2_1/src"
make -C ps7_cortexa9_0/libsrc/scutimer_v2_1/src -s include  "SHELL=CMD" "COMPILER=arm-xilinx-eabi-gcc" "ARCHIVER=arm-xilinx-eabi-ar" "COMPILER_FLAGS=  -O2 -c" "EXTRA_COMPILER_FLAGS=-g"
"Running Make include in ps7_cortexa9_0/libsrc/scuwdt_v2_1/src"
make -C ps7_cortexa9_0/libsrc/scuwdt_v2_1/src -s include  "SHELL=CMD" "COMPILER=arm-xilinx-eabi-gcc" "ARCHIVER=arm-xilinx-eabi-ar" "COMPILER_FLAGS=  -O2 -c" "EXTRA_COMPILER_FLAGS=-g"
"Running Make include in ps7_cortexa9_0/libsrc/sdps_v2_4/src"
make -C ps7_cortexa9_0/libsrc/sdps_v2_4/src -s include  "SHELL=CMD" "COMPILER=arm-xilinx-eabi-gcc" "ARCHIVER=arm-xilinx-eabi-ar" "COMPILER_FLAGS=  -O2 -c" "EXTRA_COMPILER_FLAGS=-g"
"Running Make include in ps7_cortexa9_0/libsrc/standalone_v5_1/src"
make -C ps7_cortexa9_0/libsrc/standalone_v5_1/src -s include  "SHELL=CMD" "COMPILER=arm-xilinx-eabi-gcc" "ARCHIVER=arm-xilinx-eabi-ar" "COMPILER_FLAGS=  -O2 -c" "EXTRA_COMPILER_FLAGS=-g"
"Running Make include in ps7_cortexa9_0/libsrc/uartps_v3_0/src"
make -C ps7_cortexa9_0/libsrc/uartps_v3_0/src -s include  "SHELL=CMD" "COMPILER=arm-xilinx-eabi-gcc" "ARCHIVER=arm-xilinx-eabi-ar" "COMPILER_FLAGS=  -O2 -c" "EXTRA_COMPILER_FLAGS=-g"
"Running Make include in ps7_cortexa9_0/libsrc/usbps_v2_2/src"
make -C ps7_cortexa9_0/libsrc/usbps_v2_2/src -s include  "SHELL=CMD" "COMPILER=arm-xilinx-eabi-gcc" "ARCHIVER=arm-xilinx-eabi-ar" "COMPILER_FLAGS=  -O2 -c" "EXTRA_COMPILER_FLAGS=-g"
"Running Make include in ps7_cortexa9_0/libsrc/xadcps_v2_2/src"
make -C ps7_cortexa9_0/libsrc/xadcps_v2_2/src -s include  "SHELL=CMD" "COMPILER=arm-xilinx-eabi-gcc" "ARCHIVER=arm-xilinx-eabi-ar" "COMPILER_FLAGS=  -O2 -c" "EXTRA_COMPILER_FLAGS=-g"
"Running Make libs in ps7_cortexa9_0/libsrc/axidma_v8_1/src"
make -C ps7_cortexa9_0/libsrc/axidma_v8_1/src -s libs  "SHELL=CMD" "COMPILER=arm-xilinx-eabi-gcc" "ARCHIVER=arm-xilinx-eabi-ar" "COMPILER_FLAGS=  -O2 -c" "EXTRA_COMPILER_FLAGS=-g"
"Compiling axidma"
"Running Make libs in ps7_cortexa9_0/libsrc/coresightps_dcc_v1_0/src"
make -C ps7_cortexa9_0/libsrc/coresightps_dcc_v1_0/src -s libs  "SHELL=CMD" "COMPILER=arm-xilinx-eabi-gcc" "ARCHIVER=arm-xilinx-eabi-ar" "COMPILER_FLAGS=  -O2 -c" "EXTRA_COMPILER_FLAGS=-g"
"Compiling coresightps_dcc"
"Running Make libs in ps7_cortexa9_0/libsrc/cpu_cortexa9_v2_1/src"
make -C ps7_cortexa9_0/libsrc/cpu_cortexa9_v2_1/src -s libs  "SHELL=CMD" "COMPILER=arm-xilinx-eabi-gcc" "ARCHIVER=arm-xilinx-eabi-ar" "COMPILER_FLAGS=  -O2 -c" "EXTRA_COMPILER_FLAGS=-g"
"Compiling cpu_cortexa9"
"Running Make libs in ps7_cortexa9_0/libsrc/devcfg_v3_3/src"
make -C ps7_cortexa9_0/libsrc/devcfg_v3_3/src -s libs  "SHELL=CMD" "COMPILER=arm-xilinx-eabi-gcc" "ARCHIVER=arm-xilinx-eabi-ar" "COMPILER_FLAGS=  -O2 -c" "EXTRA_COMPILER_FLAGS=-g"
"Compiling devcfg"
"Running Make libs in ps7_cortexa9_0/libsrc/dmaps_v2_1/src"
make -C ps7_cortexa9_0/libsrc/dmaps_v2_1/src -s libs  "SHELL=CMD" "COMPILER=arm-xilinx-eabi-gcc" "ARCHIVER=arm-xilinx-eabi-ar" "COMPILER_FLAGS=  -O2 -c" "EXTRA_COMPILER_FLAGS=-g"
"Compiling dmaps"
"Running Make libs in ps7_cortexa9_0/libsrc/emacps_v3_0/src"
make -C ps7_cortexa9_0/libsrc/emacps_v3_0/src -s libs  "SHELL=CMD" "COMPILER=arm-xilinx-eabi-gcc" "ARCHIVER=arm-xilinx-eabi-ar" "COMPILER_FLAGS=  -O2 -c" "EXTRA_COMPILER_FLAGS=-g"
"Compiling emacps"
"Running Make libs in ps7_cortexa9_0/libsrc/gpiops_v3_0/src"
make -C ps7_cortexa9_0/libsrc/gpiops_v3_0/src -s libs  "SHELL=CMD" "COMPILER=arm-xilinx-eabi-gcc" "ARCHIVER=arm-xilinx-eabi-ar" "COMPILER_FLAGS=  -O2 -c" "EXTRA_COMPILER_FLAGS=-g"
"Compiling gpiops"
"Running Make libs in ps7_cortexa9_0/libsrc/qspips_v3_2/src"
make -C ps7_cortexa9_0/libsrc/qspips_v3_2/src -s libs  "SHELL=CMD" "COMPILER=arm-xilinx-eabi-gcc" "ARCHIVER=arm-xilinx-eabi-ar" "COMPILER_FLAGS=  -O2 -c" "EXTRA_COMPILER_FLAGS=-g"
"Compiling qspips"
"Running Make libs in ps7_cortexa9_0/libsrc/scugic_v3_0/src"
make -C ps7_cortexa9_0/libsrc/scugic_v3_0/src -s libs  "SHELL=CMD" "COMPILER=arm-xilinx-eabi-gcc" "ARCHIVER=arm-xilinx-eabi-ar" "COMPILER_FLAGS=  -O2 -c" "EXTRA_COMPILER_FLAGS=-g"
"Compiling scugic"
"Running Make libs in ps7_cortexa9_0/libsrc/scutimer_v2_1/src"
make -C ps7_cortexa9_0/libsrc/scutimer_v2_1/src -s libs  "SHELL=CMD" "COMPILER=arm-xilinx-eabi-gcc" "ARCHIVER=arm-xilinx-eabi-ar" "COMPILER_FLAGS=  -O2 -c" "EXTRA_COMPILER_FLAGS=-g"
"Compiling scutimer"
"Running Make libs in ps7_cortexa9_0/libsrc/scuwdt_v2_1/src"
make -C ps7_cortexa9_0/libsrc/scuwdt_v2_1/src -s libs  "SHELL=CMD" "COMPILER=arm-xilinx-eabi-gcc" "ARCHIVER=arm-xilinx-eabi-ar" "COMPILER_FLAGS=  -O2 -c" "EXTRA_COMPILER_FLAGS=-g"
"Compiling scuwdt"
"Running Make libs in ps7_cortexa9_0/libsrc/sdps_v2_4/src"
make -C ps7_cortexa9_0/libsrc/sdps_v2_4/src -s libs  "SHELL=CMD" "COMPILER=arm-xilinx-eabi-gcc" "ARCHIVER=arm-xilinx-eabi-ar" "COMPILER_FLAGS=  -O2 -c" "EXTRA_COMPILER_FLAGS=-g"
"Compiling sdps"
"Running Make libs in ps7_cortexa9_0/libsrc/standalone_v5_1/src"
make -C ps7_cortexa9_0/libsrc/standalone_v5_1/src -s libs  "SHELL=CMD" "COMPILER=arm-xilinx-eabi-gcc" "ARCHIVER=arm-xilinx-eabi-ar" "COMPILER_FLAGS=  -O2 -c" "EXTRA_COMPILER_FLAGS=-g"
"Compiling standalone"
"Running Make libs in ps7_cortexa9_0/libsrc/uartps_v3_0/src"
make -C ps7_cortexa9_0/libsrc/uartps_v3_0/src -s libs  "SHELL=CMD" "COMPILER=arm-xilinx-eabi-gcc" "ARCHIVER=arm-xilinx-eabi-ar" "COMPILER_FLAGS=  -O2 -c" "EXTRA_COMPILER_FLAGS=-g"
"Compiling uartps"
"Running Make libs in ps7_cortexa9_0/libsrc/usbps_v2_2/src"
make -C ps7_cortexa9_0/libsrc/usbps_v2_2/src -s libs  "SHELL=CMD" "COMPILER=arm-xilinx-eabi-gcc" "ARCHIVER=arm-xilinx-eabi-ar" "COMPILER_FLAGS=  -O2 -c" "EXTRA_COMPILER_FLAGS=-g"
"Compiling usbps"
"Running Make libs in ps7_cortexa9_0/libsrc/xadcps_v2_2/src"
make -C ps7_cortexa9_0/libsrc/xadcps_v2_2/src -s libs  "SHELL=CMD" "COMPILER=arm-xilinx-eabi-gcc" "ARCHIVER=arm-xilinx-eabi-ar" "COMPILER_FLAGS=  -O2 -c" "EXTRA_COMPILER_FLAGS=-g"
"Compiling xadcps"
'Finished building libraries'
13:35:59 **** Build of configuration Debug for project FFTDMA_Test ****
make all 
'Building file: ../src/helloworld.c'
'Invoking: ARM gcc compiler'
arm-xilinx-eabi-gcc -Wall -O0 -g3 -c -fmessage-length=0 -MT"src/helloworld.o" -I../../FFTDMA_Test_bsp/ps7_cortexa9_0/include -MMD -MP -MF"src/helloworld.d" -MT"src/helloworld.d" -o "src/helloworld.o" "../src/helloworld.c"
'Finished building: ../src/helloworld.c'
' '
'Building file: ../src/platform.c'
'Invoking: ARM gcc compiler'
arm-xilinx-eabi-gcc -Wall -O0 -g3 -c -fmessage-length=0 -MT"src/platform.o" -I../../FFTDMA_Test_bsp/ps7_cortexa9_0/include -MMD -MP -MF"src/platform.d" -MT"src/platform.d" -o "src/platform.o" "../src/platform.c"
'Finished building: ../src/platform.c'
' '
'Building target: FFTDMA_Test.elf'
'Invoking: ARM gcc linker'
arm-xilinx-eabi-gcc -Wl,-T -Wl,../src/lscript.ld -L../../FFTDMA_Test_bsp/ps7_cortexa9_0/lib -o "FFTDMA_Test.elf"  ./src/helloworld.o ./src/platform.o   -Wl,--start-group,-lxil,-lgcc,-lc,--end-group
'Finished building target: FFTDMA_Test.elf'
' '
'Invoking: ARM Print Size'
arm-xilinx-eabi-size FFTDMA_Test.elf  |tee "FFTDMA_Test.elf.size"
   text	   data	    bss	    dec	    hex	filename
  35140	   1216	  24228	  60584	   eca8	FFTDMA_Test.elf
'Finished building: FFTDMA_Test.elf.size'
' '
13:36:45 **** Auto Build of configuration Debug for project FFTDMA_Test ****
make all 
'Building file: ../src/helloworld.c'
'Invoking: ARM gcc compiler'
arm-xilinx-eabi-gcc -Wall -O0 -g3 -c -fmessage-length=0 -MT"src/helloworld.o" -I../../FFTDMA_Test_bsp/ps7_cortexa9_0/include -MMD -MP -MF"src/helloworld.d" -MT"src/helloworld.d" -o "src/helloworld.o" "../src/helloworld.c"
'Finished building: ../src/helloworld.c'
' '
'Building target: FFTDMA_Test.elf'
'Invoking: ARM gcc linker'
arm-xilinx-eabi-gcc -Wl,-T -Wl,../src/lscript.ld -L../../FFTDMA_Test_bsp/ps7_cortexa9_0/lib -o "FFTDMA_Test.elf"  ./src/helloworld.o ./src/platform.o   -Wl,--start-group,-lxil,-lgcc,-lc,--end-group
'Finished building target: FFTDMA_Test.elf'
' '
'Invoking: ARM Print Size'
arm-xilinx-eabi-size FFTDMA_Test.elf  |tee "FFTDMA_Test.elf.size"
   text	   data	    bss	    dec	    hex	filename
  35140	   1216	  24228	  60584	   eca8	FFTDMA_Test.elf
'Finished building: FFTDMA_Test.elf.size'
' '
13:36:46 **** Incremental Build of configuration Debug for project FFTDMA_Test ****
make all 
make: Nothing to be done for `all'.
13:37:13 **** Incremental Build of configuration Debug for project FFTDMA_Test ****
make all 
make: Nothing to be done for `all'.
13:38:02 **** Incremental Build of configuration Debug for project FFTDMA_Test ****
make all 
make: Nothing to be done for `all'.
13:38:36 **** Auto Build of configuration Debug for project FFTDMA_Test ****
make all 
'Building file: ../src/helloworld.c'
'Invoking: ARM gcc compiler'
arm-xilinx-eabi-gcc -Wall -O0 -g3 -c -fmessage-length=0 -MT"src/helloworld.o" -I../../FFTDMA_Test_bsp/ps7_cortexa9_0/include -MMD -MP -MF"src/helloworld.d" -MT"src/helloworld.d" -o "src/helloworld.o" "../src/helloworld.c"
'Finished building: ../src/helloworld.c'
' '
'Building target: FFTDMA_Test.elf'
'Invoking: ARM gcc linker'
arm-xilinx-eabi-gcc -Wl,-T -Wl,../src/lscript.ld -L../../FFTDMA_Test_bsp/ps7_cortexa9_0/lib -o "FFTDMA_Test.elf"  ./src/helloworld.o ./src/platform.o   -Wl,--start-group,-lxil,-lgcc,-lc,--end-group
'Finished building target: FFTDMA_Test.elf'
' '
'Invoking: ARM Print Size'
arm-xilinx-eabi-size FFTDMA_Test.elf  |tee "FFTDMA_Test.elf.size"
   text	   data	    bss	    dec	    hex	filename
  35140	   1216	  24228	  60584	   eca8	FFTDMA_Test.elf
'Finished building: FFTDMA_Test.elf.size'
' '
13:38:37 **** Incremental Build of configuration Debug for project FFTDMA_Test ****
make all 
make: Nothing to be done for `all'.
13:39:02 **** Incremental Build of configuration Debug for project FFTDMA_Test ****
make all 
make: Nothing to be done for `all'.
13:39:22 **** Auto Build of configuration Debug for project FFTDMA_Test ****
make all 
'Building file: ../src/helloworld.c'
'Invoking: ARM gcc compiler'
arm-xilinx-eabi-gcc -Wall -O0 -g3 -c -fmessage-length=0 -MT"src/helloworld.o" -I../../FFTDMA_Test_bsp/ps7_cortexa9_0/include -MMD -MP -MF"src/helloworld.d" -MT"src/helloworld.d" -o "src/helloworld.o" "../src/helloworld.c"
'Finished building: ../src/helloworld.c'
' '
'Building target: FFTDMA_Test.elf'
'Invoking: ARM gcc linker'
arm-xilinx-eabi-gcc -Wl,-T -Wl,../src/lscript.ld -L../../FFTDMA_Test_bsp/ps7_cortexa9_0/lib -o "FFTDMA_Test.elf"  ./src/helloworld.o ./src/platform.o   -Wl,--start-group,-lxil,-lgcc,-lc,--end-group
'Finished building target: FFTDMA_Test.elf'
' '
'Invoking: ARM Print Size'
arm-xilinx-eabi-size FFTDMA_Test.elf  |tee "FFTDMA_Test.elf.size"
   text	   data	    bss	    dec	    hex	filename
  35140	   1216	  24228	  60584	   eca8	FFTDMA_Test.elf
'Finished building: FFTDMA_Test.elf.size'
' '
13:39:35 **** Incremental Build of configuration Debug for project FFTDMA_Test ****
make all 
make: Nothing to be done for `all'.
13:40:07 **** Auto Build of configuration Debug for project FFTDMA_Test ****
make all 
'Building file: ../src/helloworld.c'
'Invoking: ARM gcc compiler'
arm-xilinx-eabi-gcc -Wall -O0 -g3 -c -fmessage-length=0 -MT"src/helloworld.o" -I../../FFTDMA_Test_bsp/ps7_cortexa9_0/include -MMD -MP -MF"src/helloworld.d" -MT"src/helloworld.d" -o "src/helloworld.o" "../src/helloworld.c"
'Finished building: ../src/helloworld.c'
' '
'Building target: FFTDMA_Test.elf'
'Invoking: ARM gcc linker'
arm-xilinx-eabi-gcc -Wl,-T -Wl,../src/lscript.ld -L../../FFTDMA_Test_bsp/ps7_cortexa9_0/lib -o "FFTDMA_Test.elf"  ./src/helloworld.o ./src/platform.o   -Wl,--start-group,-lxil,-lgcc,-lc,--end-group
'Finished building target: FFTDMA_Test.elf'
' '
'Invoking: ARM Print Size'
arm-xilinx-eabi-size FFTDMA_Test.elf  |tee "FFTDMA_Test.elf.size"
   text	   data	    bss	    dec	    hex	filename
  35140	   1216	  24228	  60584	   eca8	FFTDMA_Test.elf
'Finished building: FFTDMA_Test.elf.size'
' '
13:40:12 **** Incremental Build of configuration Debug for project FFTDMA_Test ****
make all 
make: Nothing to be done for `all'.
15:06:41 **** Auto Build of configuration Debug for project FFTDMA_Test ****
make all 
'Building file: ../src/helloworld.c'
'Invoking: ARM gcc compiler'
arm-xilinx-eabi-gcc -Wall -O0 -g3 -c -fmessage-length=0 -MT"src/helloworld.o" -I../../FFTDMA_Test_bsp/ps7_cortexa9_0/include -MMD -MP -MF"src/helloworld.d" -MT"src/helloworld.d" -o "src/helloworld.o" "../src/helloworld.c"
'Finished building: ../src/helloworld.c'
' '
'Building target: FFTDMA_Test.elf'
'Invoking: ARM gcc linker'
arm-xilinx-eabi-gcc -Wl,-T -Wl,../src/lscript.ld -L../../FFTDMA_Test_bsp/ps7_cortexa9_0/lib -o "FFTDMA_Test.elf"  ./src/helloworld.o ./src/platform.o   -Wl,--start-group,-lxil,-lgcc,-lc,--end-group
'Finished building target: FFTDMA_Test.elf'
' '
'Invoking: ARM Print Size'
arm-xilinx-eabi-size FFTDMA_Test.elf  |tee "FFTDMA_Test.elf.size"
   text	   data	    bss	    dec	    hex	filename
  35140	   1216	  24228	  60584	   eca8	FFTDMA_Test.elf
'Finished building: FFTDMA_Test.elf.size'
' '
15:06:51 **** Auto Build of configuration Debug for project FFTDMA_Test ****
make all 
'Building file: ../src/helloworld.c'
'Invoking: ARM gcc compiler'
arm-xilinx-eabi-gcc -Wall -O0 -g3 -c -fmessage-length=0 -MT"src/helloworld.o" -I../../FFTDMA_Test_bsp/ps7_cortexa9_0/include -MMD -MP -MF"src/helloworld.d" -MT"src/helloworld.d" -o "src/helloworld.o" "../src/helloworld.c"
'Finished building: ../src/helloworld.c'
' '
'Building target: FFTDMA_Test.elf'
'Invoking: ARM gcc linker'
arm-xilinx-eabi-gcc -Wl,-T -Wl,../src/lscript.ld -L../../FFTDMA_Test_bsp/ps7_cortexa9_0/lib -o "FFTDMA_Test.elf"  ./src/helloworld.o ./src/platform.o   -Wl,--start-group,-lxil,-lgcc,-lc,--end-group
'Finished building target: FFTDMA_Test.elf'
' '
'Invoking: ARM Print Size'
arm-xilinx-eabi-size FFTDMA_Test.elf  |tee "FFTDMA_Test.elf.size"
   text	   data	    bss	    dec	    hex	filename
  35140	   1216	  24228	  60584	   eca8	FFTDMA_Test.elf
'Finished building: FFTDMA_Test.elf.size'
' '
15:07:00 **** Incremental Build of configuration Debug for project FFTDMA_Test ****
make all 
make: Nothing to be done for `all'.
15:57:37 **** Build of configuration Debug for project FFTDMA_Test ****
make all 
'Building file: ../src/helloworld.c'
'Invoking: ARM gcc compiler'
arm-xilinx-eabi-gcc -Wall -O0 -g3 -c -fmessage-length=0 -MT"src/helloworld.o" -I../../FFTDMA_Test_bsp/ps7_cortexa9_0/include -MMD -MP -MF"src/helloworld.d" -MT"src/helloworld.d" -o "src/helloworld.o" "../src/helloworld.c"
../src/helloworld.c:97:1: error: unknown type name 'class'
 class FixedPoint_16_16
 ^
../src/helloworld.c:98:1: error: expected '=', ',', ';', 'asm' or '__attribute__' before '{' token
 {
 ^
../src/helloworld.c: In function 'main':
../src/helloworld.c:222:2: warning: excess elements in scalar initializer
  double temp1  = {  2.4207  ,  0.9840  ,  0.5496  , -1.4829  , -4.3919  , -3.6472  ,  1.1328  ,  4.1807  ,  2.2793 ,  -0.3870  ,  0.2719 ,   1.4090  , -1.0724  , -4.5025  , -3.4015 ,   1.3593  };
  ^
../src/helloworld.c:222:2: warning: (near initialization for 'temp1')
../src/helloworld.c:222:2: warning: excess elements in scalar initializer
../src/helloworld.c:222:2: warning: (near initialization for 'temp1')
../src/helloworld.c:222:2: warning: excess elements in scalar initializer
../src/helloworld.c:222:2: warning: (near initialization for 'temp1')
../src/helloworld.c:222:2: warning: excess elements in scalar initializer
../src/helloworld.c:222:2: warning: (near initialization for 'temp1')
../src/helloworld.c:222:2: warning: excess elements in scalar initializer
../src/helloworld.c:222:2: warning: (near initialization for 'temp1')
../src/helloworld.c:222:2: warning: excess elements in scalar initializer
../src/helloworld.c:222:2: warning: (near initialization for 'temp1')
../src/helloworld.c:222:2: warning: excess elements in scalar initializer
../src/helloworld.c:222:2: warning: (near initialization for 'temp1')
../src/helloworld.c:222:2: warning: excess elements in scalar initializer
../src/helloworld.c:222:2: warning: (near initialization for 'temp1')
../src/helloworld.c:222:2: warning: excess elements in scalar initializer
../src/helloworld.c:222:2: warning: (near initialization for 'temp1')
../src/helloworld.c:222:2: warning: excess elements in scalar initializer
../src/helloworld.c:222:2: warning: (near initialization for 'temp1')
../src/helloworld.c:222:2: warning: excess elements in scalar initializer
../src/helloworld.c:222:2: warning: (near initialization for 'temp1')
../src/helloworld.c:222:2: warning: excess elements in scalar initializer
../src/helloworld.c:222:2: warning: (near initialization for 'temp1')
../src/helloworld.c:222:2: warning: excess elements in scalar initializer
../src/helloworld.c:222:2: warning: (near initialization for 'temp1')
../src/helloworld.c:222:2: warning: excess elements in scalar initializer
../src/helloworld.c:222:2: warning: (near initialization for 'temp1')
../src/helloworld.c:222:2: warning: excess elements in scalar initializer
../src/helloworld.c:222:2: warning: (near initialization for 'temp1')
../src/helloworld.c:223:2: warning: excess elements in scalar initializer
  double temp2  = {  3.9372  ,  2.6320  ,  1.0524  ,  0.6257  , -1.1797  , -4.1948  , -3.9608  ,  0.6215  ,  4.1095 ,   2.6103  , -0.2531 ,   0.0911  ,  1.4316  , -0.6811  , -4.3017 ,  -3.7573  };
  ^
../src/helloworld.c:223:2: warning: (near initialization for 'temp2')
../src/helloworld.c:223:2: warning: excess elements in scalar initializer
../src/helloworld.c:223:2: warning: (near initialization for 'temp2')
../src/helloworld.c:223:2: warning: excess elements in scalar initializer
../src/helloworld.c:223:2: warning: (near initialization for 'temp2')
../src/helloworld.c:223:2: warning: excess elements in scalar initializer
../src/helloworld.c:223:2: warning: (near initialization for 'temp2')
../src/helloworld.c:223:2: warning: excess elements in scalar initializer
../src/helloworld.c:223:2: warning: (near initialization for 'temp2')
../src/helloworld.c:223:2: warning: excess elements in scalar initializer
../src/helloworld.c:223:2: warning: (near initialization for 'temp2')
../src/helloworld.c:223:2: warning: excess elements in scalar initializer
../src/helloworld.c:223:2: warning: (near initialization for 'temp2')
../src/helloworld.c:223:2: warning: excess elements in scalar initializer
../src/helloworld.c:223:2: warning: (near initialization for 'temp2')
../src/helloworld.c:223:2: warning: excess elements in scalar initializer
../src/helloworld.c:223:2: warning: (near initialization for 'temp2')
../src/helloworld.c:223:2: warning: excess elements in scalar initializer
../src/helloworld.c:223:2: warning: (near initialization for 'temp2')
../src/helloworld.c:223:2: warning: excess elements in scalar initializer
../src/helloworld.c:223:2: warning: (near initialization for 'temp2')
../src/helloworld.c:223:2: warning: excess elements in scalar initializer
../src/helloworld.c:223:2: warning: (near initialization for 'temp2')
../src/helloworld.c:223:2: warning: excess elements in scalar initializer
../src/helloworld.c:223:2: warning: (near initialization for 'temp2')
../src/helloworld.c:223:2: warning: excess elements in scalar initializer
../src/helloworld.c:223:2: warning: (near initialization for 'temp2')
../src/helloworld.c:223:2: warning: excess elements in scalar initializer
../src/helloworld.c:223:2: warning: (near initialization for 'temp2')
../src/helloworld.c:224:2: warning: excess elements in scalar initializer
  double temp3  = {  0.8905  ,  3.8859  ,  2.8433  ,  1.1370  ,  0.6849  , -0.8936  , -3.9617  , -4.2238  ,  0.0976 ,   3.9802  ,  2.9268 ,  -0.0795  , -0.0774  ,  1.4126  , -0.3090 ,  -4.0531  };
  ^
../src/helloworld.c:224:2: warning: (near initialization for 'temp3')
../src/helloworld.c:224:2: warning: excess elements in scalar initializer
../src/helloworld.c:224:2: warning: (near initialization for 'temp3')
../src/helloworld.c:224:2: warning: excess elements in scalar initializer
../src/helloworld.c:224:2: warning: (near initialization for 'temp3')
../src/helloworld.c:224:2: warning: excess elements in scalar initializer
../src/helloworld.c:224:2: warning: (near initialization for 'temp3')
../src/helloworld.c:224:2: warning: excess elements in scalar initializer
../src/helloworld.c:224:2: warning: (near initialization for 'temp3')
../src/helloworld.c:224:2: warning: excess elements in scalar initializer
../src/helloworld.c:224:2: warning: (near initialization for 'temp3')
../src/helloworld.c:224:2: warning: excess elements in scalar initializer
../src/helloworld.c:224:2: warning: (near initialization for 'temp3')
../src/helloworld.c:224:2: warning: excess elements in scalar initializer
../src/helloworld.c:224:2: warning: (near initialization for 'temp3')
../src/helloworld.c:224:2: warning: excess elements in scalar initializer
../src/helloworld.c:224:2: warning: (near initialization for 'temp3')
../src/helloworld.c:224:2: warning: excess elements in scalar initializer
../src/helloworld.c:224:2: warning: (near initialization for 'temp3')
../src/helloworld.c:224:2: warning: excess elements in scalar initializer
../src/helloworld.c:224:2: warning: (near initialization for 'temp3')
../src/helloworld.c:224:2: warning: excess elements in scalar initializer
../src/helloworld.c:224:2: warning: (near initialization for 'temp3')
../src/helloworld.c:224:2: warning: excess elements in scalar initializer
../src/helloworld.c:224:2: warning: (near initialization for 'temp3')
../src/helloworld.c:224:2: warning: excess elements in scalar initializer
../src/helloworld.c:224:2: warning: (near initialization for 'temp3')
../src/helloworld.c:224:2: warning: excess elements in scalar initializer
../src/helloworld.c:224:2: warning: (near initialization for 'temp3')
../src/helloworld.c:225:2: warning: excess elements in scalar initializer
  double temp4  = { -4.0660  ,  0.4014  ,  3.7879  ,  3.0498  ,  1.2392  ,  0.7307  , -0.6278  , -3.6981  , -4.4335 ,  -0.4311  ,  3.7935 ,   3.2216  ,  0.1313  , -0.2274  ,  1.3551 ,   0.0378  };
  ^
../src/helloworld.c:225:2: warning: (near initialization for 'temp4')
../src/helloworld.c:225:2: warning: excess elements in scalar initializer
../src/helloworld.c:225:2: warning: (near initialization for 'temp4')
../src/helloworld.c:225:2: warning: excess elements in scalar initializer
../src/helloworld.c:225:2: warning: (near initialization for 'temp4')
../src/helloworld.c:225:2: warning: excess elements in scalar initializer
../src/helloworld.c:225:2: warning: (near initialization for 'temp4')
../src/helloworld.c:225:2: warning: excess elements in scalar initializer
../src/helloworld.c:225:2: warning: (near initialization for 'temp4')
../src/helloworld.c:225:2: warning: excess elements in scalar initializer
../src/helloworld.c:225:2: warning: (near initialization for 'temp4')
../src/helloworld.c:225:2: warning: excess elements in scalar initializer
../src/helloworld.c:225:2: warning: (near initialization for 'temp4')
../src/helloworld.c:225:2: warning: excess elements in scalar initializer
../src/helloworld.c:225:2: warning: (near initialization for 'temp4')
../src/helloworld.c:225:2: warning: excess elements in scalar initializer
../src/helloworld.c:225:2: warning: (near initialization for 'temp4')
../src/helloworld.c:225:2: warning: excess elements in scalar initializer
../src/helloworld.c:225:2: warning: (near initialization for 'temp4')
../src/helloworld.c:225:2: warning: excess elements in scalar initializer
../src/helloworld.c:225:2: warning: (near initialization for 'temp4')
../src/helloworld.c:225:2: warning: excess elements in scalar initializer
../src/helloworld.c:225:2: warning: (near initialization for 'temp4')
../src/helloworld.c:225:2: warning: excess elements in scalar initializer
../src/helloworld.c:225:2: warning: (near initialization for 'temp4')
../src/helloworld.c:225:2: warning: excess elements in scalar initializer
../src/helloworld.c:225:2: warning: (near initialization for 'temp4')
../src/helloworld.c:225:2: warning: excess elements in scalar initializer
../src/helloworld.c:225:2: warning: (near initialization for 'temp4')
../src/helloworld.c:226:2: warning: excess elements in scalar initializer
  double temp5  = { -3.7617  , -4.3232  , -0.1015  ,  3.6421  ,  3.2467  ,  1.3597  ,  0.7666  , -0.3848  , -3.4096 ,  -4.5883  , -0.9570 ,   3.5509  ,  3.4880  ,  0.3762  , -0.3535 ,   1.2627  };
  ^
../src/helloworld.c:226:2: warning: (near initialization for 'temp5')
../src/helloworld.c:226:2: warning: excess elements in scalar initializer
../src/helloworld.c:226:2: warning: (near initialization for 'temp5')
../src/helloworld.c:226:2: warning: excess elements in scalar initializer
../src/helloworld.c:226:2: warning: (near initialization for 'temp5')
../src/helloworld.c:226:2: warning: excess elements in scalar initializer
../src/helloworld.c:226:2: warning: (near initialization for 'temp5')
../src/helloworld.c:226:2: warning: excess elements in scalar initializer
../src/helloworld.c:226:2: warning: (near initialization for 'temp5')
../src/helloworld.c:226:2: warning: excess elements in scalar initializer
../src/helloworld.c:226:2: warning: (near initialization for 'temp5')
../src/helloworld.c:226:2: warning: excess elements in scalar initializer
../src/helloworld.c:226:2: warning: (near initialization for 'temp5')
../src/helloworld.c:226:2: warning: excess elements in scalar initializer
../src/helloworld.c:226:2: warning: (near initialization for 'temp5')
../src/helloworld.c:226:2: warning: excess elements in scalar initializer
../src/helloworld.c:226:2: warning: (near initialization for 'temp5')
../src/helloworld.c:226:2: warning: excess elements in scalar initializer
../src/helloworld.c:226:2: warning: (near initialization for 'temp5')
../src/helloworld.c:226:2: warning: excess elements in scalar initializer
../src/helloworld.c:226:2: warning: (near initialization for 'temp5')
../src/helloworld.c:226:2: warning: excess elements in scalar initializer
../src/helloworld.c:226:2: warning: (near initialization for 'temp5')
../src/helloworld.c:226:2: warning: excess elements in scalar initializer
../src/helloworld.c:226:2: warning: (near initialization for 'temp5')
../src/helloworld.c:226:2: warning: excess elements in scalar initializer
../src/helloworld.c:226:2: warning: (near initialization for 'temp5')
../src/helloworld.c:226:2: warning: excess elements in scalar initializer
../src/helloworld.c:226:2: warning: (near initialization for 'temp5')
../src/helloworld.c:227:2: warning: excess elements in scalar initializer
  double temp6  = {  0.3539  , -3.4334  , -4.5251  , -0.6112  ,  3.4479  ,  3.4288  ,  1.4985  ,  0.7963  , -0.1663 ,  -3.1022  , -4.6875 ,  -1.4724  ,  3.2550  ,  3.7197  ,  0.6509 ,  -0.4509  };
  ^
../src/helloworld.c:227:2: warning: (near initialization for 'temp6')
../src/helloworld.c:227:2: warning: excess elements in scalar initializer
../src/helloworld.c:227:2: warning: (near initialization for 'temp6')
../src/helloworld.c:227:2: warning: excess elements in scalar initializer
../src/helloworld.c:227:2: warning: (near initialization for 'temp6')
../src/helloworld.c:227:2: warning: excess elements in scalar initializer
../src/helloworld.c:227:2: warning: (near initialization for 'temp6')
../src/helloworld.c:227:2: warning: excess elements in scalar initializer
../src/helloworld.c:227:2: warning: (near initialization for 'temp6')
../src/helloworld.c:227:2: warning: excess elements in scalar initializer
../src/helloworld.c:227:2: warning: (near initialization for 'temp6')
../src/helloworld.c:227:2: warning: excess elements in scalar initializer
../src/helloworld.c:227:2: warning: (near initialization for 'temp6')
../src/helloworld.c:227:2: warning: excess elements in scalar initializer
../src/helloworld.c:227:2: warning: (near initialization for 'temp6')
../src/helloworld.c:227:2: warning: excess elements in scalar initializer
../src/helloworld.c:227:2: warning: (near initialization for 'temp6')
../src/helloworld.c:227:2: warning: excess elements in scalar initializer
../src/helloworld.c:227:2: warning: (near initialization for 'temp6')
../src/helloworld.c:227:2: warning: excess elements in scalar initializer
../src/helloworld.c:227:2: warning: (near initialization for 'temp6')
../src/helloworld.c:227:2: warning: excess elements in scalar initializer
../src/helloworld.c:227:2: warning: (near initialization for 'temp6')
../src/helloworld.c:227:2: warning: excess elements in scalar initializer
../src/helloworld.c:227:2: warning: (near initialization for 'temp6')
../src/helloworld.c:227:2: warning: excess elements in scalar initializer
../src/helloworld.c:227:2: warning: (near initialization for 'temp6')
../src/helloworld.c:227:2: warning: excess elements in scalar initializer
../src/helloworld.c:227:2: warning: (near initialization for 'temp6')
../src/helloworld.c:228:2: warning: excess elements in scalar initializer
  double temp7  = {  1.1402  ,  0.6347  , -3.0747  , -4.6694  , -1.1202  ,  3.2060  ,  3.5910  ,  1.6551  ,  0.8238 ,   0.0266  , -2.7816 ,  -4.7314  , -1.9698  ,  2.9095  ,  3.9110 ,   0.9506  };
  ^
../src/helloworld.c:228:2: warning: (near initialization for 'temp7')
../src/helloworld.c:228:2: warning: excess elements in scalar initializer
../src/helloworld.c:228:2: warning: (near initialization for 'temp7')
../src/helloworld.c:228:2: warning: excess elements in scalar initializer
../src/helloworld.c:228:2: warning: (near initialization for 'temp7')
../src/helloworld.c:228:2: warning: excess elements in scalar initializer
../src/helloworld.c:228:2: warning: (near initialization for 'temp7')
../src/helloworld.c:228:2: warning: excess elements in scalar initializer
../src/helloworld.c:228:2: warning: (near initialization for 'temp7')
../src/helloworld.c:228:2: warning: excess elements in scalar initializer
../src/helloworld.c:228:2: warning: (near initialization for 'temp7')
../src/helloworld.c:228:2: warning: excess elements in scalar initializer
../src/helloworld.c:228:2: warning: (near initialization for 'temp7')
../src/helloworld.c:228:2: warning: excess elements in scalar initializer
../src/helloworld.c:228:2: warning: (near initialization for 'temp7')
../src/helloworld.c:228:2: warning: excess elements in scalar initializer
../src/helloworld.c:228:2: warning: (near initialization for 'temp7')
../src/helloworld.c:228:2: warning: excess elements in scalar initializer
../src/helloworld.c:228:2: warning: (near initialization for 'temp7')
../src/helloworld.c:228:2: warning: excess elements in scalar initializer
../src/helloworld.c:228:2: warning: (near initialization for 'temp7')
../src/helloworld.c:228:2: warning: excess elements in scalar initializer
../src/helloworld.c:228:2: warning: (near initialization for 'temp7')
../src/helloworld.c:228:2: warning: excess elements in scalar initializer
../src/helloworld.c:228:2: warning: (near initialization for 'temp7')
../src/helloworld.c:228:2: warning: excess elements in scalar initializer
../src/helloworld.c:228:2: warning: (near initialization for 'temp7')
../src/helloworld.c:228:2: warning: excess elements in scalar initializer
../src/helloworld.c:228:2: warning: (near initialization for 'temp7')
../src/helloworld.c:229:2: warning: excess elements in scalar initializer
  double temp8  = { -0.5152  ,  0.9926  ,  0.8764  , -2.6923  , -4.7541  , -1.6213  ,  2.9176  ,  3.7282  ,  1.8280 ,   0.8528  ,  0.1938 ,  -2.4539  , -4.7213  , -2.4422  ,  2.5189 ,   4.0566  };
  ^
../src/helloworld.c:229:2: warning: (near initialization for 'temp8')
../src/helloworld.c:229:2: warning: excess elements in scalar initializer
../src/helloworld.c:229:2: warning: (near initialization for 'temp8')
../src/helloworld.c:229:2: warning: excess elements in scalar initializer
../src/helloworld.c:229:2: warning: (near initialization for 'temp8')
../src/helloworld.c:229:2: warning: excess elements in scalar initializer
../src/helloworld.c:229:2: warning: (near initialization for 'temp8')
../src/helloworld.c:229:2: warning: excess elements in scalar initializer
../src/helloworld.c:229:2: warning: (near initialization for 'temp8')
../src/helloworld.c:229:2: warning: excess elements in scalar initializer
../src/helloworld.c:229:2: warning: (near initialization for 'temp8')
../src/helloworld.c:229:2: warning: excess elements in scalar initializer
../src/helloworld.c:229:2: warning: (near initialization for 'temp8')
../src/helloworld.c:229:2: warning: excess elements in scalar initializer
../src/helloworld.c:229:2: warning: (near initialization for 'temp8')
../src/helloworld.c:229:2: warning: excess elements in scalar initializer
../src/helloworld.c:229:2: warning: (near initialization for 'temp8')
../src/helloworld.c:229:2: warning: excess elements in scalar initializer
../src/helloworld.c:229:2: warning: (near initialization for 'temp8')
../src/helloworld.c:229:2: warning: excess elements in scalar initializer
../src/helloworld.c:229:2: warning: (near initialization for 'temp8')
../src/helloworld.c:229:2: warning: excess elements in scalar initializer
../src/helloworld.c:229:2: warning: (near initialization for 'temp8')
../src/helloworld.c:229:2: warning: excess elements in scalar initializer
../src/helloworld.c:229:2: warning: (near initialization for 'temp8')
../src/helloworld.c:229:2: warning: excess elements in scalar initializer
../src/helloworld.c:229:2: warning: (near initialization for 'temp8')
../src/helloworld.c:229:2: warning: excess elements in scalar initializer
../src/helloworld.c:229:2: warning: (near initialization for 'temp8')
../src/helloworld.c:230:2: warning: excess elements in scalar initializer
  double temp9  = {  1.2697  , -0.5430  ,  0.8257  ,  1.0761  , -2.2935  , -4.7789  , -2.1070  ,  2.5852  ,  3.8357 ,   2.0151  ,  0.8869 ,   0.3358  , -2.1247  , -4.6592  , -2.8831 ,   2.0884  };
  ^
../src/helloworld.c:230:2: warning: (near initialization for 'temp9')
../src/helloworld.c:230:2: warning: excess elements in scalar initializer
../src/helloworld.c:230:2: warning: (near initialization for 'temp9')
../src/helloworld.c:230:2: warning: excess elements in scalar initializer
../src/helloworld.c:230:2: warning: (near initialization for 'temp9')
../src/helloworld.c:230:2: warning: excess elements in scalar initializer
../src/helloworld.c:230:2: warning: (near initialization for 'temp9')
../src/helloworld.c:230:2: warning: excess elements in scalar initializer
../src/helloworld.c:230:2: warning: (near initialization for 'temp9')
../src/helloworld.c:230:2: warning: excess elements in scalar initializer
../src/helloworld.c:230:2: warning: (near initialization for 'temp9')
../src/helloworld.c:230:2: warning: excess elements in scalar initializer
../src/helloworld.c:230:2: warning: (near initialization for 'temp9')
../src/helloworld.c:230:2: warning: excess elements in scalar initializer
../src/helloworld.c:230:2: warning: (near initialization for 'temp9')
../src/helloworld.c:230:2: warning: excess elements in scalar initializer
../src/helloworld.c:230:2: warning: (near initialization for 'temp9')
../src/helloworld.c:230:2: warning: excess elements in scalar initializer
../src/helloworld.c:230:2: warning: (near initialization for 'temp9')
../src/helloworld.c:230:2: warning: excess elements in scalar initializer
../src/helloworld.c:230:2: warning: (near initialization for 'temp9')
../src/helloworld.c:230:2: warning: excess elements in scalar initializer
../src/helloworld.c:230:2: warning: (near initialization for 'temp9')
../src/helloworld.c:230:2: warning: excess elements in scalar initializer
../src/helloworld.c:230:2: warning: (near initialization for 'temp9')
../src/helloworld.c:230:2: warning: excess elements in scalar initializer
../src/helloworld.c:230:2: warning: (near initialization for 'temp9')
../src/helloworld.c:230:2: warning: excess elements in scalar initializer
../src/helloworld.c:230:2: warning: (near initialization for 'temp9')
../src/helloworld.c:231:2: warning: excess elements in scalar initializer
  double temp10  = {  4.1523  ,  1.6020  , -0.5319  ,  0.6457  ,  1.2319  , -1.8857  , -4.7441  , -2.5701  ,  2.2118 ,   3.9090  ,  2.2138 ,   0.9297  ,  0.4538  , -1.7994  , -4.5482 ,  -3.2865  };
  ^
../src/helloworld.c:231:2: warning: (near initialization for 'temp10')
../src/helloworld.c:231:2: warning: excess elements in scalar initializer
../src/helloworld.c:231:2: warning: (near initialization for 'temp10')
../src/helloworld.c:231:2: warning: excess elements in scalar initializer
../src/helloworld.c:231:2: warning: (near initialization for 'temp10')
../src/helloworld.c:231:2: warning: excess elements in scalar initializer
../src/helloworld.c:231:2: warning: (near initialization for 'temp10')
../src/helloworld.c:231:2: warning: excess elements in scalar initializer
../src/helloworld.c:231:2: warning: (near initialization for 'temp10')
../src/helloworld.c:231:2: warning: excess elements in scalar initializer
../src/helloworld.c:231:2: warning: (near initialization for 'temp10')
../src/helloworld.c:231:2: warning: excess elements in scalar initializer
../src/helloworld.c:231:2: warning: (near initialization for 'temp10')
../src/helloworld.c:231:2: warning: excess elements in scalar initializer
../src/helloworld.c:231:2: warning: (near initialization for 'temp10')
../src/helloworld.c:231:2: warning: excess elements in scalar initializer
../src/helloworld.c:231:2: warning: (near initialization for 'temp10')
../src/helloworld.c:231:2: warning: excess elements in scalar initializer
../src/helloworld.c:231:2: warning: (near initialization for 'temp10')
../src/helloworld.c:231:2: warning: excess elements in scalar initializer
../src/helloworld.c:231:2: warning: (near initialization for 'temp10')
../src/helloworld.c:231:2: warning: excess elements in scalar initializer
../src/helloworld.c:231:2: warning: (near initialization for 'temp10')
../src/helloworld.c:231:2: warning: excess elements in scalar initializer
../src/helloworld.c:231:2: warning: (near initialization for 'temp10')
../src/helloworld.c:231:2: warning: excess elements in scalar initializer
../src/helloworld.c:231:2: warning: (near initialization for 'temp10')
../src/helloworld.c:231:2: warning: excess elements in scalar initializer
../src/helloworld.c:231:2: warning: (near initialization for 'temp10')
../src/helloworld.c:232:2: warning: excess elements in scalar initializer
  double temp11  = {  1.6242  ,  4.1945  ,  1.9408  , -0.4801  ,  0.4590  ,  1.3428  , -1.4762  , -4.6511  , -3.0038 ,   1.8016  ,  3.9440 ,   2.4207  ,  0.9840  ,  0.5496  , -1.4829 ,  -4.3919  };
  ^
../src/helloworld.c:232:2: warning: (near initialization for 'temp11')
../src/helloworld.c:232:2: warning: excess elements in scalar initializer
../src/helloworld.c:232:2: warning: (near initialization for 'temp11')
../src/helloworld.c:232:2: warning: excess elements in scalar initializer
../src/helloworld.c:232:2: warning: (near initialization for 'temp11')
../src/helloworld.c:232:2: warning: excess elements in scalar initializer
../src/helloworld.c:232:2: warning: (near initialization for 'temp11')
../src/helloworld.c:232:2: warning: excess elements in scalar initializer
../src/helloworld.c:232:2: warning: (near initialization for 'temp11')
../src/helloworld.c:232:2: warning: excess elements in scalar initializer
../src/helloworld.c:232:2: warning: (near initialization for 'temp11')
../src/helloworld.c:232:2: warning: excess elements in scalar initializer
../src/helloworld.c:232:2: warning: (near initialization for 'temp11')
../src/helloworld.c:232:2: warning: excess elements in scalar initializer
../src/helloworld.c:232:2: warning: (near initialization for 'temp11')
../src/helloworld.c:232:2: warning: excess elements in scalar initializer
../src/helloworld.c:232:2: warning: (near initialization for 'temp11')
../src/helloworld.c:232:2: warning: excess elements in scalar initializer
../src/helloworld.c:232:2: warning: (near initialization for 'temp11')
../src/helloworld.c:232:2: warning: excess elements in scalar initializer
../src/helloworld.c:232:2: warning: (near initialization for 'temp11')
../src/helloworld.c:232:2: warning: excess elements in scalar initializer
../src/helloworld.c:232:2: warning: (near initialization for 'temp11')
../src/helloworld.c:232:2: warning: excess elements in scalar initializer
../src/helloworld.c:232:2: warning: (near initialization for 'temp11')
../src/helloworld.c:232:2: warning: excess elements in scalar initializer
../src/helloworld.c:232:2: warning: (near initialization for 'temp11')
../src/helloworld.c:232:2: warning: excess elements in scalar initializer
../src/helloworld.c:232:2: warning: (near initialization for 'temp11')
../src/helloworld.c:233:2: warning: excess elements in scalar initializer
  double temp12  = { -3.6472  ,  1.1328  ,  4.1807  ,  2.2793  , -0.3870  ,  0.2719  ,  1.4090  , -1.0724  , -4.5025 ,  -3.4015  ,  1.3593 ,   3.9372  ,  2.6320  ,  1.0524  ,  0.6257 ,  -1.1797  };
  ^
../src/helloworld.c:233:2: warning: (near initialization for 'temp12')
../src/helloworld.c:233:2: warning: excess elements in scalar initializer
../src/helloworld.c:233:2: warning: (near initialization for 'temp12')
../src/helloworld.c:233:2: warning: excess elements in scalar initializer
../src/helloworld.c:233:2: warning: (near initialization for 'temp12')
../src/helloworld.c:233:2: warning: excess elements in scalar initializer
../src/helloworld.c:233:2: warning: (near initialization for 'temp12')
../src/helloworld.c:233:2: warning: excess elements in scalar initializer
../src/helloworld.c:233:2: warning: (near initialization for 'temp12')
../src/helloworld.c:233:2: warning: excess elements in scalar initializer
../src/helloworld.c:233:2: warning: (near initialization for 'temp12')
../src/helloworld.c:233:2: warning: excess elements in scalar initializer
../src/helloworld.c:233:2: warning: (near initialization for 'temp12')
../src/helloworld.c:233:2: warning: excess elements in scalar initializer
../src/helloworld.c:233:2: warning: (near initialization for 'temp12')
../src/helloworld.c:233:2: warning: excess elements in scalar initializer
../src/helloworld.c:233:2: warning: (near initialization for 'temp12')
../src/helloworld.c:233:2: warning: excess elements in scalar initializer
../src/helloworld.c:233:2: warning: (near initialization for 'temp12')
../src/helloworld.c:233:2: warning: excess elements in scalar initializer
../src/helloworld.c:233:2: warning: (near initialization for 'temp12')
../src/helloworld.c:233:2: warning: excess elements in scalar initializer
../src/helloworld.c:233:2: warning: (near initialization for 'temp12')
../src/helloworld.c:233:2: warning: excess elements in scalar initializer
../src/helloworld.c:233:2: warning: (near initialization for 'temp12')
../src/helloworld.c:233:2: warning: excess elements in scalar initializer
../src/helloworld.c:233:2: warning: (near initialization for 'temp12')
../src/helloworld.c:233:2: warning: excess elements in scalar initializer
../src/helloworld.c:233:2: warning: (near initialization for 'temp12')
../src/helloworld.c:234:2: warning: excess elements in scalar initializer
  double temp13  = { -4.1948  , -3.9608  ,  0.6215  ,  4.1095  ,  2.6103  , -0.2531  ,  0.0911  ,  1.4316  , -0.6811 ,  -4.3017  , -3.7573 ,   0.8905  ,  3.8859  ,  2.8433  ,  1.1370 ,   0.6849  };
  ^
../src/helloworld.c:234:2: warning: (near initialization for 'temp13')
../src/helloworld.c:234:2: warning: excess elements in scalar initializer
../src/helloworld.c:234:2: warning: (near initialization for 'temp13')
../src/helloworld.c:234:2: warning: excess elements in scalar initializer
../src/helloworld.c:234:2: warning: (near initialization for 'temp13')
../src/helloworld.c:234:2: warning: excess elements in scalar initializer
../src/helloworld.c:234:2: warning: (near initialization for 'temp13')
../src/helloworld.c:234:2: warning: excess elements in scalar initializer
../src/helloworld.c:234:2: warning: (near initialization for 'temp13')
../src/helloworld.c:234:2: warning: excess elements in scalar initializer
../src/helloworld.c:234:2: warning: (near initialization for 'temp13')
../src/helloworld.c:234:2: warning: excess elements in scalar initializer
../src/helloworld.c:234:2: warning: (near initialization for 'temp13')
../src/helloworld.c:234:2: warning: excess elements in scalar initializer
../src/helloworld.c:234:2: warning: (near initialization for 'temp13')
../src/helloworld.c:234:2: warning: excess elements in scalar initializer
../src/helloworld.c:234:2: warning: (near initialization for 'temp13')
../src/helloworld.c:234:2: warning: excess elements in scalar initializer
[...]
arm-xilinx-eabi-gcc: fatal error: no input files
compilation terminated.
make: *** [FFTDMA_Test.elf] Error 1
15:25:00 **** Clean-only build of configuration Debug for project FFTDMA_Test ****
make clean 
rm -rf  ./src/helloworld.o ./src/platform.o  ./src/helloworld.d ./src/platform.d  FFTDMA_Test.elf.size  FFTDMA_Test.elf
' '
15:25:00 **** Auto Build of configuration Debug for project FFTDMA_Test ****
make all 
'Building file: ../src/helloworld.c'
'Invoking: ARM gcc compiler'
arm-xilinx-eabi-gcc -Wall -O0 -g3 -c -fmessage-length=0 -MT"src/helloworld.o" -I../../FFTDMA_Test_bsp/ps7_cortexa9_0/include -MMD -MP -MF"src/helloworld.d" -MT"src/helloworld.d" -o "src/helloworld.o" "../src/helloworld.c"
../src/helloworld.c:92:37: fatal error: xfft_v9_0_bitacc_cmodel.h: No such file or directory
 #include "xfft_v9_0_bitacc_cmodel.h"
                                     ^
compilation terminated.
make: *** [src/helloworld.o] Error 1
15:25:13 **** Auto Build of configuration Debug for project FFTDMA_Test ****
make all 
'Building file: ../src/helloworld.c'
'Invoking: ARM gcc compiler'
arm-xilinx-eabi-gcc -Wall -O0 -g3 -c -fmessage-length=0 -MT"src/helloworld.o" -I../../FFTDMA_Test_bsp/ps7_cortexa9_0/include -MMD -MP -MF"src/helloworld.d" -MT"src/helloworld.d" -o "src/helloworld.o" "../src/helloworld.c"
../src/helloworld.c: In function 'SendPacket':
../src/helloworld.c:488:39: error: storage size of 'g' isn't known
  struct xilinx_ip_xfft_v9_0_generics  g;
                                       ^
../src/helloworld.c:489:2: warning: implicit declaration of function 'xilinx_ip_xfft_v9_0_create_state' [-Wimplicit-function-declaration]
  xilinx_ip_xfft_v9_0_create_state(g);
  ^
../src/helloworld.c:497:6: warning: variable 'Value' set but not used [-Wunused-but-set-variable]
  u32 Value;
      ^
../src/helloworld.c:488:39: warning: unused variable 'g' [-Wunused-variable]
  struct xilinx_ip_xfft_v9_0_generics  g;
                                       ^
make: *** [src/helloworld.o] Error 1
15:25:27 **** Auto Build of configuration Debug for project FFTDMA_Test ****
make all 
'Building file: ../src/helloworld.c'
'Invoking: ARM gcc compiler'
arm-xilinx-eabi-gcc -Wall -O0 -g3 -c -fmessage-length=0 -MT"src/helloworld.o" -I../../FFTDMA_Test_bsp/ps7_cortexa9_0/include -MMD -MP -MF"src/helloworld.d" -MT"src/helloworld.d" -o "src/helloworld.o" "../src/helloworld.c"
../src/helloworld.c: In function 'SendPacket':
../src/helloworld.c:497:6: warning: variable 'Value' set but not used [-Wunused-but-set-variable]
  u32 Value;
      ^
'Finished building: ../src/helloworld.c'
' '
'Building file: ../src/platform.c'
'Invoking: ARM gcc compiler'
arm-xilinx-eabi-gcc -Wall -O0 -g3 -c -fmessage-length=0 -MT"src/platform.o" -I../../FFTDMA_Test_bsp/ps7_cortexa9_0/include -MMD -MP -MF"src/platform.d" -MT"src/platform.d" -o "src/platform.o" "../src/platform.c"
'Finished building: ../src/platform.c'
' '
'Building target: FFTDMA_Test.elf'
'Invoking: ARM gcc linker'
arm-xilinx-eabi-gcc -Wl,-T -Wl,../src/lscript.ld -L../../FFTDMA_Test_bsp/ps7_cortexa9_0/lib -o "FFTDMA_Test.elf"  ./src/helloworld.o ./src/platform.o   -Wl,--start-group,-lxil,-lgcc,-lc,--end-group
'Finished building target: FFTDMA_Test.elf'
' '
'Invoking: ARM Print Size'
arm-xilinx-eabi-size FFTDMA_Test.elf  |tee "FFTDMA_Test.elf.size"
   text	   data	    bss	    dec	    hex	filename
  40520	   1216	  24228	  65964	  101ac	FFTDMA_Test.elf
'Finished building: FFTDMA_Test.elf.size'
' '
15:25:59 **** Clean-only build of configuration Debug for project FFTDMA_Test ****
make clean 
rm -rf  ./src/helloworld.o ./src/platform.o  ./src/helloworld.d ./src/platform.d  FFTDMA_Test.elf.size  FFTDMA_Test.elf
' '
15:26:00 **** Auto Build of configuration Debug for project FFTDMA_Test ****
make all 
'Building file: ../src/helloworld.c'
'Invoking: ARM gcc compiler'
arm-xilinx-eabi-gcc -Wall -O0 -g3 -c -fmessage-length=0 -MT"src/helloworld.o" -I../../FFTDMA_Test_bsp/ps7_cortexa9_0/include -I"C:\Xilinx\Vivado\2015.2\data\ip\xilinx\xfft_v9_0\cmodel\xfft_v9_0_bitacc_cmodel_nt64" -MMD -MP -MF"src/helloworld.d" -MT"src/helloworld.d" -o "src/helloworld.o" "../src/helloworld.c"
../src/helloworld.c: In function 'SendPacket':
../src/helloworld.c:497:6: warning: variable 'Value' set but not used [-Wunused-but-set-variable]
  u32 Value;
      ^
'Finished building: ../src/helloworld.c'
' '
'Building file: ../src/platform.c'
'Invoking: ARM gcc compiler'
arm-xilinx-eabi-gcc -Wall -O0 -g3 -c -fmessage-length=0 -MT"src/platform.o" -I../../FFTDMA_Test_bsp/ps7_cortexa9_0/include -I"C:\Xilinx\Vivado\2015.2\data\ip\xilinx\xfft_v9_0\cmodel\xfft_v9_0_bitacc_cmodel_nt64" -MMD -MP -MF"src/platform.d" -MT"src/platform.d" -o "src/platform.o" "../src/platform.c"
'Finished building: ../src/platform.c'
' '
'Building target: FFTDMA_Test.elf'
'Invoking: ARM gcc linker'
arm-xilinx-eabi-gcc -L"C:\Xilinx\Vivado\2015.2\data\ip\xilinx\xfft_v9_0\cmodel\" -Wl,-T -Wl,../src/lscript.ld -L../../FFTDMA_Test_bsp/ps7_cortexa9_0/lib -o "FFTDMA_Test.elf"  ./src/helloworld.o ./src/platform.o   -lC:/Xilinx/Vivado/2015.2/data/ip/xilinx/xfft_v9_0/cmodel/xfft_v9_0_bitacc_cmodel_nt64 -Wl,--start-group,-lxil,-lgcc,-lc,--end-group
arm-xilinx-eabi-gcc: fatal error: no input files
compilation terminated.
make: *** [FFTDMA_Test.elf] Error 1
15:26:18 **** Clean-only build of configuration Debug for project FFTDMA_Test ****
make clean 
rm -rf  ./src/helloworld.o ./src/platform.o  ./src/helloworld.d ./src/platform.d  FFTDMA_Test.elf.size  FFTDMA_Test.elf
' '
15:26:18 **** Auto Build of configuration Debug for project FFTDMA_Test ****
make all 
'Building file: ../src/helloworld.c'
'Invoking: ARM gcc compiler'
arm-xilinx-eabi-gcc -Wall -O0 -g3 -c -fmessage-length=0 -MT"src/helloworld.o" -I../../FFTDMA_Test_bsp/ps7_cortexa9_0/include -I"C:\Xilinx\Vivado\2015.2\data\ip\xilinx\xfft_v9_0\cmodel\xfft_v9_0_bitacc_cmodel_nt64" -MMD -MP -MF"src/helloworld.d" -MT"src/helloworld.d" -o "src/helloworld.o" "../src/helloworld.c"
../src/helloworld.c: In function 'SendPacket':
../src/helloworld.c:497:6: warning: variable 'Value' set but not used [-Wunused-but-set-variable]
  u32 Value;
      ^
'Finished building: ../src/helloworld.c'
' '
'Building file: ../src/platform.c'
'Invoking: ARM gcc compiler'
arm-xilinx-eabi-gcc -Wall -O0 -g3 -c -fmessage-length=0 -MT"src/platform.o" -I../../FFTDMA_Test_bsp/ps7_cortexa9_0/include -I"C:\Xilinx\Vivado\2015.2\data\ip\xilinx\xfft_v9_0\cmodel\xfft_v9_0_bitacc_cmodel_nt64" -MMD -MP -MF"src/platform.d" -MT"src/platform.d" -o "src/platform.o" "../src/platform.c"
'Finished building: ../src/platform.c'
' '
'Building target: FFTDMA_Test.elf'
'Invoking: ARM gcc linker'
arm-xilinx-eabi-gcc -Wl,-T -Wl,../src/lscript.ld -L../../FFTDMA_Test_bsp/ps7_cortexa9_0/lib -o "FFTDMA_Test.elf"  ./src/helloworld.o ./src/platform.o   -Wl,--start-group,-lxil,-lgcc,-lc,--end-group
'Finished building target: FFTDMA_Test.elf'
' '
'Invoking: ARM Print Size'
arm-xilinx-eabi-size FFTDMA_Test.elf  |tee "FFTDMA_Test.elf.size"
   text	   data	    bss	    dec	    hex	filename
  40520	   1216	  24228	  65964	  101ac	FFTDMA_Test.elf
'Finished building: FFTDMA_Test.elf.size'
' '
15:26:52 **** Auto Build of configuration Debug for project FFTDMA_Test ****
make all 
'Building file: ../src/helloworld.c'
'Invoking: ARM gcc compiler'
arm-xilinx-eabi-gcc -Wall -O0 -g3 -c -fmessage-length=0 -MT"src/helloworld.o" -I../../FFTDMA_Test_bsp/ps7_cortexa9_0/include -I"C:\Xilinx\Vivado\2015.2\data\ip\xilinx\xfft_v9_0\cmodel\xfft_v9_0_bitacc_cmodel_nt64" -MMD -MP -MF"src/helloworld.d" -MT"src/helloworld.d" -o "src/helloworld.o" "../src/helloworld.c"
../src/helloworld.c: In function 'SendPacket':
../src/helloworld.c:497:6: warning: variable 'Value' set but not used [-Wunused-but-set-variable]
  u32 Value;
      ^
'Finished building: ../src/helloworld.c'
' '
'Building target: FFTDMA_Test.elf'
'Invoking: ARM gcc linker'
arm-xilinx-eabi-gcc -Wl,-T -Wl,../src/lscript.ld -L../../FFTDMA_Test_bsp/ps7_cortexa9_0/lib -o "FFTDMA_Test.elf"  ./src/helloworld.o ./src/platform.o   -Wl,--start-group,-lxil,-lgcc,-lc,--end-group
'Finished building target: FFTDMA_Test.elf'
' '
'Invoking: ARM Print Size'
arm-xilinx-eabi-size FFTDMA_Test.elf  |tee "FFTDMA_Test.elf.size"
   text	   data	    bss	    dec	    hex	filename
  40520	   1216	  24228	  65964	  101ac	FFTDMA_Test.elf
'Finished building: FFTDMA_Test.elf.size'
' '
15:27:20 **** Auto Build of configuration Debug for project FFTDMA_Test ****
make all 
'Building file: ../src/helloworld.c'
'Invoking: ARM gcc compiler'
arm-xilinx-eabi-gcc -Wall -O0 -g3 -c -fmessage-length=0 -MT"src/helloworld.o" -I../../FFTDMA_Test_bsp/ps7_cortexa9_0/include -I"C:\Xilinx\Vivado\2015.2\data\ip\xilinx\xfft_v9_0\cmodel\xfft_v9_0_bitacc_cmodel_nt64" -MMD -MP -MF"src/helloworld.d" -MT"src/helloworld.d" -o "src/helloworld.o" "../src/helloworld.c"
../src/helloworld.c: In function 'SendPacket':
../src/helloworld.c:488:2: error: unknown type name 'xilinx_ip_xfft_v9_0_generics'
  xilinx_ip_xfft_v9_0_generics  g;
  ^
../src/helloworld.c:497:6: warning: variable 'Value' set but not used [-Wunused-but-set-variable]
  u32 Value;
      ^
../src/helloworld.c:488:32: warning: unused variable 'g' [-Wunused-variable]
  xilinx_ip_xfft_v9_0_generics  g;
                                ^
make: *** [src/helloworld.o] Error 1
15:27:46 **** Auto Build of configuration Debug for project FFTDMA_Test ****
make all 
'Building file: ../src/helloworld.c'
'Invoking: ARM gcc compiler'
arm-xilinx-eabi-gcc -Wall -O0 -g3 -c -fmessage-length=0 -MT"src/helloworld.o" -I../../FFTDMA_Test_bsp/ps7_cortexa9_0/include -I"C:\Xilinx\Vivado\2015.2\data\ip\xilinx\xfft_v9_0\cmodel\xfft_v9_0_bitacc_cmodel_nt64" -MMD -MP -MF"src/helloworld.d" -MT"src/helloworld.d" -o "src/helloworld.o" "../src/helloworld.c"
../src/helloworld.c: In function 'SendPacket':
../src/helloworld.c:497:6: warning: variable 'Value' set but not used [-Wunused-but-set-variable]
  u32 Value;
      ^
../src/helloworld.c:488:39: warning: unused variable 'g' [-Wunused-variable]
  struct xilinx_ip_xfft_v9_0_generics  g;
                                       ^
'Finished building: ../src/helloworld.c'
' '
'Building target: FFTDMA_Test.elf'
'Invoking: ARM gcc linker'
arm-xilinx-eabi-gcc -Wl,-T -Wl,../src/lscript.ld -L../../FFTDMA_Test_bsp/ps7_cortexa9_0/lib -o "FFTDMA_Test.elf"  ./src/helloworld.o ./src/platform.o   -Wl,--start-group,-lxil,-lgcc,-lc,--end-group
'Finished building target: FFTDMA_Test.elf'
' '
'Invoking: ARM Print Size'
arm-xilinx-eabi-size FFTDMA_Test.elf  |tee "FFTDMA_Test.elf.size"
   text	   data	    bss	    dec	    hex	filename
  40520	   1216	  24228	  65964	  101ac	FFTDMA_Test.elf
'Finished building: FFTDMA_Test.elf.size'
' '
15:27:50 **** Auto Build of configuration Debug for project FFTDMA_Test ****
make all 
'Building file: ../src/helloworld.c'
'Invoking: ARM gcc compiler'
arm-xilinx-eabi-gcc -Wall -O0 -g3 -c -fmessage-length=0 -MT"src/helloworld.o" -I../../FFTDMA_Test_bsp/ps7_cortexa9_0/include -I"C:\Xilinx\Vivado\2015.2\data\ip\xilinx\xfft_v9_0\cmodel\xfft_v9_0_bitacc_cmodel_nt64" -MMD -MP -MF"src/helloworld.d" -MT"src/helloworld.d" -o "src/helloworld.o" "../src/helloworld.c"
../src/helloworld.c: In function 'SendPacket':
../src/helloworld.c:497:6: warning: variable 'Value' set but not used [-Wunused-but-set-variable]
  u32 Value;
      ^
'Finished building: ../src/helloworld.c'
' '
'Building target: FFTDMA_Test.elf'
'Invoking: ARM gcc linker'
arm-xilinx-eabi-gcc -Wl,-T -Wl,../src/lscript.ld -L../../FFTDMA_Test_bsp/ps7_cortexa9_0/lib -o "FFTDMA_Test.elf"  ./src/helloworld.o ./src/platform.o   -Wl,--start-group,-lxil,-lgcc,-lc,--end-group
./src/helloworld.o: In function `SendPacket':
C:\Speedway\ZynqHW\2015_2\FFT_DMA_24102015\FFT_DMA_24102015.sdk\FFTDMA_Test\Debug/../src/helloworld.c:489: undefined reference to `xilinx_ip_xfft_v9_0_create_state'
collect2.exe: error: ld returned 1 exit status
make: *** [FFTDMA_Test.elf] Error 1
15:28:00 **** Auto Build of configuration Debug for project FFTDMA_Test ****
make all 
'Building file: ../src/helloworld.c'
'Invoking: ARM gcc compiler'
arm-xilinx-eabi-gcc -Wall -O0 -g3 -c -fmessage-length=0 -MT"src/helloworld.o" -I../../FFTDMA_Test_bsp/ps7_cortexa9_0/include -I"C:\Xilinx\Vivado\2015.2\data\ip\xilinx\xfft_v9_0\cmodel\xfft_v9_0_bitacc_cmodel_nt64" -MMD -MP -MF"src/helloworld.d" -MT"src/helloworld.d" -o "src/helloworld.o" "../src/helloworld.c"
../src/helloworld.c: In function 'SendPacket':
../src/helloworld.c:497:6: warning: variable 'Value' set but not used [-Wunused-but-set-variable]
  u32 Value;
      ^
../src/helloworld.c:488:39: warning: unused variable 'g' [-Wunused-variable]
  struct xilinx_ip_xfft_v9_0_generics  g;
                                       ^
'Finished building: ../src/helloworld.c'
' '
'Building target: FFTDMA_Test.elf'
'Invoking: ARM gcc linker'
arm-xilinx-eabi-gcc -Wl,-T -Wl,../src/lscript.ld -L../../FFTDMA_Test_bsp/ps7_cortexa9_0/lib -o "FFTDMA_Test.elf"  ./src/helloworld.o ./src/platform.o   -Wl,--start-group,-lxil,-lgcc,-lc,--end-group
'Finished building target: FFTDMA_Test.elf'
' '
'Invoking: ARM Print Size'
arm-xilinx-eabi-size FFTDMA_Test.elf  |tee "FFTDMA_Test.elf.size"
   text	   data	    bss	    dec	    hex	filename
  40520	   1216	  24228	  65964	  101ac	FFTDMA_Test.elf
'Finished building: FFTDMA_Test.elf.size'
' '
15:30:16 **** Incremental Build of configuration Debug for project FFTDMA_Test ****
make all 
make: Nothing to be done for `all'.
15:30:38 **** Auto Build of configuration Debug for project FFTDMA_Test ****
make all 
'Building file: ../src/helloworld.c'
'Invoking: ARM gcc compiler'
arm-xilinx-eabi-gcc -Wall -O0 -g3 -c -fmessage-length=0 -MT"src/helloworld.o" -I../../FFTDMA_Test_bsp/ps7_cortexa9_0/include -I"C:\Xilinx\Vivado\2015.2\data\ip\xilinx\xfft_v9_0\cmodel\xfft_v9_0_bitacc_cmodel_nt64" -MMD -MP -MF"src/helloworld.d" -MT"src/helloworld.d" -o "src/helloworld.o" "../src/helloworld.c"
In file included from ../src/helloworld.c:93:0:
C:\Xilinx\Vivado\2015.2\data\ip\xilinx\xfft_v9_0\cmodel\xfft_v9_0_bitacc_cmodel_nt64/run_bitacc_cmodel.c:55:20: fatal error: iostream: No such file or directory
 #include <iostream>
                    ^
compilation terminated.
make: *** [src/helloworld.o] Error 1
15:31:19 **** Auto Build of configuration Debug for project FFTDMA_Test ****
make all 
'Building file: ../src/helloworld.c'
'Invoking: ARM gcc compiler'
arm-xilinx-eabi-gcc -Wall -O0 -g3 -c -fmessage-length=0 -MT"src/helloworld.o" -I../../FFTDMA_Test_bsp/ps7_cortexa9_0/include -I"C:\Xilinx\Vivado\2015.2\data\ip\xilinx\xfft_v9_0\cmodel\xfft_v9_0_bitacc_cmodel_nt64" -MMD -MP -MF"src/helloworld.d" -MT"src/helloworld.d" -o "src/helloworld.o" "../src/helloworld.c"
../src/helloworld.c: In function 'SendPacket':
../src/helloworld.c:498:6: warning: variable 'Value' set but not used [-Wunused-but-set-variable]
  u32 Value;
      ^
../src/helloworld.c:489:39: warning: unused variable 'g' [-Wunused-variable]
  struct xilinx_ip_xfft_v9_0_generics  g;
                                       ^
'Finished building: ../src/helloworld.c'
' '
'Building target: FFTDMA_Test.elf'
'Invoking: ARM gcc linker'
arm-xilinx-eabi-gcc -Wl,-T -Wl,../src/lscript.ld -L../../FFTDMA_Test_bsp/ps7_cortexa9_0/lib -o "FFTDMA_Test.elf"  ./src/helloworld.o ./src/platform.o   -Wl,--start-group,-lxil,-lgcc,-lc,--end-group
'Finished building target: FFTDMA_Test.elf'
' '
'Invoking: ARM Print Size'
arm-xilinx-eabi-size FFTDMA_Test.elf  |tee "FFTDMA_Test.elf.size"
   text	   data	    bss	    dec	    hex	filename
  40520	   1216	  24228	  65964	  101ac	FFTDMA_Test.elf
'Finished building: FFTDMA_Test.elf.size'
' '
15:31:23 **** Auto Build of configuration Debug for project FFTDMA_Test ****
make all 
'Building file: ../src/helloworld.c'
'Invoking: ARM gcc compiler'
arm-xilinx-eabi-gcc -Wall -O0 -g3 -c -fmessage-length=0 -MT"src/helloworld.o" -I../../FFTDMA_Test_bsp/ps7_cortexa9_0/include -I"C:\Xilinx\Vivado\2015.2\data\ip\xilinx\xfft_v9_0\cmodel\xfft_v9_0_bitacc_cmodel_nt64" -MMD -MP -MF"src/helloworld.d" -MT"src/helloworld.d" -o "src/helloworld.o" "../src/helloworld.c"
In file included from ../src/helloworld.c:93:0:
C:\Xilinx\Vivado\2015.2\data\ip\xilinx\xfft_v9_0\cmodel\xfft_v9_0_bitacc_cmodel_nt64/run_bitacc_cmodel.c:55:20: fatal error: iostream: No such file or directory
 #include <iostream>
                    ^
compilation terminated.
make: *** [src/helloworld.o] Error 1
15:32:04 **** Auto Build of configuration Debug for project FFTDMA_Test ****
make all 
'Building file: ../src/helloworld.c'
'Invoking: ARM gcc compiler'
arm-xilinx-eabi-gcc -Wall -O0 -g3 -c -fmessage-length=0 -MT"src/helloworld.o" -I../../FFTDMA_Test_bsp/ps7_cortexa9_0/include -I"C:\Xilinx\Vivado\2015.2\data\ip\xilinx\xfft_v9_0\cmodel\xfft_v9_0_bitacc_cmodel_nt64" -MMD -MP -MF"src/helloworld.d" -MT"src/helloworld.d" -o "src/helloworld.o" "../src/helloworld.c"
In file included from ../src/helloworld.c:94:0:
C:\Xilinx\Vivado\2015.2\data\ip\xilinx\xfft_v9_0\cmodel\xfft_v9_0_bitacc_cmodel_nt64/xfft_v9_0_bitacc_mex.cpp:54:17: fatal error: mex.h: No such file or directory
 #include "mex.h"
                 ^
compilation terminated.
make: *** [src/helloworld.o] Error 1
15:32:14 **** Auto Build of configuration Debug for project FFTDMA_Test ****
make all 
'Building file: ../src/helloworld.c'
'Invoking: ARM gcc compiler'
arm-xilinx-eabi-gcc -Wall -O0 -g3 -c -fmessage-length=0 -MT"src/helloworld.o" -I../../FFTDMA_Test_bsp/ps7_cortexa9_0/include -I"C:\Xilinx\Vivado\2015.2\data\ip\xilinx\xfft_v9_0\cmodel\xfft_v9_0_bitacc_cmodel_nt64" -MMD -MP -MF"src/helloworld.d" -MT"src/helloworld.d" -o "src/helloworld.o" "../src/helloworld.c"
../src/helloworld.c: In function 'SendPacket':
../src/helloworld.c:498:6: warning: variable 'Value' set but not used [-Wunused-but-set-variable]
  u32 Value;
      ^
../src/helloworld.c:489:39: warning: unused variable 'g' [-Wunused-variable]
  struct xilinx_ip_xfft_v9_0_generics  g;
                                       ^
'Finished building: ../src/helloworld.c'
' '
'Building target: FFTDMA_Test.elf'
'Invoking: ARM gcc linker'
arm-xilinx-eabi-gcc -Wl,-T -Wl,../src/lscript.ld -L../../FFTDMA_Test_bsp/ps7_cortexa9_0/lib -o "FFTDMA_Test.elf"  ./src/helloworld.o ./src/platform.o   -Wl,--start-group,-lxil,-lgcc,-lc,--end-group
'Finished building target: FFTDMA_Test.elf'
' '
'Invoking: ARM Print Size'
arm-xilinx-eabi-size FFTDMA_Test.elf  |tee "FFTDMA_Test.elf.size"
   text	   data	    bss	    dec	    hex	filename
  40520	   1216	  24228	  65964	  101ac	FFTDMA_Test.elf
'Finished building: FFTDMA_Test.elf.size'
' '
16:05:33 **** Auto Build of configuration Debug for project FFTDMA_Test ****
make all 
'Building file: ../src/helloworld.c'
'Invoking: ARM gcc compiler'
arm-xilinx-eabi-gcc -Wall -O0 -g3 -c -fmessage-length=0 -MT"src/helloworld.o" -I../../FFTDMA_Test_bsp/ps7_cortexa9_0/include -I"C:\Xilinx\Vivado\2015.2\data\ip\xilinx\xfft_v9_0\cmodel\xfft_v9_0_bitacc_cmodel_nt64" -MMD -MP -MF"src/helloworld.d" -MT"src/helloworld.d" -o "src/helloworld.o" "../src/helloworld.c"
../src/helloworld.c: In function 'SendPacket':
../src/helloworld.c:498:6: warning: variable 'Value' set but not used [-Wunused-but-set-variable]
  u32 Value;
      ^
'Finished building: ../src/helloworld.c'
' '
'Building target: FFTDMA_Test.elf'
'Invoking: ARM gcc linker'
arm-xilinx-eabi-gcc -Wl,-T -Wl,../src/lscript.ld -L../../FFTDMA_Test_bsp/ps7_cortexa9_0/lib -o "FFTDMA_Test.elf"  ./src/helloworld.o ./src/platform.o   -Wl,--start-group,-lxil,-lgcc,-lc,--end-group
'Finished building target: FFTDMA_Test.elf'
' '
'Invoking: ARM Print Size'
arm-xilinx-eabi-size FFTDMA_Test.elf  |tee "FFTDMA_Test.elf.size"
   text	   data	    bss	    dec	    hex	filename
  40520	   1216	  24228	  65964	  101ac	FFTDMA_Test.elf
'Finished building: FFTDMA_Test.elf.size'
' '
