#-----------------------------------------------------------
# Vivado v2015.4 (64-bit)
# SW Build 1412921 on Wed Nov 18 09:43:45 MST 2015
# IP Build 1412160 on Tue Nov 17 13:47:24 MST 2015
# Start of session at: Sun Jan 10 18:21:47 2016
# Process ID: 7320
# Current directory: D:/SeniorProject/FFT_DMA_24102015
# Command line: vivado.exe -gui_launcher_event rodinguilauncherevent3380 D:\SeniorProject\FFT_DMA_24102015\FFT_DMA_24102015.xpr
# Log file: D:/SeniorProject/FFT_DMA_24102015/vivado.log
# Journal file: D:/SeniorProject/FFT_DMA_24102015\vivado.jou
#-----------------------------------------------------------
start_gui
open_project D:/SeniorProject/FFT_DMA_24102015/FFT_DMA_24102015.xpr
open_bd_design {D:/SeniorProject/FFT_DMA_24102015/FFT_DMA_24102015.srcs/sources_1/bd/FFTDMADesign/FFTDMADesign.bd}
regenerate_bd_layout
save_bd_design
reset_run synth_1
launch_runs impl_1 -to_step write_bitstream
wait_on_run impl_1
open_run impl_1
file copy -force D:/SeniorProject/FFT_DMA_24102015/FFT_DMA_24102015.runs/impl_1/FFTDMADesign_wrapper.sysdef D:/SeniorProject/dma_fft1/FFTDMADesign_wrapper.hdf

launch_sdk -workspace D:/SeniorProject/dma_fft1 -hwspec D:/SeniorProject/dma_fft1/FFTDMADesign_wrapper.hdf
open_bd_design {D:/SeniorProject/FFT_DMA_24102015/FFT_DMA_24102015.srcs/sources_1/bd/FFTDMADesign/FFTDMADesign.bd}
