01:53:14 **** Build of project pry_sdk_bsp ****
make -k all 
"Running Make include in ps7_cortexa9_0/libsrc/axidma_v9_0/src"
make -C ps7_cortexa9_0/libsrc/axidma_v9_0/src -s include  "SHELL=CMD" "COMPILER=arm-xilinx-eabi-gcc" "ARCHIVER=arm-xilinx-eabi-ar" "COMPILER_FLAGS=  -O2 -c" "EXTRA_COMPILER_FLAGS=-g"
"Running Make include in ps7_cortexa9_0/libsrc/coresightps_dcc_v1_2/src"
make -C ps7_cortexa9_0/libsrc/coresightps_dcc_v1_2/src -s include  "SHELL=CMD" "COMPILER=arm-xilinx-eabi-gcc" "ARCHIVER=arm-xilinx-eabi-ar" "COMPILER_FLAGS=  -O2 -c" "EXTRA_COMPILER_FLAGS=-g"
"Running Make include in ps7_cortexa9_0/libsrc/cpu_cortexa9_v2_1/src"
make -C ps7_cortexa9_0/libsrc/cpu_cortexa9_v2_1/src -s include  "SHELL=CMD" "COMPILER=arm-xilinx-eabi-gcc" "ARCHIVER=arm-xilinx-eabi-ar" "COMPILER_FLAGS=  -O2 -c" "EXTRA_COMPILER_FLAGS=-g"
"Running Make include in ps7_cortexa9_0/libsrc/ddrps_v1_0/src"
make -C ps7_cortexa9_0/libsrc/ddrps_v1_0/src -s include  "SHELL=CMD" "COMPILER=arm-xilinx-eabi-gcc" "ARCHIVER=arm-xilinx-eabi-ar" "COMPILER_FLAGS=  -O2 -c" "EXTRA_COMPILER_FLAGS=-g"
"Running Make include in ps7_cortexa9_0/libsrc/devcfg_v3_3/src"
make -C ps7_cortexa9_0/libsrc/devcfg_v3_3/src -s include  "SHELL=CMD" "COMPILER=arm-xilinx-eabi-gcc" "ARCHIVER=arm-xilinx-eabi-ar" "COMPILER_FLAGS=  -O2 -c" "EXTRA_COMPILER_FLAGS=-g"
"Running Make include in ps7_cortexa9_0/libsrc/dmaps_v2_1/src"
make -C ps7_cortexa9_0/libsrc/dmaps_v2_1/src -s include  "SHELL=CMD" "COMPILER=arm-xilinx-eabi-gcc" "ARCHIVER=arm-xilinx-eabi-ar" "COMPILER_FLAGS=  -O2 -c" "EXTRA_COMPILER_FLAGS=-g"
"Running Make include in ps7_cortexa9_0/libsrc/emacps_v3_1/src"
make -C ps7_cortexa9_0/libsrc/emacps_v3_1/src -s include  "SHELL=CMD" "COMPILER=arm-xilinx-eabi-gcc" "ARCHIVER=arm-xilinx-eabi-ar" "COMPILER_FLAGS=  -O2 -c" "EXTRA_COMPILER_FLAGS=-g"
"Running Make include in ps7_cortexa9_0/libsrc/gpio_v4_0/src"
make -C ps7_cortexa9_0/libsrc/gpio_v4_0/src -s include  "SHELL=CMD" "COMPILER=arm-xilinx-eabi-gcc" "ARCHIVER=arm-xilinx-eabi-ar" "COMPILER_FLAGS=  -O2 -c" "EXTRA_COMPILER_FLAGS=-g"
"Running Make include in ps7_cortexa9_0/libsrc/gpiops_v3_1/src"
make -C ps7_cortexa9_0/libsrc/gpiops_v3_1/src -s include  "SHELL=CMD" "COMPILER=arm-xilinx-eabi-gcc" "ARCHIVER=arm-xilinx-eabi-ar" "COMPILER_FLAGS=  -O2 -c" "EXTRA_COMPILER_FLAGS=-g"
"Running Make include in ps7_cortexa9_0/libsrc/qspips_v3_2/src"
make -C ps7_cortexa9_0/libsrc/qspips_v3_2/src -s include  "SHELL=CMD" "COMPILER=arm-xilinx-eabi-gcc" "ARCHIVER=arm-xilinx-eabi-ar" "COMPILER_FLAGS=  -O2 -c" "EXTRA_COMPILER_FLAGS=-g"
"Running Make include in ps7_cortexa9_0/libsrc/scugic_v3_1/src"
make -C ps7_cortexa9_0/libsrc/scugic_v3_1/src -s include  "SHELL=CMD" "COMPILER=arm-xilinx-eabi-gcc" "ARCHIVER=arm-xilinx-eabi-ar" "COMPILER_FLAGS=  -O2 -c" "EXTRA_COMPILER_FLAGS=-g"
"Running Make include in ps7_cortexa9_0/libsrc/scutimer_v2_1/src"
make -C ps7_cortexa9_0/libsrc/scutimer_v2_1/src -s include  "SHELL=CMD" "COMPILER=arm-xilinx-eabi-gcc" "ARCHIVER=arm-xilinx-eabi-ar" "COMPILER_FLAGS=  -O2 -c" "EXTRA_COMPILER_FLAGS=-g"
"Running Make include in ps7_cortexa9_0/libsrc/scuwdt_v2_1/src"
make -C ps7_cortexa9_0/libsrc/scuwdt_v2_1/src -s include  "SHELL=CMD" "COMPILER=arm-xilinx-eabi-gcc" "ARCHIVER=arm-xilinx-eabi-ar" "COMPILER_FLAGS=  -O2 -c" "EXTRA_COMPILER_FLAGS=-g"
"Running Make include in ps7_cortexa9_0/libsrc/sdps_v2_6/src"
make -C ps7_cortexa9_0/libsrc/sdps_v2_6/src -s include  "SHELL=CMD" "COMPILER=arm-xilinx-eabi-gcc" "ARCHIVER=arm-xilinx-eabi-ar" "COMPILER_FLAGS=  -O2 -c" "EXTRA_COMPILER_FLAGS=-g"
"Running Make include in ps7_cortexa9_0/libsrc/standalone_v5_3/src"
make -C ps7_cortexa9_0/libsrc/standalone_v5_3/src -s include  "SHELL=CMD" "COMPILER=arm-xilinx-eabi-gcc" "ARCHIVER=arm-xilinx-eabi-ar" "COMPILER_FLAGS=  -O2 -c" "EXTRA_COMPILER_FLAGS=-g"
"Running Make include in ps7_cortexa9_0/libsrc/ttcps_v3_0/src"
make -C ps7_cortexa9_0/libsrc/ttcps_v3_0/src -s include  "SHELL=CMD" "COMPILER=arm-xilinx-eabi-gcc" "ARCHIVER=arm-xilinx-eabi-ar" "COMPILER_FLAGS=  -O2 -c" "EXTRA_COMPILER_FLAGS=-g"
"Running Make include in ps7_cortexa9_0/libsrc/uartps_v3_1/src"
make -C ps7_cortexa9_0/libsrc/uartps_v3_1/src -s include  "SHELL=CMD" "COMPILER=arm-xilinx-eabi-gcc" "ARCHIVER=arm-xilinx-eabi-ar" "COMPILER_FLAGS=  -O2 -c" "EXTRA_COMPILER_FLAGS=-g"
"Running Make include in ps7_cortexa9_0/libsrc/usbps_v2_2/src"
make -C ps7_cortexa9_0/libsrc/usbps_v2_2/src -s include  "SHELL=CMD" "COMPILER=arm-xilinx-eabi-gcc" "ARCHIVER=arm-xilinx-eabi-ar" "COMPILER_FLAGS=  -O2 -c" "EXTRA_COMPILER_FLAGS=-g"
"Running Make include in ps7_cortexa9_0/libsrc/xadcps_v2_2/src"
make -C ps7_cortexa9_0/libsrc/xadcps_v2_2/src -s include  "SHELL=CMD" "COMPILER=arm-xilinx-eabi-gcc" "ARCHIVER=arm-xilinx-eabi-ar" "COMPILER_FLAGS=  -O2 -c" "EXTRA_COMPILER_FLAGS=-g"
"Running Make libs in ps7_cortexa9_0/libsrc/axidma_v9_0/src"
make -C ps7_cortexa9_0/libsrc/axidma_v9_0/src -s libs  "SHELL=CMD" "COMPILER=arm-xilinx-eabi-gcc" "ARCHIVER=arm-xilinx-eabi-ar" "COMPILER_FLAGS=  -O2 -c" "EXTRA_COMPILER_FLAGS=-g"
"Compiling axidma"
In file included from xaxidma.h:470:0,
                 from xaxidma.c:83:
xaxidma.c: In function 'XAxiDma_Reset':
xaxidma_bdring.h:238:26: warning: assignment makes pointer from integer without a cast
    (RingPtr)->BdaRestart =      \
                          ^
xaxidma.c:313:3: note: in expansion of macro 'XAxiDma_BdRingSnapShotCurrBd'
   XAxiDma_BdRingSnapShotCurrBd(TxRingPtr);
   ^
xaxidma_bdring.h:243:27: warning: assignment makes pointer from integer without a cast
     (RingPtr)->BdaRestart =     \
                           ^
xaxidma.c:313:3: note: in expansion of macro 'XAxiDma_BdRingSnapShotCurrBd'
   XAxiDma_BdRingSnapShotCurrBd(TxRingPtr);
   ^
xaxidma_bdring.h:248:27: warning: assignment makes pointer from integer without a cast
     (RingPtr)->BdaRestart =     \
                           ^
xaxidma.c:313:3: note: in expansion of macro 'XAxiDma_BdRingSnapShotCurrBd'
   XAxiDma_BdRingSnapShotCurrBd(TxRingPtr);
   ^
xaxidma_bdring.h:238:26: warning: assignment makes pointer from integer without a cast
    (RingPtr)->BdaRestart =      \
                          ^
xaxidma.c:319:4: note: in expansion of macro 'XAxiDma_BdRingSnapShotCurrBd'
    XAxiDma_BdRingSnapShotCurrBd(RxRingPtr);
    ^
xaxidma_bdring.h:243:27: warning: assignment makes pointer from integer without a cast
     (RingPtr)->BdaRestart =     \
                           ^
xaxidma.c:319:4: note: in expansion of macro 'XAxiDma_BdRingSnapShotCurrBd'
    XAxiDma_BdRingSnapShotCurrBd(RxRingPtr);
    ^
xaxidma_bdring.h:248:27: warning: assignment makes pointer from integer without a cast
     (RingPtr)->BdaRestart =     \
                           ^
xaxidma.c:319:4: note: in expansion of macro 'XAxiDma_BdRingSnapShotCurrBd'
    XAxiDma_BdRingSnapShotCurrBd(RxRingPtr);
    ^
arm-xilinx-eabi-ar: creating ../../../lib/libxil.a
"Running Make libs in ps7_cortexa9_0/libsrc/coresightps_dcc_v1_2/src"
make -C ps7_cortexa9_0/libsrc/coresightps_dcc_v1_2/src -s libs  "SHELL=CMD" "COMPILER=arm-xilinx-eabi-gcc" "ARCHIVER=arm-xilinx-eabi-ar" "COMPILER_FLAGS=  -O2 -c" "EXTRA_COMPILER_FLAGS=-g"
"Compiling coresightps_dcc"
"Running Make libs in ps7_cortexa9_0/libsrc/cpu_cortexa9_v2_1/src"
make -C ps7_cortexa9_0/libsrc/cpu_cortexa9_v2_1/src -s libs  "SHELL=CMD" "COMPILER=arm-xilinx-eabi-gcc" "ARCHIVER=arm-xilinx-eabi-ar" "COMPILER_FLAGS=  -O2 -c" "EXTRA_COMPILER_FLAGS=-g"
"Compiling cpu_cortexa9"
"Running Make libs in ps7_cortexa9_0/libsrc/ddrps_v1_0/src"
make -C ps7_cortexa9_0/libsrc/ddrps_v1_0/src -s libs  "SHELL=CMD" "COMPILER=arm-xilinx-eabi-gcc" "ARCHIVER=arm-xilinx-eabi-ar" "COMPILER_FLAGS=  -O2 -c" "EXTRA_COMPILER_FLAGS=-g"
"Compiling ddrps"
"Running Make libs in ps7_cortexa9_0/libsrc/devcfg_v3_3/src"
make -C ps7_cortexa9_0/libsrc/devcfg_v3_3/src -s libs  "SHELL=CMD" "COMPILER=arm-xilinx-eabi-gcc" "ARCHIVER=arm-xilinx-eabi-ar" "COMPILER_FLAGS=  -O2 -c" "EXTRA_COMPILER_FLAGS=-g"
"Compiling devcfg"
"Running Make libs in ps7_cortexa9_0/libsrc/dmaps_v2_1/src"
make -C ps7_cortexa9_0/libsrc/dmaps_v2_1/src -s libs  "SHELL=CMD" "COMPILER=arm-xilinx-eabi-gcc" "ARCHIVER=arm-xilinx-eabi-ar" "COMPILER_FLAGS=  -O2 -c" "EXTRA_COMPILER_FLAGS=-g"
"Compiling dmaps"
"Running Make libs in ps7_cortexa9_0/libsrc/emacps_v3_1/src"
make -C ps7_cortexa9_0/libsrc/emacps_v3_1/src -s libs  "SHELL=CMD" "COMPILER=arm-xilinx-eabi-gcc" "ARCHIVER=arm-xilinx-eabi-ar" "COMPILER_FLAGS=  -O2 -c" "EXTRA_COMPILER_FLAGS=-g"
"Compiling emacps"
"Running Make libs in ps7_cortexa9_0/libsrc/gpio_v4_0/src"
make -C ps7_cortexa9_0/libsrc/gpio_v4_0/src -s libs  "SHELL=CMD" "COMPILER=arm-xilinx-eabi-gcc" "ARCHIVER=arm-xilinx-eabi-ar" "COMPILER_FLAGS=  -O2 -c" "EXTRA_COMPILER_FLAGS=-g"
"Compiling gpio"
"Running Make libs in ps7_cortexa9_0/libsrc/gpiops_v3_1/src"
make -C ps7_cortexa9_0/libsrc/gpiops_v3_1/src -s libs  "SHELL=CMD" "COMPILER=arm-xilinx-eabi-gcc" "ARCHIVER=arm-xilinx-eabi-ar" "COMPILER_FLAGS=  -O2 -c" "EXTRA_COMPILER_FLAGS=-g"
"Compiling gpiops"
"Running Make libs in ps7_cortexa9_0/libsrc/qspips_v3_2/src"
make -C ps7_cortexa9_0/libsrc/qspips_v3_2/src -s libs  "SHELL=CMD" "COMPILER=arm-xilinx-eabi-gcc" "ARCHIVER=arm-xilinx-eabi-ar" "COMPILER_FLAGS=  -O2 -c" "EXTRA_COMPILER_FLAGS=-g"
"Compiling qspips"
"Running Make libs in ps7_cortexa9_0/libsrc/scugic_v3_1/src"
make -C ps7_cortexa9_0/libsrc/scugic_v3_1/src -s libs  "SHELL=CMD" "COMPILER=arm-xilinx-eabi-gcc" "ARCHIVER=arm-xilinx-eabi-ar" "COMPILER_FLAGS=  -O2 -c" "EXTRA_COMPILER_FLAGS=-g"
"Compiling scugic"
"Running Make libs in ps7_cortexa9_0/libsrc/scutimer_v2_1/src"
make -C ps7_cortexa9_0/libsrc/scutimer_v2_1/src -s libs  "SHELL=CMD" "COMPILER=arm-xilinx-eabi-gcc" "ARCHIVER=arm-xilinx-eabi-ar" "COMPILER_FLAGS=  -O2 -c" "EXTRA_COMPILER_FLAGS=-g"
"Compiling scutimer"
"Running Make libs in ps7_cortexa9_0/libsrc/scuwdt_v2_1/src"
make -C ps7_cortexa9_0/libsrc/scuwdt_v2_1/src -s libs  "SHELL=CMD" "COMPILER=arm-xilinx-eabi-gcc" "ARCHIVER=arm-xilinx-eabi-ar" "COMPILER_FLAGS=  -O2 -c" "EXTRA_COMPILER_FLAGS=-g"
"Compiling scuwdt"
"Running Make libs in ps7_cortexa9_0/libsrc/sdps_v2_6/src"
make -C ps7_cortexa9_0/libsrc/sdps_v2_6/src -s libs  "SHELL=CMD" "COMPILER=arm-xilinx-eabi-gcc" "ARCHIVER=arm-xilinx-eabi-ar" "COMPILER_FLAGS=  -O2 -c" "EXTRA_COMPILER_FLAGS=-g"
"Compiling sdps"
"Running Make libs in ps7_cortexa9_0/libsrc/standalone_v5_3/src"
make -C ps7_cortexa9_0/libsrc/standalone_v5_3/src -s libs  "SHELL=CMD" "COMPILER=arm-xilinx-eabi-gcc" "ARCHIVER=arm-xilinx-eabi-ar" "COMPILER_FLAGS=  -O2 -c" "EXTRA_COMPILER_FLAGS=-g"
"Compiling standalone"
"Running Make libs in ps7_cortexa9_0/libsrc/ttcps_v3_0/src"
make -C ps7_cortexa9_0/libsrc/ttcps_v3_0/src -s libs  "SHELL=CMD" "COMPILER=arm-xilinx-eabi-gcc" "ARCHIVER=arm-xilinx-eabi-ar" "COMPILER_FLAGS=  -O2 -c" "EXTRA_COMPILER_FLAGS=-g"
"Compiling ttcps"
"Running Make libs in ps7_cortexa9_0/libsrc/uartps_v3_1/src"
make -C ps7_cortexa9_0/libsrc/uartps_v3_1/src -s libs  "SHELL=CMD" "COMPILER=arm-xilinx-eabi-gcc" "ARCHIVER=arm-xilinx-eabi-ar" "COMPILER_FLAGS=  -O2 -c" "EXTRA_COMPILER_FLAGS=-g"
"Compiling uartps"
"Running Make libs in ps7_cortexa9_0/libsrc/usbps_v2_2/src"
make -C ps7_cortexa9_0/libsrc/usbps_v2_2/src -s libs  "SHELL=CMD" "COMPILER=arm-xilinx-eabi-gcc" "ARCHIVER=arm-xilinx-eabi-ar" "COMPILER_FLAGS=  -O2 -c" "EXTRA_COMPILER_FLAGS=-g"
"Compiling usbps"
"Running Make libs in ps7_cortexa9_0/libsrc/xadcps_v2_2/src"
make -C ps7_cortexa9_0/libsrc/xadcps_v2_2/src -s libs  "SHELL=CMD" "COMPILER=arm-xilinx-eabi-gcc" "ARCHIVER=arm-xilinx-eabi-ar" "COMPILER_FLAGS=  -O2 -c" "EXTRA_COMPILER_FLAGS=-g"
"Compiling xadcps"
'Finished building libraries'
01:53:37 **** Build of configuration Debug for project pry_sdk ****
make all 
'Building file: ../src/helloworld.c'
'Invoking: ARM gcc compiler'
arm-xilinx-eabi-gcc -Wall -O0 -g3 -c -fmessage-length=0 -MT"src/helloworld.o" -I../../pry_sdk_bsp/ps7_cortexa9_0/include -MMD -MP -MF"src/helloworld.d" -MT"src/helloworld.d" -o "src/helloworld.o" "../src/helloworld.c"
'Finished building: ../src/helloworld.c'
' '
'Building file: ../src/platform.c'
'Invoking: ARM gcc compiler'
arm-xilinx-eabi-gcc -Wall -O0 -g3 -c -fmessage-length=0 -MT"src/platform.o" -I../../pry_sdk_bsp/ps7_cortexa9_0/include -MMD -MP -MF"src/platform.d" -MT"src/platform.d" -o "src/platform.o" "../src/platform.c"
'Finished building: ../src/platform.c'
' '
'Building target: pry_sdk.elf'
'Invoking: ARM gcc linker'
arm-xilinx-eabi-gcc -Wl,-T -Wl,../src/lscript.ld -L../../pry_sdk_bsp/ps7_cortexa9_0/lib -o "pry_sdk.elf"  ./src/helloworld.o ./src/platform.o   -Wl,--start-group,-lxil,-lgcc,-lc,--end-group
'Finished building target: pry_sdk.elf'
' '
'Invoking: ARM Print Size'
arm-xilinx-eabi-size pry_sdk.elf  |tee "pry_sdk.elf.size"
   text	   data	    bss	    dec	    hex	filename
  22888	   1152	  22564	  46604	   b60c	pry_sdk.elf
'Finished building: pry_sdk.elf.size'
' '
01:53:39 **** Auto Build of configuration Debug for project pry_sdk ****
make all 
make: Nothing to be done for `all'.
01:56:32 **** Auto Build of configuration Debug for project pry_sdk ****
make all 
'Building file: ../src/cplx_data.c'
'Invoking: ARM gcc compiler'
arm-xilinx-eabi-gcc -Wall -O0 -g3 -c -fmessage-length=0 -MT"src/cplx_data.o" -I../../pry_sdk_bsp/ps7_cortexa9_0/include -MMD -MP -MF"src/cplx_data.d" -MT"src/cplx_data.d" -o "src/cplx_data.o" "../src/cplx_data.c"
'Finished building: ../src/cplx_data.c'
' '
'Building target: pry_sdk.elf'
'Invoking: ARM gcc linker'
arm-xilinx-eabi-gcc -Wl,-T -Wl,../src/lscript.ld -L../../pry_sdk_bsp/ps7_cortexa9_0/lib -o "pry_sdk.elf"  ./src/cplx_data.o ./src/helloworld.o ./src/platform.o   -Wl,--start-group,-lxil,-lgcc,-lc,--end-group
'Finished building target: pry_sdk.elf'
' '
'Invoking: ARM Print Size'
arm-xilinx-eabi-size pry_sdk.elf  |tee "pry_sdk.elf.size"
   text	   data	    bss	    dec	    hex	filename
  53548	   2316	  22636	  78500	  132a4	pry_sdk.elf
'Finished building: pry_sdk.elf.size'
' '
01:56:46 **** Auto Build of configuration Debug for project pry_sdk ****
make all 
'Building file: ../src/helloworld.c'
'Invoking: ARM gcc compiler'
arm-xilinx-eabi-gcc -Wall -O0 -g3 -c -fmessage-length=0 -MT"src/helloworld.o" -I../../pry_sdk_bsp/ps7_cortexa9_0/include -MMD -MP -MF"src/helloworld.d" -MT"src/helloworld.d" -o "src/helloworld.o" "../src/helloworld.c"
../src/helloworld.c: In function 'RxSetup':
../src/helloworld.c:360:12: warning: assignment makes pointer from integer without a cast
   BdCurPtr = XAxiDma_BdRingNext(RxRingPtr, BdCurPtr);
            ^
../src/helloworld.c: In function 'SendPacket':
../src/helloworld.c:532:11: warning: assignment makes pointer from integer without a cast
  BdCurPtr = XAxiDma_BdRingNext(TxRingPtr, BdCurPtr);
           ^
../src/helloworld.c:476:15: warning: unused variable 'str' [-Wunused-variable]
  char         str[30];
               ^
'Finished building: ../src/helloworld.c'
' '
'Building target: pry_sdk.elf'
'Invoking: ARM gcc linker'
arm-xilinx-eabi-gcc -Wl,-T -Wl,../src/lscript.ld -L../../pry_sdk_bsp/ps7_cortexa9_0/lib -o "pry_sdk.elf"  ./src/cplx_data.o ./src/helloworld.o ./src/platform.o   -Wl,--start-group,-lxil,-lgcc,-lc,--end-group
'Finished building target: pry_sdk.elf'
' '
'Invoking: ARM Print Size'
arm-xilinx-eabi-size pry_sdk.elf  |tee "pry_sdk.elf.size"
   text	   data	    bss	    dec	    hex	filename
  66068	  35156	  24380	 125604	  1eaa4	pry_sdk.elf
'Finished building: pry_sdk.elf.size'
' '
01:58:06 **** Auto Build of configuration Debug for project pry_sdk ****
make all 
'Building file: ../src/helloworld.c'
'Invoking: ARM gcc compiler'
arm-xilinx-eabi-gcc -Wall -O0 -g3 -c -fmessage-length=0 -MT"src/helloworld.o" -I../../pry_sdk_bsp/ps7_cortexa9_0/include -MMD -MP -MF"src/helloworld.d" -MT"src/helloworld.d" -o "src/helloworld.o" "../src/helloworld.c"
../src/helloworld.c: In function 'main':
../src/helloworld.c:197:13: error: 'stim_buf' undeclared (first use in this function)
      memcpy(stim_buf, sig_two_sine_waves, sizeof(cplx_data_t)*FFT_MAX_NUM_PTS);
             ^
../src/helloworld.c:197:13: note: each undeclared identifier is reported only once for each function it appears in
../src/helloworld.c: In function 'RxSetup':
../src/helloworld.c:360:12: warning: assignment makes pointer from integer without a cast
   BdCurPtr = XAxiDma_BdRingNext(RxRingPtr, BdCurPtr);
            ^
../src/helloworld.c: In function 'SendPacket':
../src/helloworld.c:479:29: error: 'stim_buf' undeclared (first use in this function)
  TxPacket =  (cplx_data_t *)stim_buf; //setPointerForPacket
                             ^
../src/helloworld.c:532:11: warning: assignment makes pointer from integer without a cast
  BdCurPtr = XAxiDma_BdRingNext(TxRingPtr, BdCurPtr);
           ^
../src/helloworld.c:476:15: warning: unused variable 'str' [-Wunused-variable]
  char         str[30];
               ^
make: *** [src/helloworld.o] Error 1
02:00:00 **** Auto Build of configuration Debug for project pry_sdk ****
make all 
'Building file: ../src/helloworld.c'
'Invoking: ARM gcc compiler'
arm-xilinx-eabi-gcc -Wall -O0 -g3 -c -fmessage-length=0 -MT"src/helloworld.o" -I../../pry_sdk_bsp/ps7_cortexa9_0/include -MMD -MP -MF"src/helloworld.d" -MT"src/helloworld.d" -o "src/helloworld.o" "../src/helloworld.c"
../src/helloworld.c: In function 'RxSetup':
../src/helloworld.c:361:12: warning: assignment makes pointer from integer without a cast
   BdCurPtr = XAxiDma_BdRingNext(RxRingPtr, BdCurPtr);
            ^
../src/helloworld.c: In function 'SendPacket':
../src/helloworld.c:480:29: error: 'stim_buf' undeclared (first use in this function)
  TxPacket =  (cplx_data_t *)stim_buf; //setPointerForPacket
                             ^
../src/helloworld.c:480:29: note: each undeclared identifier is reported only once for each function it appears in
../src/helloworld.c:533:11: warning: assignment makes pointer from integer without a cast
  BdCurPtr = XAxiDma_BdRingNext(TxRingPtr, BdCurPtr);
           ^
../src/helloworld.c:477:15: warning: unused variable 'str' [-Wunused-variable]
  char         str[30];
               ^
../src/helloworld.c: At top level:
../src/helloworld.c:141:13: warning: 'Setdta' declared 'static' but never defined [-Wunused-function]
 static void Setdta(void);
             ^
make: *** [src/helloworld.o] Error 1
02:00:06 **** Auto Build of configuration Debug for project pry_sdk ****
make all 
'Building file: ../src/helloworld.c'
'Invoking: ARM gcc compiler'
arm-xilinx-eabi-gcc -Wall -O0 -g3 -c -fmessage-length=0 -MT"src/helloworld.o" -I../../pry_sdk_bsp/ps7_cortexa9_0/include -MMD -MP -MF"src/helloworld.d" -MT"src/helloworld.d" -o "src/helloworld.o" "../src/helloworld.c"
../src/helloworld.c: In function 'RxSetup':
../src/helloworld.c:361:12: warning: assignment makes pointer from integer without a cast
   BdCurPtr = XAxiDma_BdRingNext(RxRingPtr, BdCurPtr);
            ^
../src/helloworld.c: In function 'SendPacket':
../src/helloworld.c:480:29: error: 'stim_buf' undeclared (first use in this function)
  TxPacket =  (cplx_data_t *)stim_buf; //setPointerForPacket
                             ^
../src/helloworld.c:480:29: note: each undeclared identifier is reported only once for each function it appears in
../src/helloworld.c:533:11: warning: assignment makes pointer from integer without a cast
  BdCurPtr = XAxiDma_BdRingNext(TxRingPtr, BdCurPtr);
           ^
../src/helloworld.c:477:15: warning: unused variable 'str' [-Wunused-variable]
  char         str[30];
               ^
../src/helloworld.c: At top level:
../src/helloworld.c:141:13: warning: 'Setdata' declared 'static' but never defined [-Wunused-function]
 static void Setdata(void);
             ^
make: *** [src/helloworld.o] Error 1
02:00:21 **** Auto Build of configuration Debug for project pry_sdk ****
make all 
'Building file: ../src/helloworld.c'
'Invoking: ARM gcc compiler'
arm-xilinx-eabi-gcc -Wall -O0 -g3 -c -fmessage-length=0 -MT"src/helloworld.o" -I../../pry_sdk_bsp/ps7_cortexa9_0/include -MMD -MP -MF"src/helloworld.d" -MT"src/helloworld.d" -o "src/helloworld.o" "../src/helloworld.c"
../src/helloworld.c: In function 'RxSetup':
../src/helloworld.c:361:12: warning: assignment makes pointer from integer without a cast
   BdCurPtr = XAxiDma_BdRingNext(RxRingPtr, BdCurPtr);
            ^
../src/helloworld.c: In function 'SendPacket':
../src/helloworld.c:480:29: error: 'stim_buf' undeclared (first use in this function)
  TxPacket =  (cplx_data_t *)stim_buf; //setPointerForPacket
                             ^
../src/helloworld.c:480:29: note: each undeclared identifier is reported only once for each function it appears in
../src/helloworld.c:533:11: warning: assignment makes pointer from integer without a cast
  BdCurPtr = XAxiDma_BdRingNext(TxRingPtr, BdCurPtr);
           ^
../src/helloworld.c:477:15: warning: unused variable 'str' [-Wunused-variable]
  char         str[30];
               ^
../src/helloworld.c: At top level:
../src/helloworld.c:672:13: warning: 'Setdata' declared 'static' but never defined [-Wunused-function]
 static void Setdata(void);
             ^
make: *** [src/helloworld.o] Error 1
02:00:24 **** Auto Build of configuration Debug for project pry_sdk ****
make all 
'Building file: ../src/helloworld.c'
'Invoking: ARM gcc compiler'
arm-xilinx-eabi-gcc -Wall -O0 -g3 -c -fmessage-length=0 -MT"src/helloworld.o" -I../../pry_sdk_bsp/ps7_cortexa9_0/include -MMD -MP -MF"src/helloworld.d" -MT"src/helloworld.d" -o "src/helloworld.o" "../src/helloworld.c"
../src/helloworld.c: In function 'RxSetup':
../src/helloworld.c:361:12: warning: assignment makes pointer from integer without a cast
   BdCurPtr = XAxiDma_BdRingNext(RxRingPtr, BdCurPtr);
            ^
../src/helloworld.c: In function 'SendPacket':
../src/helloworld.c:480:29: error: 'stim_buf' undeclared (first use in this function)
  TxPacket =  (cplx_data_t *)stim_buf; //setPointerForPacket
                             ^
../src/helloworld.c:480:29: note: each undeclared identifier is reported only once for each function it appears in
../src/helloworld.c:533:11: warning: assignment makes pointer from integer without a cast
  BdCurPtr = XAxiDma_BdRingNext(TxRingPtr, BdCurPtr);
           ^
../src/helloworld.c:477:15: warning: unused variable 'str' [-Wunused-variable]
  char         str[30];
               ^
../src/helloworld.c: At top level:
../src/helloworld.c:672:13: warning: 'Setdata' defined but not used [-Wunused-function]
 static void Setdata(void){
             ^
make: *** [src/helloworld.o] Error 1
02:00:46 **** Auto Build of configuration Debug for project pry_sdk ****
make all 
'Building file: ../src/helloworld.c'
'Invoking: ARM gcc compiler'
arm-xilinx-eabi-gcc -Wall -O0 -g3 -c -fmessage-length=0 -MT"src/helloworld.o" -I../../pry_sdk_bsp/ps7_cortexa9_0/include -MMD -MP -MF"src/helloworld.d" -MT"src/helloworld.d" -o "src/helloworld.o" "../src/helloworld.c"
../src/helloworld.c: In function 'RxSetup':
../src/helloworld.c:361:12: warning: assignment makes pointer from integer without a cast
   BdCurPtr = XAxiDma_BdRingNext(RxRingPtr, BdCurPtr);
            ^
../src/helloworld.c: In function 'SendPacket':
../src/helloworld.c:496:21: error: 'stim_buf' undeclared (first use in this function)
  TxBufferPtr = (u32)stim_buf;
                     ^
../src/helloworld.c:496:21: note: each undeclared identifier is reported only once for each function it appears in
../src/helloworld.c:533:11: warning: assignment makes pointer from integer without a cast
  BdCurPtr = XAxiDma_BdRingNext(TxRingPtr, BdCurPtr);
           ^
../src/helloworld.c:477:15: warning: unused variable 'str' [-Wunused-variable]
  char         str[30];
               ^
../src/helloworld.c: At top level:
../src/helloworld.c:672:13: warning: 'Setdata' defined but not used [-Wunused-function]
 static void Setdata(void){
             ^
make: *** [src/helloworld.o] Error 1
02:01:04 **** Auto Build of configuration Debug for project pry_sdk ****
make all 
'Building file: ../src/helloworld.c'
'Invoking: ARM gcc compiler'
arm-xilinx-eabi-gcc -Wall -O0 -g3 -c -fmessage-length=0 -MT"src/helloworld.o" -I../../pry_sdk_bsp/ps7_cortexa9_0/include -MMD -MP -MF"src/helloworld.d" -MT"src/helloworld.d" -o "src/helloworld.o" "../src/helloworld.c"
../src/helloworld.c: In function 'RxSetup':
../src/helloworld.c:361:12: warning: assignment makes pointer from integer without a cast
   BdCurPtr = XAxiDma_BdRingNext(RxRingPtr, BdCurPtr);
            ^
../src/helloworld.c: In function 'SendPacket':
../src/helloworld.c:533:11: warning: assignment makes pointer from integer without a cast
  BdCurPtr = XAxiDma_BdRingNext(TxRingPtr, BdCurPtr);
           ^
../src/helloworld.c:477:15: warning: unused variable 'str' [-Wunused-variable]
  char         str[30];
               ^
../src/helloworld.c: At top level:
../src/helloworld.c:672:13: warning: 'Setdata' defined but not used [-Wunused-function]
 static void Setdata(void){
             ^
'Finished building: ../src/helloworld.c'
' '
'Building target: pry_sdk.elf'
'Invoking: ARM gcc linker'
arm-xilinx-eabi-gcc -Wl,-T -Wl,../src/lscript.ld -L../../pry_sdk_bsp/ps7_cortexa9_0/lib -o "pry_sdk.elf"  ./src/cplx_data.o ./src/helloworld.o ./src/platform.o   -Wl,--start-group,-lxil,-lgcc,-lc,--end-group
'Finished building target: pry_sdk.elf'
' '
'Invoking: ARM Print Size'
arm-xilinx-eabi-size pry_sdk.elf  |tee "pry_sdk.elf.size"
   text	   data	    bss	    dec	    hex	filename
  66068	  35156	  24380	 125604	  1eaa4	pry_sdk.elf
'Finished building: pry_sdk.elf.size'
' '
02:01:21 **** Auto Build of configuration Debug for project pry_sdk ****
make all 
'Building file: ../src/helloworld.c'
'Invoking: ARM gcc compiler'
arm-xilinx-eabi-gcc -Wall -O0 -g3 -c -fmessage-length=0 -MT"src/helloworld.o" -I../../pry_sdk_bsp/ps7_cortexa9_0/include -MMD -MP -MF"src/helloworld.d" -MT"src/helloworld.d" -o "src/helloworld.o" "../src/helloworld.c"
../src/helloworld.c: In function 'RxSetup':
../src/helloworld.c:361:12: warning: assignment makes pointer from integer without a cast
   BdCurPtr = XAxiDma_BdRingNext(RxRingPtr, BdCurPtr);
            ^
../src/helloworld.c: In function 'SendPacket':
../src/helloworld.c:533:11: warning: assignment makes pointer from integer without a cast
  BdCurPtr = XAxiDma_BdRingNext(TxRingPtr, BdCurPtr);
           ^
../src/helloworld.c:477:15: warning: unused variable 'str' [-Wunused-variable]
  char         str[30];
               ^
../src/helloworld.c: In function 'Setdata':
../src/helloworld.c:673:2: error: 'x' undeclared (first use in this function)
  x = 1024;
  ^
../src/helloworld.c:673:2: note: each undeclared identifier is reported only once for each function it appears in
../src/helloworld.c:674:3: error: 'y' undeclared (first use in this function)
   y = 1080;
   ^
../src/helloworld.c:675:3: error: 'n' undeclared (first use in this function)
   n = 3;
   ^
../src/helloworld.c:677:3: warning: format '%x' expects argument of type 'unsigned int', but argument 2 has type 'struct FILE *' [-Wformat=]
   printf("F : %x\n", fi);
   ^
../src/helloworld.c:677:3: warning: format '%x' expects argument of type 'unsigned int', but argument 2 has type 'struct FILE *' [-Wformat=]
../src/helloworld.c:678:3: error: 'data' undeclared (first use in this function)
   data = (unsigned char*)malloc( x*y*n * sizeof(unsigned char));
   ^
../src/helloworld.c: At top level:
../src/helloworld.c:672:13: warning: 'Setdata' defined but not used [-Wunused-function]
 static void Setdata(void){
             ^
make: *** [src/helloworld.o] Error 1
02:01:34 **** Auto Build of configuration Debug for project pry_sdk ****
make all 
'Building file: ../src/helloworld.c'
'Invoking: ARM gcc compiler'
arm-xilinx-eabi-gcc -Wall -O0 -g3 -c -fmessage-length=0 -MT"src/helloworld.o" -I../../pry_sdk_bsp/ps7_cortexa9_0/include -MMD -MP -MF"src/helloworld.d" -MT"src/helloworld.d" -o "src/helloworld.o" "../src/helloworld.c"
../src/helloworld.c: In function 'RxSetup':
../src/helloworld.c:361:12: warning: assignment makes pointer from integer without a cast
   BdCurPtr = XAxiDma_BdRingNext(RxRingPtr, BdCurPtr);
            ^
../src/helloworld.c: In function 'SendPacket':
../src/helloworld.c:533:11: warning: assignment makes pointer from integer without a cast
  BdCurPtr = XAxiDma_BdRingNext(TxRingPtr, BdCurPtr);
           ^
../src/helloworld.c:477:15: warning: unused variable 'str' [-Wunused-variable]
  char         str[30];
               ^
../src/helloworld.c: In function 'Setdata':
../src/helloworld.c:675:3: error: 'n' undeclared (first use in this function)
   n = 3;
   ^
../src/helloworld.c:675:3: note: each undeclared identifier is reported only once for each function it appears in
../src/helloworld.c:677:3: warning: format '%x' expects argument of type 'unsigned int', but argument 2 has type 'struct FILE *' [-Wformat=]
   printf("F : %x\n", fi);
   ^
../src/helloworld.c:677:3: warning: format '%x' expects argument of type 'unsigned int', but argument 2 has type 'struct FILE *' [-Wformat=]
../src/helloworld.c:678:3: error: 'data' undeclared (first use in this function)
   data = (unsigned char*)malloc( x*y*n * sizeof(unsigned char));
   ^
../src/helloworld.c: At top level:
../src/helloworld.c:672:13: warning: 'Setdata' defined but not used [-Wunused-function]
 static void Setdata(void){
             ^
make: *** [src/helloworld.o] Error 1
02:01:38 **** Auto Build of configuration Debug for project pry_sdk ****
make all 
'Building file: ../src/helloworld.c'
'Invoking: ARM gcc compiler'
arm-xilinx-eabi-gcc -Wall -O0 -g3 -c -fmessage-length=0 -MT"src/helloworld.o" -I../../pry_sdk_bsp/ps7_cortexa9_0/include -MMD -MP -MF"src/helloworld.d" -MT"src/helloworld.d" -o "src/helloworld.o" "../src/helloworld.c"
../src/helloworld.c: In function 'RxSetup':
../src/helloworld.c:361:12: warning: assignment makes pointer from integer without a cast
   BdCurPtr = XAxiDma_BdRingNext(RxRingPtr, BdCurPtr);
            ^
../src/helloworld.c: In function 'SendPacket':
../src/helloworld.c:533:11: warning: assignment makes pointer from integer without a cast
  BdCurPtr = XAxiDma_BdRingNext(TxRingPtr, BdCurPtr);
           ^
../src/helloworld.c:477:15: warning: unused variable 'str' [-Wunused-variable]
  char         str[30];
               ^
../src/helloworld.c: In function 'Setdata':
../src/helloworld.c:677:3: warning: format '%x' expects argument of type 'unsigned int', but argument 2 has type 'struct FILE *' [-Wformat=]
   printf("F : %x\n", fi);
   ^
../src/helloworld.c:677:3: warning: format '%x' expects argument of type 'unsigned int', but argument 2 has type 'struct FILE *' [-Wformat=]
../src/helloworld.c:678:3: error: 'data' undeclared (first use in this function)
   data = (unsigned char*)malloc( x*y*n * sizeof(unsigned char));
   ^
../src/helloworld.c:678:3: note: each undeclared identifier is reported only once for each function it appears in
../src/helloworld.c: At top level:
../src/helloworld.c:672:13: warning: 'Setdata' defined but not used [-Wunused-function]
 static void Setdata(void){
             ^
make: *** [src/helloworld.o] Error 1
02:02:30 **** Auto Build of configuration Debug for project pry_sdk ****
make all 
'Building file: ../src/helloworld.c'
'Invoking: ARM gcc compiler'
arm-xilinx-eabi-gcc -Wall -O0 -g3 -c -fmessage-length=0 -MT"src/helloworld.o" -I../../pry_sdk_bsp/ps7_cortexa9_0/include -MMD -MP -MF"src/helloworld.d" -MT"src/helloworld.d" -o "src/helloworld.o" "../src/helloworld.c"
../src/helloworld.c: In function 'RxSetup':
../src/helloworld.c:361:12: warning: assignment makes pointer from integer without a cast
   BdCurPtr = XAxiDma_BdRingNext(RxRingPtr, BdCurPtr);
            ^
../src/helloworld.c: In function 'SendPacket':
../src/helloworld.c:533:11: warning: assignment makes pointer from integer without a cast
  BdCurPtr = XAxiDma_BdRingNext(TxRingPtr, BdCurPtr);
           ^
../src/helloworld.c:477:15: warning: unused variable 'str' [-Wunused-variable]
  char         str[30];
               ^
../src/helloworld.c: In function 'Setdata':
../src/helloworld.c:677:3: warning: format '%x' expects argument of type 'unsigned int', but argument 2 has type 'struct FILE *' [-Wformat=]
   printf("F : %x\n", fi);
   ^
../src/helloworld.c:677:3: warning: format '%x' expects argument of type 'unsigned int', but argument 2 has type 'struct FILE *' [-Wformat=]
../src/helloworld.c:678:16: warning: pointer targets in initialization differ in signedness [-Wpointer-sign]
   char *data = (unsigned char*)malloc( x*y*n * sizeof(unsigned char));
                ^
../src/helloworld.c: At top level:
../src/helloworld.c:672:13: warning: 'Setdata' defined but not used [-Wunused-function]
 static void Setdata(void){
             ^
'Finished building: ../src/helloworld.c'
' '
'Building target: pry_sdk.elf'
'Invoking: ARM gcc linker'
arm-xilinx-eabi-gcc -Wl,-T -Wl,../src/lscript.ld -L../../pry_sdk_bsp/ps7_cortexa9_0/lib -o "pry_sdk.elf"  ./src/cplx_data.o ./src/helloworld.o ./src/platform.o   -Wl,--start-group,-lxil,-lgcc,-lc,--end-group
'Finished building target: pry_sdk.elf'
' '
'Invoking: ARM Print Size'
arm-xilinx-eabi-size pry_sdk.elf  |tee "pry_sdk.elf.size"
   text	   data	    bss	    dec	    hex	filename
  89044	  35160	  24380	 148584	  24468	pry_sdk.elf
'Finished building: pry_sdk.elf.size'
' '
02:52:09 **** Auto Build of configuration Debug for project pry_sdk ****
make all 
'Building file: ../src/helloworld.c'
'Invoking: ARM gcc compiler'
arm-xilinx-eabi-gcc -Wall -O0 -g3 -c -fmessage-length=0 -MT"src/helloworld.o" -I../../pry_sdk_bsp/ps7_cortexa9_0/include -MMD -MP -MF"src/helloworld.d" -MT"src/helloworld.d" -o "src/helloworld.o" "../src/helloworld.c"
../src/helloworld.c:99:1: error: expected expression before 'extern'
 extern void xil_printf(const char *format, ...);
 ^
make: *** [src/helloworld.o] Error 1
02:52:16 **** Auto Build of configuration Debug for project pry_sdk ****
make all 
'Building file: ../src/helloworld.c'
'Invoking: ARM gcc compiler'
arm-xilinx-eabi-gcc -Wall -O0 -g3 -c -fmessage-length=0 -MT"src/helloworld.o" -I../../pry_sdk_bsp/ps7_cortexa9_0/include -MMD -MP -MF"src/helloworld.d" -MT"src/helloworld.d" -o "src/helloworld.o" "../src/helloworld.c"
../src/helloworld.c: In function 'RxSetup':
../src/helloworld.c:361:12: warning: assignment makes pointer from integer without a cast
   BdCurPtr = XAxiDma_BdRingNext(RxRingPtr, BdCurPtr);
            ^
../src/helloworld.c: In function 'SendPacket':
../src/helloworld.c:533:11: warning: assignment makes pointer from integer without a cast
  BdCurPtr = XAxiDma_BdRingNext(TxRingPtr, BdCurPtr);
           ^
../src/helloworld.c:477:15: warning: unused variable 'str' [-Wunused-variable]
  char         str[30];
               ^
../src/helloworld.c: In function 'Setdata':
../src/helloworld.c:677:3: warning: format '%x' expects argument of type 'unsigned int', but argument 2 has type 'struct FILE *' [-Wformat=]
   printf("F : %x\n", fi);
   ^
../src/helloworld.c:677:3: warning: format '%x' expects argument of type 'unsigned int', but argument 2 has type 'struct FILE *' [-Wformat=]
../src/helloworld.c:678:16: warning: pointer targets in initialization differ in signedness [-Wpointer-sign]
   char *data = (unsigned char*)malloc( x*y*n * sizeof(unsigned char));
                ^
../src/helloworld.c: At top level:
../src/helloworld.c:672:13: warning: 'Setdata' defined but not used [-Wunused-function]
 static void Setdata(void){
             ^
'Finished building: ../src/helloworld.c'
' '
'Building target: pry_sdk.elf'
'Invoking: ARM gcc linker'
arm-xilinx-eabi-gcc -Wl,-T -Wl,../src/lscript.ld -L../../pry_sdk_bsp/ps7_cortexa9_0/lib -o "pry_sdk.elf"  ./src/cplx_data.o ./src/helloworld.o ./src/platform.o   -Wl,--start-group,-lxil,-lgcc,-lc,--end-group
'Finished building target: pry_sdk.elf'
' '
'Invoking: ARM Print Size'
arm-xilinx-eabi-size pry_sdk.elf  |tee "pry_sdk.elf.size"
   text	   data	    bss	    dec	    hex	filename
  89044	  35160	  24380	 148584	  24468	pry_sdk.elf
'Finished building: pry_sdk.elf.size'
' '
02:53:14 **** Auto Build of configuration Debug for project pry_sdk ****
make all 
'Building file: ../src/helloworld.c'
'Invoking: ARM gcc compiler'
arm-xilinx-eabi-gcc -Wall -O0 -g3 -c -fmessage-length=0 -MT"src/helloworld.o" -I../../pry_sdk_bsp/ps7_cortexa9_0/include -MMD -MP -MF"src/helloworld.d" -MT"src/helloworld.d" -o "src/helloworld.o" "../src/helloworld.c"
../src/helloworld.c: In function 'RxSetup':
../src/helloworld.c:361:12: warning: assignment makes pointer from integer without a cast
   BdCurPtr = XAxiDma_BdRingNext(RxRingPtr, BdCurPtr);
            ^
../src/helloworld.c: In function 'SendPacket':
../src/helloworld.c:533:11: warning: assignment makes pointer from integer without a cast
  BdCurPtr = XAxiDma_BdRingNext(TxRingPtr, BdCurPtr);
           ^
../src/helloworld.c:477:15: warning: unused variable 'str' [-Wunused-variable]
  char         str[30];
               ^
../src/helloworld.c: In function 'Setdata':
../src/helloworld.c:677:3: warning: format '%x' expects argument of type 'unsigned int', but argument 2 has type 'struct FILE *' [-Wformat=]
   printf("F : %x\n", fi);
   ^
../src/helloworld.c:677:3: warning: format '%x' expects argument of type 'unsigned int', but argument 2 has type 'struct FILE *' [-Wformat=]
../src/helloworld.c:678:16: warning: pointer targets in initialization differ in signedness [-Wpointer-sign]
   char *data = (unsigned char*)malloc( x*y*n * sizeof(unsigned char));
                ^
../src/helloworld.c: At top level:
../src/helloworld.c:672:13: warning: 'Setdata' defined but not used [-Wunused-function]
 static void Setdata(void){
             ^
'Finished building: ../src/helloworld.c'
' '
'Building target: pry_sdk.elf'
'Invoking: ARM gcc linker'
arm-xilinx-eabi-gcc -Wl,-T -Wl,../src/lscript.ld -L../../pry_sdk_bsp/ps7_cortexa9_0/lib -o "pry_sdk.elf"  ./src/cplx_data.o ./src/helloworld.o ./src/platform.o   -Wl,--start-group,-lxil,-lgcc,-lc,--end-group
'Finished building target: pry_sdk.elf'
' '
'Invoking: ARM Print Size'
arm-xilinx-eabi-size pry_sdk.elf  |tee "pry_sdk.elf.size"
   text	   data	    bss	    dec	    hex	filename
  89044	  35160	  24380	 148584	  24468	pry_sdk.elf
'Finished building: pry_sdk.elf.size'
' '
02:57:42 **** Auto Build of configuration Debug for project pry_sdk ****
make all 
'Building file: ../src/helloworld.c'
'Invoking: ARM gcc compiler'
arm-xilinx-eabi-gcc -Wall -O0 -g3 -c -fmessage-length=0 -MT"src/helloworld.o" -I../../pry_sdk_bsp/ps7_cortexa9_0/include -MMD -MP -MF"src/helloworld.d" -MT"src/helloworld.d" -o "src/helloworld.o" "../src/helloworld.c"
../src/helloworld.c: In function 'RxSetup':
../src/helloworld.c:361:12: warning: assignment makes pointer from integer without a cast
   BdCurPtr = XAxiDma_BdRingNext(RxRingPtr, BdCurPtr);
            ^
../src/helloworld.c: In function 'SendPacket':
../src/helloworld.c:533:11: warning: assignment makes pointer from integer without a cast
  BdCurPtr = XAxiDma_BdRingNext(TxRingPtr, BdCurPtr);
           ^
../src/helloworld.c:477:15: warning: unused variable 'str' [-Wunused-variable]
  char         str[30];
               ^
../src/helloworld.c: In function 'Setdata':
../src/helloworld.c:677:3: warning: format '%x' expects argument of type 'unsigned int', but argument 2 has type 'struct FILE *' [-Wformat=]
   printf("F : %x\n", fi);
   ^
../src/helloworld.c:677:3: warning: format '%x' expects argument of type 'unsigned int', but argument 2 has type 'struct FILE *' [-Wformat=]
../src/helloworld.c:678:16: warning: pointer targets in initialization differ in signedness [-Wpointer-sign]
   char *data = (unsigned char*)malloc( x*y*n * sizeof(unsigned char));
                ^
../src/helloworld.c: At top level:
../src/helloworld.c:672:13: warning: 'Setdata' defined but not used [-Wunused-function]
 static void Setdata(void){
             ^
'Finished building: ../src/helloworld.c'
' '
'Building target: pry_sdk.elf'
'Invoking: ARM gcc linker'
arm-xilinx-eabi-gcc -Wl,-T -Wl,../src/lscript.ld -L../../pry_sdk_bsp/ps7_cortexa9_0/lib -o "pry_sdk.elf"  ./src/cplx_data.o ./src/helloworld.o ./src/platform.o   -Wl,--start-group,-lxil,-lgcc,-lc,--end-group
'Finished building target: pry_sdk.elf'
' '
'Invoking: ARM Print Size'
arm-xilinx-eabi-size pry_sdk.elf  |tee "pry_sdk.elf.size"
   text	   data	    bss	    dec	    hex	filename
  89044	  35160	  24380	 148584	  24468	pry_sdk.elf
'Finished building: pry_sdk.elf.size'
' '
02:58:30 **** Auto Build of configuration Debug for project pry_sdk ****
make all 
'Building file: ../src/helloworld.c'
'Invoking: ARM gcc compiler'
arm-xilinx-eabi-gcc -Wall -O0 -g3 -c -fmessage-length=0 -MT"src/helloworld.o" -I../../pry_sdk_bsp/ps7_cortexa9_0/include -MMD -MP -MF"src/helloworld.d" -MT"src/helloworld.d" -o "src/helloworld.o" "../src/helloworld.c"
../src/helloworld.c: In function 'main':
../src/helloworld.c:242:2: warning: statement with no effect [-Wunused-value]
  XGpio_DiscreteWrite
  ^
../src/helloworld.c:243:3: error: expected ';' before 'XGpio_DiscreteWrite'
   XGpio_DiscreteWrite(&p_fft_inst->periphs.gpio_inst, 1, reg);
   ^
../src/helloworld.c: In function 'RxSetup':
../src/helloworld.c:365:12: warning: assignment makes pointer from integer without a cast
   BdCurPtr = XAxiDma_BdRingNext(RxRingPtr, BdCurPtr);
            ^
../src/helloworld.c: In function 'SendPacket':
../src/helloworld.c:537:11: warning: assignment makes pointer from integer without a cast
  BdCurPtr = XAxiDma_BdRingNext(TxRingPtr, BdCurPtr);
           ^
../src/helloworld.c:481:15: warning: unused variable 'str' [-Wunused-variable]
  char         str[30];
               ^
../src/helloworld.c: In function 'Setdata':
../src/helloworld.c:681:3: warning: format '%x' expects argument of type 'unsigned int', but argument 2 has type 'struct FILE *' [-Wformat=]
   printf("F : %x\n", fi);
   ^
../src/helloworld.c:681:3: warning: format '%x' expects argument of type 'unsigned int', but argument 2 has type 'struct FILE *' [-Wformat=]
../src/helloworld.c:682:16: warning: pointer targets in initialization differ in signedness [-Wpointer-sign]
   char *data = (unsigned char*)malloc( x*y*n * sizeof(unsigned char));
                ^
../src/helloworld.c: At top level:
../src/helloworld.c:676:13: warning: 'Setdata' defined but not used [-Wunused-function]
 static void Setdata(void){
             ^
make: *** [src/helloworld.o] Error 1
02:59:01 **** Auto Build of configuration Debug for project pry_sdk ****
make all 
'Building file: ../src/helloworld.c'
'Invoking: ARM gcc compiler'
arm-xilinx-eabi-gcc -Wall -O0 -g3 -c -fmessage-length=0 -MT"src/helloworld.o" -I../../pry_sdk_bsp/ps7_cortexa9_0/include -MMD -MP -MF"src/helloworld.d" -MT"src/helloworld.d" -o "src/helloworld.o" "../src/helloworld.c"
../src/helloworld.c: In function 'main':
../src/helloworld.c:242:23: error: 'p_fft_inst' undeclared (first use in this function)
  XGpio_DiscreteWrite(&p_fft_inst->periphs.gpio_inst, 1, reg);
                       ^
../src/helloworld.c:242:23: note: each undeclared identifier is reported only once for each function it appears in
../src/helloworld.c:242:57: error: 'reg' undeclared (first use in this function)
  XGpio_DiscreteWrite(&p_fft_inst->periphs.gpio_inst, 1, reg);
                                                         ^
../src/helloworld.c: In function 'RxSetup':
../src/helloworld.c:364:12: warning: assignment makes pointer from integer without a cast
   BdCurPtr = XAxiDma_BdRingNext(RxRingPtr, BdCurPtr);
            ^
../src/helloworld.c: In function 'SendPacket':
../src/helloworld.c:536:11: warning: assignment makes pointer from integer without a cast
  BdCurPtr = XAxiDma_BdRingNext(TxRingPtr, BdCurPtr);
           ^
../src/helloworld.c:480:15: warning: unused variable 'str' [-Wunused-variable]
  char         str[30];
               ^
../src/helloworld.c: In function 'Setdata':
../src/helloworld.c:680:3: warning: format '%x' expects argument of type 'unsigned int', but argument 2 has type 'struct FILE *' [-Wformat=]
   printf("F : %x\n", fi);
   ^
../src/helloworld.c:680:3: warning: format '%x' expects argument of type 'unsigned int', but argument 2 has type 'struct FILE *' [-Wformat=]
../src/helloworld.c:681:16: warning: pointer targets in initialization differ in signedness [-Wpointer-sign]
   char *data = (unsigned char*)malloc( x*y*n * sizeof(unsigned char));
                ^
../src/helloworld.c: At top level:
../src/helloworld.c:675:13: warning: 'Setdata' defined but not used [-Wunused-function]
 static void Setdata(void){
             ^
make: *** [src/helloworld.o] Error 1
03:01:36 **** Auto Build of configuration Debug for project pry_sdk ****
make all 
'Building file: ../src/helloworld.c'
'Invoking: ARM gcc compiler'
arm-xilinx-eabi-gcc -Wall -O0 -g3 -c -fmessage-length=0 -MT"src/helloworld.o" -I../../pry_sdk_bsp/ps7_cortexa9_0/include -MMD -MP -MF"src/helloworld.d" -MT"src/helloworld.d" -o "src/helloworld.o" "../src/helloworld.c"
../src/helloworld.c: In function 'main':
../src/helloworld.c:243:2: warning: statement with no effect [-Wunused-value]
  XGpio_DiscreteWrite XGpio_DiscreteWrite(&p_fft_inst->periphs.gpio_inst, 1, reg);
  ^
../src/helloworld.c:243:22: error: expected ';' before 'XGpio_DiscreteWrite'
  XGpio_DiscreteWrite XGpio_DiscreteWrite(&p_fft_inst->periphs.gpio_inst, 1, reg);
                      ^
../src/helloworld.c:241:15: warning: unused variable 'gpio_inst' [-Wunused-variable]
  XGpio        gpio_inst;
               ^
../src/helloworld.c: In function 'RxSetup':
../src/helloworld.c:365:12: warning: assignment makes pointer from integer without a cast
   BdCurPtr = XAxiDma_BdRingNext(RxRingPtr, BdCurPtr);
            ^
../src/helloworld.c: In function 'SendPacket':
../src/helloworld.c:537:11: warning: assignment makes pointer from integer without a cast
  BdCurPtr = XAxiDma_BdRingNext(TxRingPtr, BdCurPtr);
           ^
../src/helloworld.c:481:15: warning: unused variable 'str' [-Wunused-variable]
  char         str[30];
               ^
../src/helloworld.c: In function 'Setdata':
../src/helloworld.c:681:3: warning: format '%x' expects argument of type 'unsigned int', but argument 2 has type 'struct FILE *' [-Wformat=]
   printf("F : %x\n", fi);
   ^
../src/helloworld.c:681:3: warning: format '%x' expects argument of type 'unsigned int', but argument 2 has type 'struct FILE *' [-Wformat=]
../src/helloworld.c:682:16: warning: pointer targets in initialization differ in signedness [-Wpointer-sign]
   char *data = (unsigned char*)malloc( x*y*n * sizeof(unsigned char));
                ^
../src/helloworld.c: At top level:
../src/helloworld.c:676:13: warning: 'Setdata' defined but not used [-Wunused-function]
 static void Setdata(void){
             ^
make: *** [src/helloworld.o] Error 1
03:01:53 **** Auto Build of configuration Debug for project pry_sdk ****
make all 
'Building file: ../src/helloworld.c'
'Invoking: ARM gcc compiler'
arm-xilinx-eabi-gcc -Wall -O0 -g3 -c -fmessage-length=0 -MT"src/helloworld.o" -I../../pry_sdk_bsp/ps7_cortexa9_0/include -MMD -MP -MF"src/helloworld.d" -MT"src/helloworld.d" -o "src/helloworld.o" "../src/helloworld.c"
../src/helloworld.c: In function 'main':
../src/helloworld.c:243:2: warning: statement with no effect [-Wunused-value]
  XGpio_DiscreteWrite XGpio_DiscreteWrite(gpio_inst, 1, reg);
  ^
../src/helloworld.c:243:22: error: expected ';' before 'XGpio_DiscreteWrite'
  XGpio_DiscreteWrite XGpio_DiscreteWrite(gpio_inst, 1, reg);
                      ^
../src/helloworld.c:241:8: warning: unused variable 'gpio_inst' [-Wunused-variable]
  XGpio gpio_inst;
        ^
../src/helloworld.c: In function 'RxSetup':
../src/helloworld.c:365:12: warning: assignment makes pointer from integer without a cast
   BdCurPtr = XAxiDma_BdRingNext(RxRingPtr, BdCurPtr);
            ^
../src/helloworld.c: In function 'SendPacket':
../src/helloworld.c:537:11: warning: assignment makes pointer from integer without a cast
  BdCurPtr = XAxiDma_BdRingNext(TxRingPtr, BdCurPtr);
           ^
../src/helloworld.c:481:15: warning: unused variable 'str' [-Wunused-variable]
  char         str[30];
               ^
../src/helloworld.c: In function 'Setdata':
../src/helloworld.c:681:3: warning: format '%x' expects argument of type 'unsigned int', but argument 2 has type 'struct FILE *' [-Wformat=]
   printf("F : %x\n", fi);
   ^
../src/helloworld.c:681:3: warning: format '%x' expects argument of type 'unsigned int', but argument 2 has type 'struct FILE *' [-Wformat=]
../src/helloworld.c:682:16: warning: pointer targets in initialization differ in signedness [-Wpointer-sign]
   char *data = (unsigned char*)malloc( x*y*n * sizeof(unsigned char));
                ^
../src/helloworld.c: At top level:
../src/helloworld.c:676:13: warning: 'Setdata' defined but not used [-Wunused-function]
 static void Setdata(void){
             ^
make: *** [src/helloworld.o] Error 1
03:02:08 **** Auto Build of configuration Debug for project pry_sdk ****
make all 
'Building file: ../src/helloworld.c'
'Invoking: ARM gcc compiler'
arm-xilinx-eabi-gcc -Wall -O0 -g3 -c -fmessage-length=0 -MT"src/helloworld.o" -I../../pry_sdk_bsp/ps7_cortexa9_0/include -MMD -MP -MF"src/helloworld.d" -MT"src/helloworld.d" -o "src/helloworld.o" "../src/helloworld.c"
../src/helloworld.c: In function 'main':
../src/helloworld.c:242:36: error: 'reg' undeclared (first use in this function)
  XGpio_DiscreteWrite(gpio_inst, 1, reg);
                                    ^
../src/helloworld.c:242:36: note: each undeclared identifier is reported only once for each function it appears in
../src/helloworld.c:242:2: error: incompatible type for argument 1 of 'XGpio_DiscreteWrite'
  XGpio_DiscreteWrite(gpio_inst, 1, reg);
  ^
In file included from ../src/helloworld.c:96:0:
../../pry_sdk_bsp/ps7_cortexa9_0/include/xgpio.h:169:6: note: expected 'struct XGpio *' but argument is of type 'XGpio'
 void XGpio_DiscreteWrite(XGpio *InstancePtr, unsigned Channel, u32 Mask);
      ^
../src/helloworld.c: In function 'RxSetup':
../src/helloworld.c:364:12: warning: assignment makes pointer from integer without a cast
   BdCurPtr = XAxiDma_BdRingNext(RxRingPtr, BdCurPtr);
            ^
../src/helloworld.c: In function 'SendPacket':
../src/helloworld.c:536:11: warning: assignment makes pointer from integer without a cast
  BdCurPtr = XAxiDma_BdRingNext(TxRingPtr, BdCurPtr);
           ^
../src/helloworld.c:480:15: warning: unused variable 'str' [-Wunused-variable]
  char         str[30];
               ^
../src/helloworld.c: In function 'Setdata':
../src/helloworld.c:680:3: warning: format '%x' expects argument of type 'unsigned int', but argument 2 has type 'struct FILE *' [-Wformat=]
   printf("F : %x\n", fi);
   ^
../src/helloworld.c:680:3: warning: format '%x' expects argument of type 'unsigned int', but argument 2 has type 'struct FILE *' [-Wformat=]
../src/helloworld.c:681:16: warning: pointer targets in initialization differ in signedness [-Wpointer-sign]
   char *data = (unsigned char*)malloc( x*y*n * sizeof(unsigned char));
                ^
../src/helloworld.c: At top level:
../src/helloworld.c:675:13: warning: 'Setdata' defined but not used [-Wunused-function]
 static void Setdata(void){
             ^
make: *** [src/helloworld.o] Error 1
03:02:27 **** Auto Build of configuration Debug for project pry_sdk ****
make all 
'Building file: ../src/helloworld.c'
'Invoking: ARM gcc compiler'
arm-xilinx-eabi-gcc -Wall -O0 -g3 -c -fmessage-length=0 -MT"src/helloworld.o" -I../../pry_sdk_bsp/ps7_cortexa9_0/include -MMD -MP -MF"src/helloworld.d" -MT"src/helloworld.d" -o "src/helloworld.o" "../src/helloworld.c"
../src/helloworld.c: In function 'main':
../src/helloworld.c:242:2: error: incompatible type for argument 1 of 'XGpio_DiscreteWrite'
  XGpio_DiscreteWrite(gpio_inst, 1, 1);
  ^
In file included from ../src/helloworld.c:96:0:
../../pry_sdk_bsp/ps7_cortexa9_0/include/xgpio.h:169:6: note: expected 'struct XGpio *' but argument is of type 'XGpio'
 void XGpio_DiscreteWrite(XGpio *InstancePtr, unsigned Channel, u32 Mask);
      ^
../src/helloworld.c: In function 'RxSetup':
../src/helloworld.c:364:12: warning: assignment makes pointer from integer without a cast
   BdCurPtr = XAxiDma_BdRingNext(RxRingPtr, BdCurPtr);
            ^
../src/helloworld.c: In function 'SendPacket':
../src/helloworld.c:536:11: warning: assignment makes pointer from integer without a cast
  BdCurPtr = XAxiDma_BdRingNext(TxRingPtr, BdCurPtr);
           ^
../src/helloworld.c:480:15: warning: unused variable 'str' [-Wunused-variable]
  char         str[30];
               ^
../src/helloworld.c: In function 'Setdata':
../src/helloworld.c:680:3: warning: format '%x' expects argument of type 'unsigned int', but argument 2 has type 'struct FILE *' [-Wformat=]
   printf("F : %x\n", fi);
   ^
../src/helloworld.c:680:3: warning: format '%x' expects argument of type 'unsigned int', but argument 2 has type 'struct FILE *' [-Wformat=]
../src/helloworld.c:681:16: warning: pointer targets in initialization differ in signedness [-Wpointer-sign]
   char *data = (unsigned char*)malloc( x*y*n * sizeof(unsigned char));
                ^
../src/helloworld.c: At top level:
../src/helloworld.c:675:13: warning: 'Setdata' defined but not used [-Wunused-function]
 static void Setdata(void){
             ^
make: *** [src/helloworld.o] Error 1
03:03:13 **** Auto Build of configuration Debug for project pry_sdk ****
make all 
'Building file: ../src/helloworld.c'
'Invoking: ARM gcc compiler'
arm-xilinx-eabi-gcc -Wall -O0 -g3 -c -fmessage-length=0 -MT"src/helloworld.o" -I../../pry_sdk_bsp/ps7_cortexa9_0/include -MMD -MP -MF"src/helloworld.d" -MT"src/helloworld.d" -o "src/helloworld.o" "../src/helloworld.c"
../src/helloworld.c: In function 'main':
../src/helloworld.c:243:2: error: expected ',' or ';' before 'XGpio_DiscreteWrite'
  XGpio_DiscreteWrite(gpio_inst, 1, reg);
  ^
../src/helloworld.c:242:6: warning: unused variable 'reg' [-Wunused-variable]
  int reg= 1
      ^
../src/helloworld.c:241:8: warning: unused variable 'gpio_inst' [-Wunused-variable]
  XGpio gpio_inst;
        ^
../src/helloworld.c: In function 'RxSetup':
../src/helloworld.c:365:12: warning: assignment makes pointer from integer without a cast
   BdCurPtr = XAxiDma_BdRingNext(RxRingPtr, BdCurPtr);
            ^
../src/helloworld.c: In function 'SendPacket':
../src/helloworld.c:537:11: warning: assignment makes pointer from integer without a cast
  BdCurPtr = XAxiDma_BdRingNext(TxRingPtr, BdCurPtr);
           ^
../src/helloworld.c:481:15: warning: unused variable 'str' [-Wunused-variable]
  char         str[30];
               ^
../src/helloworld.c: In function 'Setdata':
../src/helloworld.c:681:3: warning: format '%x' expects argument of type 'unsigned int', but argument 2 has type 'struct FILE *' [-Wformat=]
   printf("F : %x\n", fi);
   ^
../src/helloworld.c:681:3: warning: format '%x' expects argument of type 'unsigned int', but argument 2 has type 'struct FILE *' [-Wformat=]
../src/helloworld.c:682:16: warning: pointer targets in initialization differ in signedness [-Wpointer-sign]
   char *data = (unsigned char*)malloc( x*y*n * sizeof(unsigned char));
                ^
../src/helloworld.c: At top level:
../src/helloworld.c:676:13: warning: 'Setdata' defined but not used [-Wunused-function]
 static void Setdata(void){
             ^
make: *** [src/helloworld.o] Error 1
03:03:28 **** Auto Build of configuration Debug for project pry_sdk ****
make all 
'Building file: ../src/helloworld.c'
'Invoking: ARM gcc compiler'
arm-xilinx-eabi-gcc -Wall -O0 -g3 -c -fmessage-length=0 -MT"src/helloworld.o" -I../../pry_sdk_bsp/ps7_cortexa9_0/include -MMD -MP -MF"src/helloworld.d" -MT"src/helloworld.d" -o "src/helloworld.o" "../src/helloworld.c"
../src/helloworld.c: In function 'main':
../src/helloworld.c:243:2: error: expected ',' or ';' before 'XGpio_DiscreteWrite'
  XGpio_DiscreteWrite(gpio_inst, 1, reg);
  ^
../src/helloworld.c:242:6: warning: unused variable 'reg' [-Wunused-variable]
  int reg= 1
      ^
../src/helloworld.c:241:8: warning: unused variable 'gpio_inst' [-Wunused-variable]
  XGpio gpio_inst;
        ^
../src/helloworld.c: In function 'RxSetup':
../src/helloworld.c:365:12: warning: assignment makes pointer from integer without a cast
   BdCurPtr = XAxiDma_BdRingNext(RxRingPtr, BdCurPtr);
            ^
../src/helloworld.c: In function 'SendPacket':
../src/helloworld.c:537:11: warning: assignment makes pointer from integer without a cast
  BdCurPtr = XAxiDma_BdRingNext(TxRingPtr, BdCurPtr);
           ^
../src/helloworld.c:481:15: warning: unused variable 'str' [-Wunused-variable]
  char         str[30];
               ^
../src/helloworld.c: In function 'Setdata':
../src/helloworld.c:681:3: warning: format '%x' expects argument of type 'unsigned int', but argument 2 has type 'struct FILE *' [-Wformat=]
   printf("F : %x\n", fi);
   ^
../src/helloworld.c:681:3: warning: format '%x' expects argument of type 'unsigned int', but argument 2 has type 'struct FILE *' [-Wformat=]
../src/helloworld.c:682:16: warning: pointer targets in initialization differ in signedness [-Wpointer-sign]
   char *data = (unsigned char*)malloc( x*y*n * sizeof(unsigned char));
                ^
../src/helloworld.c: At top level:
../src/helloworld.c:676:13: warning: 'Setdata' defined but not used [-Wunused-function]
 static void Setdata(void){
             ^
make: *** [src/helloworld.o] Error 1
03:03:36 **** Auto Build of configuration Debug for project pry_sdk ****
make all 
'Building file: ../src/helloworld.c'
'Invoking: ARM gcc compiler'
arm-xilinx-eabi-gcc -Wall -O0 -g3 -c -fmessage-length=0 -MT"src/helloworld.o" -I../../pry_sdk_bsp/ps7_cortexa9_0/include -MMD -MP -MF"src/helloworld.d" -MT"src/helloworld.d" -o "src/helloworld.o" "../src/helloworld.c"
../src/helloworld.c: In function 'main':
../src/helloworld.c:243:2: error: incompatible type for argument 1 of 'XGpio_DiscreteWrite'
  XGpio_DiscreteWrite(gpio_inst, 1, reg);
  ^
In file included from ../src/helloworld.c:96:0:
../../pry_sdk_bsp/ps7_cortexa9_0/include/xgpio.h:169:6: note: expected 'struct XGpio *' but argument is of type 'XGpio'
 void XGpio_DiscreteWrite(XGpio *InstancePtr, unsigned Channel, u32 Mask);
      ^
../src/helloworld.c: In function 'RxSetup':
../src/helloworld.c:365:12: warning: assignment makes pointer from integer without a cast
   BdCurPtr = XAxiDma_BdRingNext(RxRingPtr, BdCurPtr);
            ^
../src/helloworld.c: In function 'SendPacket':
../src/helloworld.c:537:11: warning: assignment makes pointer from integer without a cast
  BdCurPtr = XAxiDma_BdRingNext(TxRingPtr, BdCurPtr);
           ^
../src/helloworld.c:481:15: warning: unused variable 'str' [-Wunused-variable]
  char         str[30];
               ^
../src/helloworld.c: In function 'Setdata':
../src/helloworld.c:681:3: warning: format '%x' expects argument of type 'unsigned int', but argument 2 has type 'struct FILE *' [-Wformat=]
   printf("F : %x\n", fi);
   ^
../src/helloworld.c:681:3: warning: format '%x' expects argument of type 'unsigned int', but argument 2 has type 'struct FILE *' [-Wformat=]
../src/helloworld.c:682:16: warning: pointer targets in initialization differ in signedness [-Wpointer-sign]
   char *data = (unsigned char*)malloc( x*y*n * sizeof(unsigned char));
                ^
../src/helloworld.c: At top level:
../src/helloworld.c:676:13: warning: 'Setdata' defined but not used [-Wunused-function]
 static void Setdata(void){
             ^
make: *** [src/helloworld.o] Error 1
03:04:07 **** Auto Build of configuration Debug for project pry_sdk ****
make all 
'Building file: ../src/helloworld.c'
'Invoking: ARM gcc compiler'
arm-xilinx-eabi-gcc -Wall -O0 -g3 -c -fmessage-length=0 -MT"src/helloworld.o" -I../../pry_sdk_bsp/ps7_cortexa9_0/include -MMD -MP -MF"src/helloworld.d" -MT"src/helloworld.d" -o "src/helloworld.o" "../src/helloworld.c"
../src/helloworld.c: In function 'main':
../src/helloworld.c:244:2: error: too few arguments to function 'XGpio_DiscreteWrite'
  XGpio_DiscreteWrite()
  ^
In file included from ../src/helloworld.c:96:0:
../../pry_sdk_bsp/ps7_cortexa9_0/include/xgpio.h:169:6: note: declared here
 void XGpio_DiscreteWrite(XGpio *InstancePtr, unsigned Channel, u32 Mask);
      ^
../src/helloworld.c:246:2: error: expected ';' before 'xil_printf'
  xil_printf("finish!!!!!!!");
  ^
../src/helloworld.c: In function 'RxSetup':
../src/helloworld.c:366:12: warning: assignment makes pointer from integer without a cast
   BdCurPtr = XAxiDma_BdRingNext(RxRingPtr, BdCurPtr);
            ^
../src/helloworld.c: In function 'SendPacket':
../src/helloworld.c:538:11: warning: assignment makes pointer from integer without a cast
  BdCurPtr = XAxiDma_BdRingNext(TxRingPtr, BdCurPtr);
           ^
../src/helloworld.c:482:15: warning: unused variable 'str' [-Wunused-variable]
  char         str[30];
               ^
../src/helloworld.c: In function 'Setdata':
../src/helloworld.c:682:3: warning: format '%x' expects argument of type 'unsigned int', but argument 2 has type 'struct FILE *' [-Wformat=]
   printf("F : %x\n", fi);
   ^
../src/helloworld.c:682:3: warning: format '%x' expects argument of type 'unsigned int', but argument 2 has type 'struct FILE *' [-Wformat=]
../src/helloworld.c:683:16: warning: pointer targets in initialization differ in signedness [-Wpointer-sign]
   char *data = (unsigned char*)malloc( x*y*n * sizeof(unsigned char));
                ^
../src/helloworld.c: At top level:
../src/helloworld.c:677:13: warning: 'Setdata' defined but not used [-Wunused-function]
 static void Setdata(void){
             ^
make: *** [src/helloworld.o] Error 1
03:04:11 **** Auto Build of configuration Debug for project pry_sdk ****
make all 
'Building file: ../src/helloworld.c'
'Invoking: ARM gcc compiler'
arm-xilinx-eabi-gcc -Wall -O0 -g3 -c -fmessage-length=0 -MT"src/helloworld.o" -I../../pry_sdk_bsp/ps7_cortexa9_0/include -MMD -MP -MF"src/helloworld.d" -MT"src/helloworld.d" -o "src/helloworld.o" "../src/helloworld.c"
../src/helloworld.c: In function 'RxSetup':
../src/helloworld.c:366:12: warning: assignment makes pointer from integer without a cast
   BdCurPtr = XAxiDma_BdRingNext(RxRingPtr, BdCurPtr);
            ^
../src/helloworld.c: In function 'SendPacket':
../src/helloworld.c:538:11: warning: assignment makes pointer from integer without a cast
  BdCurPtr = XAxiDma_BdRingNext(TxRingPtr, BdCurPtr);
           ^
../src/helloworld.c:482:15: warning: unused variable 'str' [-Wunused-variable]
  char         str[30];
               ^
../src/helloworld.c: In function 'Setdata':
../src/helloworld.c:682:3: warning: format '%x' expects argument of type 'unsigned int', but argument 2 has type 'struct FILE *' [-Wformat=]
   printf("F : %x\n", fi);
   ^
../src/helloworld.c:682:3: warning: format '%x' expects argument of type 'unsigned int', but argument 2 has type 'struct FILE *' [-Wformat=]
../src/helloworld.c:683:16: warning: pointer targets in initialization differ in signedness [-Wpointer-sign]
   char *data = (unsigned char*)malloc( x*y*n * sizeof(unsigned char));
                ^
../src/helloworld.c: At top level:
../src/helloworld.c:677:13: warning: 'Setdata' defined but not used [-Wunused-function]
 static void Setdata(void){
             ^
../src/helloworld.c: In function 'main':
../src/helloworld.c:243:2: warning: 'gpio_inst' may be used uninitialized in this function [-Wmaybe-uninitialized]
  XGpio_DiscreteWrite(gpio_inst, 1, reg);
  ^
'Finished building: ../src/helloworld.c'
' '
'Building target: pry_sdk.elf'
'Invoking: ARM gcc linker'
arm-xilinx-eabi-gcc -Wl,-T -Wl,../src/lscript.ld -L../../pry_sdk_bsp/ps7_cortexa9_0/lib -o "pry_sdk.elf"  ./src/cplx_data.o ./src/helloworld.o ./src/platform.o   -Wl,--start-group,-lxil,-lgcc,-lc,--end-group
'Finished building target: pry_sdk.elf'
' '
'Invoking: ARM Print Size'
arm-xilinx-eabi-size pry_sdk.elf  |tee "pry_sdk.elf.size"
   text	   data	    bss	    dec	    hex	filename
  90012	  35160	  24380	 149552	  24830	pry_sdk.elf
'Finished building: pry_sdk.elf.size'
' '
03:06:56 **** Auto Build of configuration Debug for project pry_sdk ****
make all 
'Building file: ../src/helloworld.c'
'Invoking: ARM gcc compiler'
arm-xilinx-eabi-gcc -Wall -O0 -g3 -c -fmessage-length=0 -MT"src/helloworld.o" -I../../pry_sdk_bsp/ps7_cortexa9_0/include -MMD -MP -MF"src/helloworld.d" -MT"src/helloworld.d" -o "src/helloworld.o" "../src/helloworld.c"
../src/helloworld.c: In function 'main':
../src/helloworld.c:242:2: error: 'status' undeclared (first use in this function)
  status = XGpio_Initialize(p_gpio_inst, gpio_device_id);
  ^
../src/helloworld.c:242:2: note: each undeclared identifier is reported only once for each function it appears in
../src/helloworld.c:242:28: error: 'p_gpio_inst' undeclared (first use in this function)
  status = XGpio_Initialize(p_gpio_inst, gpio_device_id);
                            ^
../src/helloworld.c:242:41: error: 'gpio_device_id' undeclared (first use in this function)
  status = XGpio_Initialize(p_gpio_inst, gpio_device_id);
                                         ^
../src/helloworld.c: In function 'RxSetup':
../src/helloworld.c:367:12: warning: assignment makes pointer from integer without a cast
   BdCurPtr = XAxiDma_BdRingNext(RxRingPtr, BdCurPtr);
            ^
../src/helloworld.c: In function 'SendPacket':
../src/helloworld.c:539:11: warning: assignment makes pointer from integer without a cast
  BdCurPtr = XAxiDma_BdRingNext(TxRingPtr, BdCurPtr);
           ^
../src/helloworld.c:483:15: warning: unused variable 'str' [-Wunused-variable]
  char         str[30];
               ^
../src/helloworld.c: In function 'Setdata':
../src/helloworld.c:683:3: warning: format '%x' expects argument of type 'unsigned int', but argument 2 has type 'struct FILE *' [-Wformat=]
   printf("F : %x\n", fi);
   ^
../src/helloworld.c:683:3: warning: format '%x' expects argument of type 'unsigned int', but argument 2 has type 'struct FILE *' [-Wformat=]
../src/helloworld.c:684:16: warning: pointer targets in initialization differ in signedness [-Wpointer-sign]
   char *data = (unsigned char*)malloc( x*y*n * sizeof(unsigned char));
                ^
../src/helloworld.c: At top level:
../src/helloworld.c:678:13: warning: 'Setdata' defined but not used [-Wunused-function]
 static void Setdata(void){
             ^
make: *** [src/helloworld.o] Error 1
03:06:59 **** Auto Build of configuration Debug for project pry_sdk ****
make all 
'Building file: ../src/helloworld.c'
'Invoking: ARM gcc compiler'
arm-xilinx-eabi-gcc -Wall -O0 -g3 -c -fmessage-length=0 -MT"src/helloworld.o" -I../../pry_sdk_bsp/ps7_cortexa9_0/include -MMD -MP -MF"src/helloworld.d" -MT"src/helloworld.d" -o "src/helloworld.o" "../src/helloworld.c"
../src/helloworld.c: In function 'main':
../src/helloworld.c:242:2: error: 'status' undeclared (first use in this function)
  status = XGpio_Initialize(p_gpio_inst, 0);
  ^
../src/helloworld.c:242:2: note: each undeclared identifier is reported only once for each function it appears in
../src/helloworld.c:242:28: error: 'p_gpio_inst' undeclared (first use in this function)
  status = XGpio_Initialize(p_gpio_inst, 0);
                            ^
../src/helloworld.c: In function 'RxSetup':
../src/helloworld.c:367:12: warning: assignment makes pointer from integer without a cast
   BdCurPtr = XAxiDma_BdRingNext(RxRingPtr, BdCurPtr);
            ^
../src/helloworld.c: In function 'SendPacket':
../src/helloworld.c:539:11: warning: assignment makes pointer from integer without a cast
  BdCurPtr = XAxiDma_BdRingNext(TxRingPtr, BdCurPtr);
           ^
../src/helloworld.c:483:15: warning: unused variable 'str' [-Wunused-variable]
  char         str[30];
               ^
../src/helloworld.c: In function 'Setdata':
../src/helloworld.c:683:3: warning: format '%x' expects argument of type 'unsigned int', but argument 2 has type 'struct FILE *' [-Wformat=]
   printf("F : %x\n", fi);
   ^
../src/helloworld.c:683:3: warning: format '%x' expects argument of type 'unsigned int', but argument 2 has type 'struct FILE *' [-Wformat=]
../src/helloworld.c:684:16: warning: pointer targets in initialization differ in signedness [-Wpointer-sign]
   char *data = (unsigned char*)malloc( x*y*n * sizeof(unsigned char));
                ^
../src/helloworld.c: At top level:
../src/helloworld.c:678:13: warning: 'Setdata' defined but not used [-Wunused-function]
 static void Setdata(void){
             ^
make: *** [src/helloworld.o] Error 1
03:07:06 **** Auto Build of configuration Debug for project pry_sdk ****
make all 
'Building file: ../src/helloworld.c'
'Invoking: ARM gcc compiler'
arm-xilinx-eabi-gcc -Wall -O0 -g3 -c -fmessage-length=0 -MT"src/helloworld.o" -I../../pry_sdk_bsp/ps7_cortexa9_0/include -MMD -MP -MF"src/helloworld.d" -MT"src/helloworld.d" -o "src/helloworld.o" "../src/helloworld.c"
../src/helloworld.c: In function 'main':
../src/helloworld.c:242:28: error: 'p_gpio_inst' undeclared (first use in this function)
  Status = XGpio_Initialize(p_gpio_inst, 0);
                            ^
../src/helloworld.c:242:28: note: each undeclared identifier is reported only once for each function it appears in
../src/helloworld.c: In function 'RxSetup':
../src/helloworld.c:367:12: warning: assignment makes pointer from integer without a cast
   BdCurPtr = XAxiDma_BdRingNext(RxRingPtr, BdCurPtr);
            ^
../src/helloworld.c: In function 'SendPacket':
../src/helloworld.c:539:11: warning: assignment makes pointer from integer without a cast
  BdCurPtr = XAxiDma_BdRingNext(TxRingPtr, BdCurPtr);
           ^
../src/helloworld.c:483:15: warning: unused variable 'str' [-Wunused-variable]
  char         str[30];
               ^
../src/helloworld.c: In function 'Setdata':
../src/helloworld.c:683:3: warning: format '%x' expects argument of type 'unsigned int', but argument 2 has type 'struct FILE *' [-Wformat=]
   printf("F : %x\n", fi);
   ^
../src/helloworld.c:683:3: warning: format '%x' expects argument of type 'unsigned int', but argument 2 has type 'struct FILE *' [-Wformat=]
../src/helloworld.c:684:16: warning: pointer targets in initialization differ in signedness [-Wpointer-sign]
   char *data = (unsigned char*)malloc( x*y*n * sizeof(unsigned char));
                ^
../src/helloworld.c: At top level:
../src/helloworld.c:678:13: warning: 'Setdata' defined but not used [-Wunused-function]
 static void Setdata(void){
             ^
make: *** [src/helloworld.o] Error 1
03:07:19 **** Auto Build of configuration Debug for project pry_sdk ****
make all 
'Building file: ../src/helloworld.c'
'Invoking: ARM gcc compiler'
arm-xilinx-eabi-gcc -Wall -O0 -g3 -c -fmessage-length=0 -MT"src/helloworld.o" -I../../pry_sdk_bsp/ps7_cortexa9_0/include -MMD -MP -MF"src/helloworld.d" -MT"src/helloworld.d" -o "src/helloworld.o" "../src/helloworld.c"
../src/helloworld.c: In function 'main':
../src/helloworld.c:242:19: error: 'p_gpio_inst' undeclared (first use in this function)
  XGpio_Initialize(p_gpio_inst, 0);
                   ^
../src/helloworld.c:242:19: note: each undeclared identifier is reported only once for each function it appears in
../src/helloworld.c: In function 'RxSetup':
../src/helloworld.c:367:12: warning: assignment makes pointer from integer without a cast
   BdCurPtr = XAxiDma_BdRingNext(RxRingPtr, BdCurPtr);
            ^
../src/helloworld.c: In function 'SendPacket':
../src/helloworld.c:539:11: warning: assignment makes pointer from integer without a cast
  BdCurPtr = XAxiDma_BdRingNext(TxRingPtr, BdCurPtr);
           ^
../src/helloworld.c:483:15: warning: unused variable 'str' [-Wunused-variable]
  char         str[30];
               ^
../src/helloworld.c: In function 'Setdata':
../src/helloworld.c:683:3: warning: format '%x' expects argument of type 'unsigned int', but argument 2 has type 'struct FILE *' [-Wformat=]
   printf("F : %x\n", fi);
   ^
../src/helloworld.c:683:3: warning: format '%x' expects argument of type 'unsigned int', but argument 2 has type 'struct FILE *' [-Wformat=]
../src/helloworld.c:684:16: warning: pointer targets in initialization differ in signedness [-Wpointer-sign]
   char *data = (unsigned char*)malloc( x*y*n * sizeof(unsigned char));
                ^
../src/helloworld.c: At top level:
../src/helloworld.c:678:13: warning: 'Setdata' defined but not used [-Wunused-function]
 static void Setdata(void){
             ^
make: *** [src/helloworld.o] Error 1
03:07:28 **** Auto Build of configuration Debug for project pry_sdk ****
make all 
'Building file: ../src/helloworld.c'
'Invoking: ARM gcc compiler'
arm-xilinx-eabi-gcc -Wall -O0 -g3 -c -fmessage-length=0 -MT"src/helloworld.o" -I../../pry_sdk_bsp/ps7_cortexa9_0/include -MMD -MP -MF"src/helloworld.d" -MT"src/helloworld.d" -o "src/helloworld.o" "../src/helloworld.c"
../src/helloworld.c: In function 'RxSetup':
../src/helloworld.c:367:12: warning: assignment makes pointer from integer without a cast
   BdCurPtr = XAxiDma_BdRingNext(RxRingPtr, BdCurPtr);
            ^
../src/helloworld.c: In function 'SendPacket':
../src/helloworld.c:539:11: warning: assignment makes pointer from integer without a cast
  BdCurPtr = XAxiDma_BdRingNext(TxRingPtr, BdCurPtr);
           ^
../src/helloworld.c:483:15: warning: unused variable 'str' [-Wunused-variable]
  char         str[30];
               ^
../src/helloworld.c: In function 'Setdata':
../src/helloworld.c:683:3: warning: format '%x' expects argument of type 'unsigned int', but argument 2 has type 'struct FILE *' [-Wformat=]
   printf("F : %x\n", fi);
   ^
../src/helloworld.c:683:3: warning: format '%x' expects argument of type 'unsigned int', but argument 2 has type 'struct FILE *' [-Wformat=]
../src/helloworld.c:684:16: warning: pointer targets in initialization differ in signedness [-Wpointer-sign]
   char *data = (unsigned char*)malloc( x*y*n * sizeof(unsigned char));
                ^
../src/helloworld.c: At top level:
../src/helloworld.c:678:13: warning: 'Setdata' defined but not used [-Wunused-function]
 static void Setdata(void){
             ^
../src/helloworld.c: In function 'main':
../src/helloworld.c:242:2: warning: 'gpio_inst' may be used uninitialized in this function [-Wmaybe-uninitialized]
  XGpio_Initialize(gpio_inst, 0);
  ^
'Finished building: ../src/helloworld.c'
' '
'Building target: pry_sdk.elf'
'Invoking: ARM gcc linker'
arm-xilinx-eabi-gcc -Wl,-T -Wl,../src/lscript.ld -L../../pry_sdk_bsp/ps7_cortexa9_0/lib -o "pry_sdk.elf"  ./src/cplx_data.o ./src/helloworld.o ./src/platform.o   -Wl,--start-group,-lxil,-lgcc,-lc,--end-group
'Finished building target: pry_sdk.elf'
' '
'Invoking: ARM Print Size'
arm-xilinx-eabi-size pry_sdk.elf  |tee "pry_sdk.elf.size"
   text	   data	    bss	    dec	    hex	filename
  90220	  35176	  24380	 149776	  24910	pry_sdk.elf
'Finished building: pry_sdk.elf.size'
' '
03:09:17 **** Auto Build of configuration Debug for project pry_sdk ****
make all 
'Building file: ../src/helloworld.c'
'Invoking: ARM gcc compiler'
arm-xilinx-eabi-gcc -Wall -O0 -g3 -c -fmessage-length=0 -MT"src/helloworld.o" -I../../pry_sdk_bsp/ps7_cortexa9_0/include -MMD -MP -MF"src/helloworld.d" -MT"src/helloworld.d" -o "src/helloworld.o" "../src/helloworld.c"
../src/helloworld.c: In function 'RxSetup':
../src/helloworld.c:367:12: warning: assignment makes pointer from integer without a cast
   BdCurPtr = XAxiDma_BdRingNext(RxRingPtr, BdCurPtr);
            ^
../src/helloworld.c: In function 'SendPacket':
../src/helloworld.c:539:11: warning: assignment makes pointer from integer without a cast
  BdCurPtr = XAxiDma_BdRingNext(TxRingPtr, BdCurPtr);
           ^
../src/helloworld.c:483:15: warning: unused variable 'str' [-Wunused-variable]
  char         str[30];
               ^
../src/helloworld.c: In function 'Setdata':
../src/helloworld.c:683:3: warning: format '%x' expects argument of type 'unsigned int', but argument 2 has type 'struct FILE *' [-Wformat=]
   printf("F : %x\n", fi);
   ^
../src/helloworld.c:683:3: warning: format '%x' expects argument of type 'unsigned int', but argument 2 has type 'struct FILE *' [-Wformat=]
../src/helloworld.c:684:16: warning: pointer targets in initialization differ in signedness [-Wpointer-sign]
   char *data = (unsigned char*)malloc( x*y*n * sizeof(unsigned char));
                ^
../src/helloworld.c: At top level:
../src/helloworld.c:678:13: warning: 'Setdata' defined but not used [-Wunused-function]
 static void Setdata(void){
             ^
'Finished building: ../src/helloworld.c'
' '
'Building target: pry_sdk.elf'
'Invoking: ARM gcc linker'
arm-xilinx-eabi-gcc -Wl,-T -Wl,../src/lscript.ld -L../../pry_sdk_bsp/ps7_cortexa9_0/lib -o "pry_sdk.elf"  ./src/cplx_data.o ./src/helloworld.o ./src/platform.o   -Wl,--start-group,-lxil,-lgcc,-lc,--end-group
'Finished building target: pry_sdk.elf'
' '
'Invoking: ARM Print Size'
arm-xilinx-eabi-size pry_sdk.elf  |tee "pry_sdk.elf.size"
   text	   data	    bss	    dec	    hex	filename
  90220	  35176	  24396	 149792	  24920	pry_sdk.elf
'Finished building: pry_sdk.elf.size'
' '
03:09:21 **** Auto Build of configuration Debug for project pry_sdk ****
make all 
'Building file: ../src/helloworld.c'
'Invoking: ARM gcc compiler'
arm-xilinx-eabi-gcc -Wall -O0 -g3 -c -fmessage-length=0 -MT"src/helloworld.o" -I../../pry_sdk_bsp/ps7_cortexa9_0/include -MMD -MP -MF"src/helloworld.d" -MT"src/helloworld.d" -o "src/helloworld.o" "../src/helloworld.c"
../src/helloworld.c: In function 'main':
../src/helloworld.c:242:2: error: incompatible type for argument 1 of 'XGpio_Initialize'
  XGpio_Initialize(gpio_inst, 0);
  ^
In file included from ../src/helloworld.c:96:0:
../../pry_sdk_bsp/ps7_cortexa9_0/include/xgpio.h:157:5: note: expected 'struct XGpio *' but argument is of type 'XGpio'
 int XGpio_Initialize(XGpio *InstancePtr, u16 DeviceId);
     ^
../src/helloworld.c:244:2: error: incompatible type for argument 1 of 'XGpio_DiscreteWrite'
  XGpio_DiscreteWrite(gpio_inst, 1, reg);
  ^
In file included from ../src/helloworld.c:96:0:
../../pry_sdk_bsp/ps7_cortexa9_0/include/xgpio.h:169:6: note: expected 'struct XGpio *' but argument is of type 'XGpio'
 void XGpio_DiscreteWrite(XGpio *InstancePtr, unsigned Channel, u32 Mask);
      ^
../src/helloworld.c: In function 'RxSetup':
../src/helloworld.c:367:12: warning: assignment makes pointer from integer without a cast
   BdCurPtr = XAxiDma_BdRingNext(RxRingPtr, BdCurPtr);
            ^
../src/helloworld.c: In function 'SendPacket':
../src/helloworld.c:539:11: warning: assignment makes pointer from integer without a cast
  BdCurPtr = XAxiDma_BdRingNext(TxRingPtr, BdCurPtr);
           ^
../src/helloworld.c:483:15: warning: unused variable 'str' [-Wunused-variable]
  char         str[30];
               ^
../src/helloworld.c: In function 'Setdata':
../src/helloworld.c:683:3: warning: format '%x' expects argument of type 'unsigned int', but argument 2 has type 'struct FILE *' [-Wformat=]
   printf("F : %x\n", fi);
   ^
../src/helloworld.c:683:3: warning: format '%x' expects argument of type 'unsigned int', but argument 2 has type 'struct FILE *' [-Wformat=]
../src/helloworld.c:684:16: warning: pointer targets in initialization differ in signedness [-Wpointer-sign]
   char *data = (unsigned char*)malloc( x*y*n * sizeof(unsigned char));
                ^
../src/helloworld.c: At top level:
../src/helloworld.c:678:13: warning: 'Setdata' defined but not used [-Wunused-function]
 static void Setdata(void){
             ^
make: *** [src/helloworld.o] Error 1
03:09:27 **** Auto Build of configuration Debug for project pry_sdk ****
make all 
'Building file: ../src/helloworld.c'
'Invoking: ARM gcc compiler'
arm-xilinx-eabi-gcc -Wall -O0 -g3 -c -fmessage-length=0 -MT"src/helloworld.o" -I../../pry_sdk_bsp/ps7_cortexa9_0/include -MMD -MP -MF"src/helloworld.d" -MT"src/helloworld.d" -o "src/helloworld.o" "../src/helloworld.c"
../src/helloworld.c: In function 'RxSetup':
../src/helloworld.c:367:12: warning: assignment makes pointer from integer without a cast
   BdCurPtr = XAxiDma_BdRingNext(RxRingPtr, BdCurPtr);
            ^
../src/helloworld.c: In function 'SendPacket':
../src/helloworld.c:539:11: warning: assignment makes pointer from integer without a cast
[...]
arm-xilinx-eabi-gcc -Wall -O0 -g3 -c -fmessage-length=0 -MT"src/helloworld.o" -I../../pry_sdk_bsp/ps7_cortexa9_0/include -MMD -MP -MF"src/helloworld.d" -MT"src/helloworld.d" -o "src/helloworld.o" "../src/helloworld.c"
../src/helloworld.c:96:19: fatal error: xgpio.h: No such file or directory
 #include "xgpio.h"
                   ^
compilation terminated.
make: *** [src/helloworld.o] Error 1
17:57:07 **** Auto Build of configuration Debug for project pry_sdk ****
make all 
'Building file: ../src/helloworld.c'
'Invoking: ARM gcc compiler'
arm-xilinx-eabi-gcc -Wall -O0 -g3 -c -fmessage-length=0 -MT"src/helloworld.o" -I../../pry_sdk_bsp/ps7_cortexa9_0/include -MMD -MP -MF"src/helloworld.d" -MT"src/helloworld.d" -o "src/helloworld.o" "../src/helloworld.c"
../src/helloworld.c:96:19: fatal error: xgpio.h: No such file or directory
 #include "xgpio.h"
                   ^
compilation terminated.
make: *** [src/helloworld.o] Error 1
17:57:21 **** Clean-only build of configuration Debug for project pry_sdk ****
make clean 
rm -rf  ./src/cplx_data.o ./src/hello.o ./src/helloworld.o ./src/platform.o  ./src/cplx_data.d ./src/hello.d ./src/helloworld.d ./src/platform.d  pry_sdk.elf.size  pry_sdk.elf
' '
17:57:22 **** Auto Build of configuration Debug for project pry_sdk ****
make all 
'Building file: ../src/cplx_data.c'
'Invoking: ARM gcc compiler'
arm-xilinx-eabi-gcc -Wall -O0 -g3 -c -fmessage-length=0 -MT"src/cplx_data.o" -I../../pry_sdk_bsp/ps7_cortexa9_0/include -MMD -MP -MF"src/cplx_data.d" -MT"src/cplx_data.d" -o "src/cplx_data.o" "../src/cplx_data.c"
'Finished building: ../src/cplx_data.c'
' '
'Building file: ../src/hello.c'
'Invoking: ARM gcc compiler'
arm-xilinx-eabi-gcc -Wall -O0 -g3 -c -fmessage-length=0 -MT"src/hello.o" -I../../pry_sdk_bsp/ps7_cortexa9_0/include -MMD -MP -MF"src/hello.d" -MT"src/hello.d" -o "src/hello.o" "../src/hello.c"
../src/hello.c:96:19: fatal error: xgpio.h: No such file or directory
 #include "xgpio.h"
                   ^
compilation terminated.
make: *** [src/hello.o] Error 1
17:57:37 **** Auto Build of configuration Debug for project pry_sdk ****
make all 
'Building file: ../src/hello.c'
'Invoking: ARM gcc compiler'
arm-xilinx-eabi-gcc -Wall -O0 -g3 -c -fmessage-length=0 -MT"src/hello.o" -I../../pry_sdk_bsp/ps7_cortexa9_0/include -MMD -MP -MF"src/hello.d" -MT"src/hello.d" -o "src/hello.o" "../src/hello.c"
../src/hello.c:148:1: error: unknown type name 'XGpio'
 XGpio *gpio_inst;
 ^
../src/hello.c: In function 'RxSetup':
../src/hello.c:378:12: warning: assignment makes pointer from integer without a cast
   BdCurPtr = XAxiDma_BdRingNext(RxRingPtr, BdCurPtr);
            ^
../src/hello.c: In function 'SendPacket':
../src/hello.c:552:11: warning: assignment makes pointer from integer without a cast
  BdCurPtr = XAxiDma_BdRingNext(TxRingPtr, BdCurPtr);
           ^
../src/hello.c:494:15: warning: unused variable 'str' [-Wunused-variable]
  char         str[30];
               ^
../src/hello.c: In function 'Setdata':
../src/hello.c:698:3: warning: format '%x' expects argument of type 'unsigned int', but argument 2 has type 'struct FILE *' [-Wformat=]
   printf("F : %x\n", fi);
   ^
../src/hello.c:698:3: warning: format '%x' expects argument of type 'unsigned int', but argument 2 has type 'struct FILE *' [-Wformat=]
../src/hello.c:699:16: warning: pointer targets in initialization differ in signedness [-Wpointer-sign]
   char *data = (unsigned char*)malloc( x*y*n * sizeof(unsigned char));
                ^
../src/hello.c: At top level:
../src/hello.c:693:13: warning: 'Setdata' defined but not used [-Wunused-function]
 static void Setdata(void){
             ^
make: *** [src/hello.o] Error 1
17:57:46 **** Auto Build of configuration Debug for project pry_sdk ****
make all 
'Building file: ../src/hello.c'
'Invoking: ARM gcc compiler'
arm-xilinx-eabi-gcc -Wall -O0 -g3 -c -fmessage-length=0 -MT"src/hello.o" -I../../pry_sdk_bsp/ps7_cortexa9_0/include -MMD -MP -MF"src/hello.d" -MT"src/hello.d" -o "src/hello.o" "../src/hello.c"
../src/hello.c: In function 'RxSetup':
../src/hello.c:378:12: warning: assignment makes pointer from integer without a cast
   BdCurPtr = XAxiDma_BdRingNext(RxRingPtr, BdCurPtr);
            ^
../src/hello.c: In function 'SendPacket':
../src/hello.c:552:11: warning: assignment makes pointer from integer without a cast
  BdCurPtr = XAxiDma_BdRingNext(TxRingPtr, BdCurPtr);
           ^
../src/hello.c:494:15: warning: unused variable 'str' [-Wunused-variable]
  char         str[30];
               ^
../src/hello.c: In function 'Setdata':
../src/hello.c:698:3: warning: format '%x' expects argument of type 'unsigned int', but argument 2 has type 'struct FILE *' [-Wformat=]
   printf("F : %x\n", fi);
   ^
../src/hello.c:698:3: warning: format '%x' expects argument of type 'unsigned int', but argument 2 has type 'struct FILE *' [-Wformat=]
../src/hello.c:699:16: warning: pointer targets in initialization differ in signedness [-Wpointer-sign]
   char *data = (unsigned char*)malloc( x*y*n * sizeof(unsigned char));
                ^
../src/hello.c: At top level:
../src/hello.c:693:13: warning: 'Setdata' defined but not used [-Wunused-function]
 static void Setdata(void){
             ^
'Finished building: ../src/hello.c'
' '
'Building file: ../src/platform.c'
'Invoking: ARM gcc compiler'
arm-xilinx-eabi-gcc -Wall -O0 -g3 -c -fmessage-length=0 -MT"src/platform.o" -I../../pry_sdk_bsp/ps7_cortexa9_0/include -MMD -MP -MF"src/platform.d" -MT"src/platform.d" -o "src/platform.o" "../src/platform.c"
'Finished building: ../src/platform.c'
' '
'Building target: pry_sdk.elf'
'Invoking: ARM gcc linker'
arm-xilinx-eabi-gcc -Wl,-T -Wl,../src/lscript.ld -L../../pry_sdk_bsp/ps7_cortexa9_0/lib -o "pry_sdk.elf"  ./src/cplx_data.o ./src/hello.o ./src/platform.o   -Wl,--start-group,-lxil,-lgcc,-lc,--end-group
'Finished building target: pry_sdk.elf'
' '
'Invoking: ARM Print Size'
arm-xilinx-eabi-size pry_sdk.elf  |tee "pry_sdk.elf.size"
   text	   data	    bss	    dec	    hex	filename
  89116	  35160	  24380	 148656	  244b0	pry_sdk.elf
'Finished building: pry_sdk.elf.size'
' '
17:58:10 **** Incremental Build of configuration Debug for project pry_sdk ****
make all 
make: Nothing to be done for `all'.
18:00:21 **** Incremental Build of configuration Debug for project pry_sdk ****
make all 
make: Nothing to be done for `all'.
18:01:20 **** Auto Build of configuration Debug for project pry_sdk ****
make all 
'Building file: ../src/hello.c'
'Invoking: ARM gcc compiler'
arm-xilinx-eabi-gcc -Wall -O0 -g3 -c -fmessage-length=0 -MT"src/hello.o" -I../../pry_sdk_bsp/ps7_cortexa9_0/include -MMD -MP -MF"src/hello.d" -MT"src/hello.d" -o "src/hello.o" "../src/hello.c"
../src/hello.c: In function 'RxSetup':
../src/hello.c:378:12: warning: assignment makes pointer from integer without a cast
   BdCurPtr = XAxiDma_BdRingNext(RxRingPtr, BdCurPtr);
            ^
../src/hello.c: In function 'SendPacket':
../src/hello.c:552:11: warning: assignment makes pointer from integer without a cast
  BdCurPtr = XAxiDma_BdRingNext(TxRingPtr, BdCurPtr);
           ^
../src/hello.c:494:15: warning: unused variable 'str' [-Wunused-variable]
  char         str[30];
               ^
../src/hello.c: In function 'Setdata':
../src/hello.c:698:3: warning: format '%x' expects argument of type 'unsigned int', but argument 2 has type 'struct FILE *' [-Wformat=]
   printf("F : %x\n", fi);
   ^
../src/hello.c:698:3: warning: format '%x' expects argument of type 'unsigned int', but argument 2 has type 'struct FILE *' [-Wformat=]
../src/hello.c:699:16: warning: pointer targets in initialization differ in signedness [-Wpointer-sign]
   char *data = (unsigned char*)malloc( x*y*n * sizeof(unsigned char));
                ^
../src/hello.c: At top level:
../src/hello.c:693:13: warning: 'Setdata' defined but not used [-Wunused-function]
 static void Setdata(void){
             ^
'Finished building: ../src/hello.c'
' '
'Building target: pry_sdk.elf'
'Invoking: ARM gcc linker'
arm-xilinx-eabi-gcc -Wl,-T -Wl,../src/lscript.ld -L../../pry_sdk_bsp/ps7_cortexa9_0/lib -o "pry_sdk.elf"  ./src/cplx_data.o ./src/hello.o ./src/platform.o   -Wl,--start-group,-lxil,-lgcc,-lc,--end-group
'Finished building target: pry_sdk.elf'
' '
'Invoking: ARM Print Size'
arm-xilinx-eabi-size pry_sdk.elf  |tee "pry_sdk.elf.size"
   text	   data	    bss	    dec	    hex	filename
  89212	  35160	  24380	 148752	  24510	pry_sdk.elf
'Finished building: pry_sdk.elf.size'
' '
18:01:24 **** Incremental Build of configuration Debug for project pry_sdk ****
make all 
make: Nothing to be done for `all'.
19:03:35 **** Incremental Build of configuration Debug for project pry_sdk ****
make all 
make: Nothing to be done for `all'.
19:04:28 **** Incremental Build of configuration Debug for project pry_sdk ****
make all 
make: Nothing to be done for `all'.
19:04:35 **** Auto Build of configuration Debug for project pry_sdk ****
make all 
'Building file: ../src/hello.c'
'Invoking: ARM gcc compiler'
arm-xilinx-eabi-gcc -Wall -O0 -g3 -c -fmessage-length=0 -MT"src/hello.o" -I../../pry_sdk_bsp/ps7_cortexa9_0/include -MMD -MP -MF"src/hello.d" -MT"src/hello.d" -o "src/hello.o" "../src/hello.c"
../src/hello.c: In function 'RxSetup':
../src/hello.c:378:12: warning: assignment makes pointer from integer without a cast
   BdCurPtr = XAxiDma_BdRingNext(RxRingPtr, BdCurPtr);
            ^
../src/hello.c: In function 'SendPacket':
../src/hello.c:552:11: warning: assignment makes pointer from integer without a cast
  BdCurPtr = XAxiDma_BdRingNext(TxRingPtr, BdCurPtr);
           ^
../src/hello.c:494:15: warning: unused variable 'str' [-Wunused-variable]
  char         str[30];
               ^
../src/hello.c: In function 'Setdata':
../src/hello.c:698:3: warning: format '%x' expects argument of type 'unsigned int', but argument 2 has type 'struct FILE *' [-Wformat=]
   printf("F : %x\n", fi);
   ^
../src/hello.c:698:3: warning: format '%x' expects argument of type 'unsigned int', but argument 2 has type 'struct FILE *' [-Wformat=]
../src/hello.c:699:16: warning: pointer targets in initialization differ in signedness [-Wpointer-sign]
   char *data = (unsigned char*)malloc( x*y*n * sizeof(unsigned char));
                ^
../src/hello.c: At top level:
../src/hello.c:693:13: warning: 'Setdata' defined but not used [-Wunused-function]
 static void Setdata(void){
             ^
'Finished building: ../src/hello.c'
' '
'Building target: pry_sdk.elf'
'Invoking: ARM gcc linker'
arm-xilinx-eabi-gcc -Wl,-T -Wl,../src/lscript.ld -L../../pry_sdk_bsp/ps7_cortexa9_0/lib -o "pry_sdk.elf"  ./src/cplx_data.o ./src/hello.o ./src/platform.o   -Wl,--start-group,-lxil,-lgcc,-lc,--end-group
'Finished building target: pry_sdk.elf'
' '
'Invoking: ARM Print Size'
arm-xilinx-eabi-size pry_sdk.elf  |tee "pry_sdk.elf.size"
   text	   data	    bss	    dec	    hex	filename
  89220	  35160	  24380	 148760	  24518	pry_sdk.elf
'Finished building: pry_sdk.elf.size'
' '
19:04:37 **** Incremental Build of configuration Debug for project pry_sdk ****
make all 
make: Nothing to be done for `all'.
19:05:01 **** Auto Build of configuration Debug for project pry_sdk ****
make all 
'Building file: ../src/hello.c'
'Invoking: ARM gcc compiler'
arm-xilinx-eabi-gcc -Wall -O0 -g3 -c -fmessage-length=0 -MT"src/hello.o" -I../../pry_sdk_bsp/ps7_cortexa9_0/include -MMD -MP -MF"src/hello.d" -MT"src/hello.d" -o "src/hello.o" "../src/hello.c"
../src/hello.c: In function 'RxSetup':
../src/hello.c:378:12: warning: assignment makes pointer from integer without a cast
   BdCurPtr = XAxiDma_BdRingNext(RxRingPtr, BdCurPtr);
            ^
../src/hello.c: In function 'SendPacket':
../src/hello.c:552:11: warning: assignment makes pointer from integer without a cast
  BdCurPtr = XAxiDma_BdRingNext(TxRingPtr, BdCurPtr);
           ^
../src/hello.c:494:15: warning: unused variable 'str' [-Wunused-variable]
  char         str[30];
               ^
../src/hello.c: In function 'Setdata':
../src/hello.c:698:3: warning: format '%x' expects argument of type 'unsigned int', but argument 2 has type 'struct FILE *' [-Wformat=]
   printf("F : %x\n", fi);
   ^
../src/hello.c:698:3: warning: format '%x' expects argument of type 'unsigned int', but argument 2 has type 'struct FILE *' [-Wformat=]
../src/hello.c:699:16: warning: pointer targets in initialization differ in signedness [-Wpointer-sign]
   char *data = (unsigned char*)malloc( x*y*n * sizeof(unsigned char));
                ^
../src/hello.c: At top level:
../src/hello.c:693:13: warning: 'Setdata' defined but not used [-Wunused-function]
 static void Setdata(void){
             ^
'Finished building: ../src/hello.c'
' '
'Building target: pry_sdk.elf'
'Invoking: ARM gcc linker'
arm-xilinx-eabi-gcc -Wl,-T -Wl,../src/lscript.ld -L../../pry_sdk_bsp/ps7_cortexa9_0/lib -o "pry_sdk.elf"  ./src/cplx_data.o ./src/hello.o ./src/platform.o   -Wl,--start-group,-lxil,-lgcc,-lc,--end-group
'Finished building target: pry_sdk.elf'
' '
'Invoking: ARM Print Size'
arm-xilinx-eabi-size pry_sdk.elf  |tee "pry_sdk.elf.size"
   text	   data	    bss	    dec	    hex	filename
  89124	  35160	  24380	 148664	  244b8	pry_sdk.elf
'Finished building: pry_sdk.elf.size'
' '
19:05:03 **** Incremental Build of configuration Debug for project pry_sdk ****
make all 
make: Nothing to be done for `all'.
19:05:11 **** Auto Build of configuration Debug for project pry_sdk ****
make all 
'Building file: ../src/hello.c'
'Invoking: ARM gcc compiler'
arm-xilinx-eabi-gcc -Wall -O0 -g3 -c -fmessage-length=0 -MT"src/hello.o" -I../../pry_sdk_bsp/ps7_cortexa9_0/include -MMD -MP -MF"src/hello.d" -MT"src/hello.d" -o "src/hello.o" "../src/hello.c"
../src/hello.c: In function 'RxSetup':
../src/hello.c:378:12: warning: assignment makes pointer from integer without a cast
   BdCurPtr = XAxiDma_BdRingNext(RxRingPtr, BdCurPtr);
            ^
../src/hello.c: In function 'SendPacket':
../src/hello.c:552:11: warning: assignment makes pointer from integer without a cast
  BdCurPtr = XAxiDma_BdRingNext(TxRingPtr, BdCurPtr);
           ^
../src/hello.c:494:15: warning: unused variable 'str' [-Wunused-variable]
  char         str[30];
               ^
../src/hello.c: In function 'Setdata':
../src/hello.c:698:3: warning: format '%x' expects argument of type 'unsigned int', but argument 2 has type 'struct FILE *' [-Wformat=]
   printf("F : %x\n", fi);
   ^
../src/hello.c:698:3: warning: format '%x' expects argument of type 'unsigned int', but argument 2 has type 'struct FILE *' [-Wformat=]
../src/hello.c:699:16: warning: pointer targets in initialization differ in signedness [-Wpointer-sign]
   char *data = (unsigned char*)malloc( x*y*n * sizeof(unsigned char));
                ^
../src/hello.c: At top level:
../src/hello.c:693:13: warning: 'Setdata' defined but not used [-Wunused-function]
 static void Setdata(void){
             ^
'Finished building: ../src/hello.c'
' '
'Building target: pry_sdk.elf'
'Invoking: ARM gcc linker'
arm-xilinx-eabi-gcc -Wl,-T -Wl,../src/lscript.ld -L../../pry_sdk_bsp/ps7_cortexa9_0/lib -o "pry_sdk.elf"  ./src/cplx_data.o ./src/hello.o ./src/platform.o   -Wl,--start-group,-lxil,-lgcc,-lc,--end-group
'Finished building target: pry_sdk.elf'
' '
'Invoking: ARM Print Size'
arm-xilinx-eabi-size pry_sdk.elf  |tee "pry_sdk.elf.size"
   text	   data	    bss	    dec	    hex	filename
  89028	  35160	  24380	 148568	  24458	pry_sdk.elf
'Finished building: pry_sdk.elf.size'
' '
19:05:18 **** Incremental Build of configuration Debug for project pry_sdk ****
make all 
make: Nothing to be done for `all'.
19:06:16 **** Auto Build of configuration Debug for project pry_sdk ****
make all 
'Building file: ../src/hello.c'
'Invoking: ARM gcc compiler'
arm-xilinx-eabi-gcc -Wall -O0 -g3 -c -fmessage-length=0 -MT"src/hello.o" -I../../pry_sdk_bsp/ps7_cortexa9_0/include -MMD -MP -MF"src/hello.d" -MT"src/hello.d" -o "src/hello.o" "../src/hello.c"
../src/hello.c: In function 'RxSetup':
../src/hello.c:378:12: warning: assignment makes pointer from integer without a cast
   BdCurPtr = XAxiDma_BdRingNext(RxRingPtr, BdCurPtr);
            ^
../src/hello.c: In function 'SendPacket':
../src/hello.c:552:11: warning: assignment makes pointer from integer without a cast
  BdCurPtr = XAxiDma_BdRingNext(TxRingPtr, BdCurPtr);
           ^
../src/hello.c:494:15: warning: unused variable 'str' [-Wunused-variable]
  char         str[30];
               ^
../src/hello.c: In function 'Setdata':
../src/hello.c:698:3: warning: format '%x' expects argument of type 'unsigned int', but argument 2 has type 'struct FILE *' [-Wformat=]
   printf("F : %x\n", fi);
   ^
../src/hello.c:698:3: warning: format '%x' expects argument of type 'unsigned int', but argument 2 has type 'struct FILE *' [-Wformat=]
../src/hello.c:699:16: warning: pointer targets in initialization differ in signedness [-Wpointer-sign]
   char *data = (unsigned char*)malloc( x*y*n * sizeof(unsigned char));
                ^
../src/hello.c: At top level:
../src/hello.c:693:13: warning: 'Setdata' defined but not used [-Wunused-function]
 static void Setdata(void){
             ^
'Finished building: ../src/hello.c'
' '
'Building target: pry_sdk.elf'
'Invoking: ARM gcc linker'
arm-xilinx-eabi-gcc -Wl,-T -Wl,../src/lscript.ld -L../../pry_sdk_bsp/ps7_cortexa9_0/lib -o "pry_sdk.elf"  ./src/cplx_data.o ./src/hello.o ./src/platform.o   -Wl,--start-group,-lxil,-lgcc,-lc,--end-group
'Finished building target: pry_sdk.elf'
' '
'Invoking: ARM Print Size'
arm-xilinx-eabi-size pry_sdk.elf  |tee "pry_sdk.elf.size"
   text	   data	    bss	    dec	    hex	filename
  89108	  35160	  24380	 148648	  244a8	pry_sdk.elf
'Finished building: pry_sdk.elf.size'
' '
19:06:19 **** Incremental Build of configuration Debug for project pry_sdk ****
make all 
make: Nothing to be done for `all'.
19:06:29 **** Auto Build of configuration Debug for project pry_sdk ****
make all 
'Building file: ../src/hello.c'
'Invoking: ARM gcc compiler'
arm-xilinx-eabi-gcc -Wall -O0 -g3 -c -fmessage-length=0 -MT"src/hello.o" -I../../pry_sdk_bsp/ps7_cortexa9_0/include -MMD -MP -MF"src/hello.d" -MT"src/hello.d" -o "src/hello.o" "../src/hello.c"
../src/hello.c: In function 'RxSetup':
../src/hello.c:378:12: warning: assignment makes pointer from integer without a cast
   BdCurPtr = XAxiDma_BdRingNext(RxRingPtr, BdCurPtr);
            ^
../src/hello.c: In function 'SendPacket':
../src/hello.c:552:11: warning: assignment makes pointer from integer without a cast
  BdCurPtr = XAxiDma_BdRingNext(TxRingPtr, BdCurPtr);
           ^
../src/hello.c:494:15: warning: unused variable 'str' [-Wunused-variable]
  char         str[30];
               ^
../src/hello.c: In function 'Setdata':
../src/hello.c:698:3: warning: format '%x' expects argument of type 'unsigned int', but argument 2 has type 'struct FILE *' [-Wformat=]
   printf("F : %x\n", fi);
   ^
../src/hello.c:698:3: warning: format '%x' expects argument of type 'unsigned int', but argument 2 has type 'struct FILE *' [-Wformat=]
../src/hello.c:699:16: warning: pointer targets in initialization differ in signedness [-Wpointer-sign]
   char *data = (unsigned char*)malloc( x*y*n * sizeof(unsigned char));
                ^
../src/hello.c: At top level:
../src/hello.c:693:13: warning: 'Setdata' defined but not used [-Wunused-function]
 static void Setdata(void){
             ^
'Finished building: ../src/hello.c'
' '
'Building target: pry_sdk.elf'
'Invoking: ARM gcc linker'
arm-xilinx-eabi-gcc -Wl,-T -Wl,../src/lscript.ld -L../../pry_sdk_bsp/ps7_cortexa9_0/lib -o "pry_sdk.elf"  ./src/cplx_data.o ./src/hello.o ./src/platform.o   -Wl,--start-group,-lxil,-lgcc,-lc,--end-group
'Finished building target: pry_sdk.elf'
' '
'Invoking: ARM Print Size'
arm-xilinx-eabi-size pry_sdk.elf  |tee "pry_sdk.elf.size"
   text	   data	    bss	    dec	    hex	filename
  89108	  35160	  24380	 148648	  244a8	pry_sdk.elf
'Finished building: pry_sdk.elf.size'
' '
19:06:32 **** Incremental Build of configuration Debug for project pry_sdk ****
make all 
make: Nothing to be done for `all'.
